10-09 10:21:31.142936  1375  1400 I input_focus: [Focus request b46082a com.transsion.XOSLauncher/com.android.quickstep.src.com.android.launcher3.uioverrides.QuickstepLauncher,reason=UpdateInputWindows]
10-09 10:21:31.171758  1375  1534 I input_focus: [Focus entering b46082a com.transsion.XOSLauncher/com.android.quickstep.src.com.android.launcher3.uioverrides.QuickstepLauncher (server),reason=setFocusedWindow]
10-09 10:21:31.573153  1375  1534 I input_interaction: Interaction with: b46082a com.transsion.XOSLauncher/com.android.quickstep.src.com.android.launcher3.uioverrides.QuickstepLauncher (server), [Gesture Monitor] tran_gesture_service_damon (server), [Gesture Monitor] tran_gesture_service (server), d51d99d com.android.systemui.ImageWallpaper (server), PointerEventDispatcher0 (server), 
10-09 10:21:31.704000  1375  1375 I auditd  : type=1400 audit(0.0:1343): avc: denied { read } for comm="binder:1375_5" name="u:object_r:vendor_default_prop:s0" dev="tmpfs" ino=9871 scontext=u:r:system_server:s0 tcontext=u:object_r:vendor_default_prop:s0 tclass=file permissive=0
10-09 10:21:31.714930  1375  1400 I input_focus: [Focus request cb2ae3c com.transsion.XOSLauncher/com.android.quickstep.src.com.android.launcher3.uioverrides.QuickstepLauncher,reason=UpdateInputWindows]
10-09 10:21:31.746189  1375  1534 I input_focus: [Focus leaving b46082a com.transsion.XOSLauncher/com.android.quickstep.src.com.android.launcher3.uioverrides.QuickstepLauncher (server),reason=Waiting for window because NOT_VISIBLE]
10-09 10:21:31.759151  1375  1534 I input_focus: [Focus entering cb2ae3c com.transsion.XOSLauncher/com.android.quickstep.src.com.android.launcher3.uioverrides.QuickstepLauncher (server),reason=Window became focusable. Previous reason: NOT_VISIBLE]
10-09 10:21:32.325985  1375  1534 I input_interaction: Interaction with: cb2ae3c com.transsion.XOSLauncher/com.android.quickstep.src.com.android.launcher3.uioverrides.QuickstepLauncher (server), [Gesture Monitor] tran_gesture_service_damon (server), [Gesture Monitor] tran_gesture_service (server), PointerEventDispatcher0 (server), 
10-09 10:21:36.134608  1375  1400 I input_focus: [Focus request b46082a com.transsion.XOSLauncher/com.android.quickstep.src.com.android.launcher3.uioverrides.QuickstepLauncher,reason=UpdateInputWindows]
10-09 10:21:36.165352  1375  1534 I input_focus: [Focus entering b46082a com.transsion.XOSLauncher/com.android.quickstep.src.com.android.launcher3.uioverrides.QuickstepLauncher (server),reason=setFocusedWindow]
10-09 10:21:36.609040  1375  1534 I input_interaction: Interaction with: b46082a com.transsion.XOSLauncher/com.android.quickstep.src.com.android.launcher3.uioverrides.QuickstepLauncher (server), [Gesture Monitor] tran_gesture_service_damon (server), [Gesture Monitor] tran_gesture_service (server), d51d99d com.android.systemui.ImageWallpaper (server), PointerEventDispatcher0 (server), 
10-09 10:21:36.724000  1375  1375 I auditd  : type=1400 audit(0.0:1344): avc: denied { read } for comm="binder:1375_12" name="u:object_r:vendor_default_prop:s0" dev="tmpfs" ino=9871 scontext=u:r:system_server:s0 tcontext=u:object_r:vendor_default_prop:s0 tclass=file permissive=0
10-09 10:21:36.735977  1375  1400 I input_focus: [Focus request 41d48a9 com.transsion.XOSLauncher/com.android.quickstep.src.com.android.launcher3.uioverrides.QuickstepLauncher,reason=UpdateInputWindows]
10-09 10:21:36.757464  1375  1534 I input_focus: [Focus leaving b46082a com.transsion.XOSLauncher/com.android.quickstep.src.com.android.launcher3.uioverrides.QuickstepLauncher (server),reason=Waiting for window because NO_WINDOW]
10-09 10:21:36.794469  1375  1534 I input_focus: [Focus entering 41d48a9 com.transsion.XOSLauncher/com.android.quickstep.src.com.android.launcher3.uioverrides.QuickstepLauncher (server),reason=Window became focusable. Previous reason: NOT_VISIBLE]
10-09 10:21:37.272441  1375  1534 I input_interaction: Interaction with: 41d48a9 com.transsion.XOSLauncher/com.android.quickstep.src.com.android.launcher3.uioverrides.QuickstepLauncher (server), [Gesture Monitor] tran_gesture_service_damon (server), [Gesture Monitor] tran_gesture_service (server), PointerEventDispatcher0 (server), 
10-09 10:21:39.619926  1375  1400 I dvm_lock_sample: [system_server,1,android.anim,33,WindowSurfacePlacer.java,63,void com.android.server.wm.WindowSurfacePlacer$Traverser.run(),ActivityTaskManagerService.java,1212,android.content.res.Configuration com.android.server.wm.ActivityTaskManagerService.getGlobalConfigurationForPid(int),6]
10-09 10:21:39.633392  1375  1400 I input_focus: [Focus request b46082a com.transsion.XOSLauncher/com.android.quickstep.src.com.android.launcher3.uioverrides.QuickstepLauncher,reason=UpdateInputWindows]
10-09 10:21:39.659808  1375  1534 I input_focus: [Focus entering b46082a com.transsion.XOSLauncher/com.android.quickstep.src.com.android.launcher3.uioverrides.QuickstepLauncher (server),reason=setFocusedWindow]
10-09 10:21:40.088741  1375  1534 I input_interaction: Interaction with: b46082a com.transsion.XOSLauncher/com.android.quickstep.src.com.android.launcher3.uioverrides.QuickstepLauncher (server), [Gesture Monitor] tran_gesture_service_damon (server), [Gesture Monitor] tran_gesture_service (server), d51d99d com.android.systemui.ImageWallpaper (server), PointerEventDispatcher0 (server), 
10-09 10:21:40.232000  1375  1375 I auditd  : type=1400 audit(0.0:1345): avc: denied { read } for comm="binder:1375_13" name="u:object_r:vendor_default_prop:s0" dev="tmpfs" ino=9871 scontext=u:r:system_server:s0 tcontext=u:object_r:vendor_default_prop:s0 tclass=file permissive=0
10-09 10:21:40.241549  1375  1400 I input_focus: [Focus request 226c938 com.transsion.XOSLauncher/com.android.quickstep.src.com.android.launcher3.uioverrides.QuickstepLauncher,reason=UpdateInputWindows]
10-09 10:21:40.259603  1375  1534 I input_focus: [Focus leaving b46082a com.transsion.XOSLauncher/com.android.quickstep.src.com.android.launcher3.uioverrides.QuickstepLauncher (server),reason=Waiting for window because NO_WINDOW]
10-09 10:21:40.295520  1375  1534 I input_focus: [Focus entering 226c938 com.transsion.XOSLauncher/com.android.quickstep.src.com.android.launcher3.uioverrides.QuickstepLauncher (server),reason=Window became focusable. Previous reason: NOT_VISIBLE]
10-09 10:21:40.762096  1375  1534 I input_interaction: Interaction with: 226c938 com.transsion.XOSLauncher/com.android.quickstep.src.com.android.launcher3.uioverrides.QuickstepLauncher (server), [Gesture Monitor] tran_gesture_service_damon (server), [Gesture Monitor] tran_gesture_service (server), PointerEventDispatcher0 (server), 
10-09 10:21:43.421597  1375  1400 I input_focus: [Focus request b46082a com.transsion.XOSLauncher/com.android.quickstep.src.com.android.launcher3.uioverrides.QuickstepLauncher,reason=UpdateInputWindows]
10-09 10:21:43.445890  1375  1534 I input_focus: [Focus entering b46082a com.transsion.XOSLauncher/com.android.quickstep.src.com.android.launcher3.uioverrides.QuickstepLauncher (server),reason=setFocusedWindow]
10-09 10:21:44.141383  1375  1534 I input_interaction: Interaction with: b46082a com.transsion.XOSLauncher/com.android.quickstep.src.com.android.launcher3.uioverrides.QuickstepLauncher (server), [Gesture Monitor] tran_gesture_service_damon (server), [Gesture Monitor] tran_gesture_service (server), d51d99d com.android.systemui.ImageWallpaper (server), PointerEventDispatcher0 (server), 
10-09 10:21:44.296000  1375  1375 I auditd  : type=1400 audit(0.0:1346): avc: denied { read } for comm="binder:1375_20" name="u:object_r:vendor_default_prop:s0" dev="tmpfs" ino=9871 scontext=u:r:system_server:s0 tcontext=u:object_r:vendor_default_prop:s0 tclass=file permissive=0
10-09 10:21:44.310912  1375  1400 I input_focus: [Focus request d6e4858 com.transsion.XOSLauncher/com.android.quickstep.src.com.android.launcher3.uioverrides.QuickstepLauncher,reason=UpdateInputWindows]
10-09 10:21:44.323613  1375  1534 I input_focus: [Focus leaving b46082a com.transsion.XOSLauncher/com.android.quickstep.src.com.android.launcher3.uioverrides.QuickstepLauncher (server),reason=Waiting for window because NOT_VISIBLE]
10-09 10:21:44.357985  1375  1534 I input_focus: [Focus entering d6e4858 com.transsion.XOSLauncher/com.android.quickstep.src.com.android.launcher3.uioverrides.QuickstepLauncher (server),reason=Window became focusable. Previous reason: NOT_VISIBLE]
10-09 10:21:44.790109  1375  1534 I input_interaction: Interaction with: d6e4858 com.transsion.XOSLauncher/com.android.quickstep.src.com.android.launcher3.uioverrides.QuickstepLauncher (server), [Gesture Monitor] tran_gesture_service_damon (server), [Gesture Monitor] tran_gesture_service (server), PointerEventDispatcher0 (server), 
10-09 10:21:47.163791  1375  1400 I input_focus: [Focus request b46082a com.transsion.XOSLauncher/com.android.quickstep.src.com.android.launcher3.uioverrides.QuickstepLauncher,reason=UpdateInputWindows]
10-09 10:21:47.190082  1375  1534 I input_focus: [Focus entering b46082a com.transsion.XOSLauncher/com.android.quickstep.src.com.android.launcher3.uioverrides.QuickstepLauncher (server),reason=setFocusedWindow]
10-09 10:21:47.835671  1375  1534 I input_interaction: Interaction with: b46082a com.transsion.XOSLauncher/com.android.quickstep.src.com.android.launcher3.uioverrides.QuickstepLauncher (server), [Gesture Monitor] tran_gesture_service_damon (server), [Gesture Monitor] tran_gesture_service (server), d51d99d com.android.systemui.ImageWallpaper (server), PointerEventDispatcher0 (server), 
10-09 10:21:47.992000  1375  1375 I auditd  : type=1400 audit(0.0:1347): avc: denied { read } for comm="binder:1375_5" name="u:object_r:vendor_default_prop:s0" dev="tmpfs" ino=9871 scontext=u:r:system_server:s0 tcontext=u:object_r:vendor_default_prop:s0 tclass=file permissive=0
10-09 10:21:48.012691  1375  1400 I input_focus: [Focus request 10884f4 com.transsion.XOSLauncher/com.android.quickstep.src.com.android.launcher3.uioverrides.QuickstepLauncher,reason=UpdateInputWindows]
10-09 10:21:48.031058  1375  1534 I input_focus: [Focus leaving b46082a com.transsion.XOSLauncher/com.android.quickstep.src.com.android.launcher3.uioverrides.QuickstepLauncher (server),reason=Waiting for window because NO_WINDOW]
10-09 10:21:48.067337  1375  1534 I input_focus: [Focus entering 10884f4 com.transsion.XOSLauncher/com.android.quickstep.src.com.android.launcher3.uioverrides.QuickstepLauncher (server),reason=Window became focusable. Previous reason: NOT_VISIBLE]
10-09 10:21:48.590053  1375  1534 I input_interaction: Interaction with: 10884f4 com.transsion.XOSLauncher/com.android.quickstep.src.com.android.launcher3.uioverrides.QuickstepLauncher (server), [Gesture Monitor] tran_gesture_service_damon (server), [Gesture Monitor] tran_gesture_service (server), PointerEventDispatcher0 (server), 
10-09 10:21:51.730399  1375  1400 I input_focus: [Focus request b46082a com.transsion.XOSLauncher/com.android.quickstep.src.com.android.launcher3.uioverrides.QuickstepLauncher,reason=UpdateInputWindows]
10-09 10:21:51.754934  1375  1534 I input_focus: [Focus entering b46082a com.transsion.XOSLauncher/com.android.quickstep.src.com.android.launcher3.uioverrides.QuickstepLauncher (server),reason=setFocusedWindow]
10-09 10:21:52.549631  1375  1534 I input_interaction: Interaction with: b46082a com.transsion.XOSLauncher/com.android.quickstep.src.com.android.launcher3.uioverrides.QuickstepLauncher (server), [Gesture Monitor] tran_gesture_service_damon (server), [Gesture Monitor] tran_gesture_service (server), d51d99d com.android.systemui.ImageWallpaper (server), PointerEventDispatcher0 (server), 
10-09 10:21:52.676000  1375  1375 I auditd  : type=1400 audit(0.0:1348): avc: denied { read } for comm="binder:1375_8" name="u:object_r:vendor_default_prop:s0" dev="tmpfs" ino=9871 scontext=u:r:system_server:s0 tcontext=u:object_r:vendor_default_prop:s0 tclass=file permissive=0
10-09 10:21:52.693128  1375  1400 I input_focus: [Focus request 34cc368 com.transsion.XOSLauncher/com.android.quickstep.src.com.android.launcher3.uioverrides.QuickstepLauncher,reason=UpdateInputWindows]
10-09 10:21:52.708125  1375  1534 I input_focus: [Focus leaving b46082a com.transsion.XOSLauncher/com.android.quickstep.src.com.android.launcher3.uioverrides.QuickstepLauncher (server),reason=Waiting for window because NO_WINDOW]
10-09 10:21:52.733829  1375  1399 I dvm_lock_sample: [system_server,1,android.display,13,WindowManagerService.java,5745,void com.android.server.wm.WindowManagerService$H.handleMessage(android.os.Message),ActivityTaskManagerService.java,1212,android.content.res.Configuration com.android.server.wm.ActivityTaskManagerService.getGlobalConfigurationForPid(int),2]
10-09 10:21:52.747690  1375  1534 I input_focus: [Focus entering 34cc368 com.transsion.XOSLauncher/com.android.quickstep.src.com.android.launcher3.uioverrides.QuickstepLauncher (server),reason=Window became focusable. Previous reason: NOT_VISIBLE]
10-09 10:21:52.772884  3924 14010 I dvm_lock_sample: [com.transsion.XOSLauncher,0,pool-2-thread-9,10,ProGuard,-1,android.graphics.Bitmap com.transsion.uiengine.theme.plugin.NormalXTheme.getThirdAppIcon(android.graphics.Bitmap, android.content.ComponentName, boolean, android.os.UserHandle),-,73,android.graphics.Bitmap com.transsion.uiengine.theme.plugin.NormalXTheme.getThirdAppIcon(android.graphics.Bitmap, android.content.ComponentName, boolean, android.os.UserHandle),2]
10-09 10:21:53.188557  1375  1534 I input_interaction: Interaction with: 34cc368 com.transsion.XOSLauncher/com.android.quickstep.src.com.android.launcher3.uioverrides.QuickstepLauncher (server), [Gesture Monitor] tran_gesture_service_damon (server), [Gesture Monitor] tran_gesture_service (server), PointerEventDispatcher0 (server), 
10-09 10:21:56.171728  1375  1400 I input_focus: [Focus request b46082a com.transsion.XOSLauncher/com.android.quickstep.src.com.android.launcher3.uioverrides.QuickstepLauncher,reason=UpdateInputWindows]
10-09 10:21:56.200441  1375  1534 I input_focus: [Focus entering b46082a com.transsion.XOSLauncher/com.android.quickstep.src.com.android.launcher3.uioverrides.QuickstepLauncher (server),reason=setFocusedWindow]
10-09 10:21:56.911344  1375  1534 I input_interaction: Interaction with: b46082a com.transsion.XOSLauncher/com.android.quickstep.src.com.android.launcher3.uioverrides.QuickstepLauncher (server), [Gesture Monitor] tran_gesture_service_damon (server), [Gesture Monitor] tran_gesture_service (server), d51d99d com.android.systemui.ImageWallpaper (server), PointerEventDispatcher0 (server), 
10-09 10:21:57.056000  1375  1375 I auditd  : type=1400 audit(0.0:1349): avc: denied { read } for comm="binder:1375_5" name="u:object_r:vendor_default_prop:s0" dev="tmpfs" ino=9871 scontext=u:r:system_server:s0 tcontext=u:object_r:vendor_default_prop:s0 tclass=file permissive=0
10-09 10:21:57.069055  1375  1400 I input_focus: [Focus request a94409c com.transsion.XOSLauncher/com.android.quickstep.src.com.android.launcher3.uioverrides.QuickstepLauncher,reason=UpdateInputWindows]
10-09 10:21:57.084575  1375  1534 I input_focus: [Focus leaving b46082a com.transsion.XOSLauncher/com.android.quickstep.src.com.android.launcher3.uioverrides.QuickstepLauncher (server),reason=Waiting for window because NO_WINDOW]
10-09 10:21:57.122032  1375  1534 I input_focus: [Focus entering a94409c com.transsion.XOSLauncher/com.android.quickstep.src.com.android.launcher3.uioverrides.QuickstepLauncher (server),reason=Window became focusable. Previous reason: NOT_VISIBLE]
10-09 10:21:57.653407  1375  1534 I input_interaction: Interaction with: a94409c com.transsion.XOSLauncher/com.android.quickstep.src.com.android.launcher3.uioverrides.QuickstepLauncher (server), [Gesture Monitor] tran_gesture_service_damon (server), [Gesture Monitor] tran_gesture_service (server), PointerEventDispatcher0 (server), 
10-09 10:22:00.164257  1375  1400 I dvm_lock_sample: [system_server,1,android.anim,23,WindowSurfacePlacer.java,63,void com.android.server.wm.WindowSurfacePlacer$Traverser.run(),ActivityTaskManagerService.java,1212,android.content.res.Configuration com.android.server.wm.ActivityTaskManagerService.getGlobalConfigurationForPid(int),4]
10-09 10:22:00.178103  1375  1400 I input_focus: [Focus request b46082a com.transsion.XOSLauncher/com.android.quickstep.src.com.android.launcher3.uioverrides.QuickstepLauncher,reason=UpdateInputWindows]
10-09 10:22:00.202375  1375  1534 I input_focus: [Focus entering b46082a com.transsion.XOSLauncher/com.android.quickstep.src.com.android.launcher3.uioverrides.QuickstepLauncher (server),reason=setFocusedWindow]
10-09 10:22:00.945727  1375  1534 I input_interaction: Interaction with: b46082a com.transsion.XOSLauncher/com.android.quickstep.src.com.android.launcher3.uioverrides.QuickstepLauncher (server), [Gesture Monitor] tran_gesture_service_damon (server), [Gesture Monitor] tran_gesture_service (server), d51d99d com.android.systemui.ImageWallpaper (server), PointerEventDispatcher0 (server), 
10-09 10:22:01.080000  1375  1375 I auditd  : type=1400 audit(0.0:1350): avc: denied { read } for comm="binder:1375_C" name="u:object_r:vendor_default_prop:s0" dev="tmpfs" ino=9871 scontext=u:r:system_server:s0 tcontext=u:object_r:vendor_default_prop:s0 tclass=file permissive=0
10-09 10:22:01.092845  1375  1400 I input_focus: [Focus request c08618c com.transsion.XOSLauncher/com.android.quickstep.src.com.android.launcher3.uioverrides.QuickstepLauncher,reason=UpdateInputWindows]
10-09 10:22:01.117965  1375  1534 I input_focus: [Focus leaving b46082a com.transsion.XOSLauncher/com.android.quickstep.src.com.android.launcher3.uioverrides.QuickstepLauncher (server),reason=Waiting for window because NOT_VISIBLE]
10-09 10:22:01.152787  1375  1534 I input_focus: [Focus entering c08618c com.transsion.XOSLauncher/com.android.quickstep.src.com.android.launcher3.uioverrides.QuickstepLauncher (server),reason=Window became focusable. Previous reason: NOT_VISIBLE]
10-09 10:22:01.719899  1375  1534 I input_interaction: Interaction with: c08618c com.transsion.XOSLauncher/com.android.quickstep.src.com.android.launcher3.uioverrides.QuickstepLauncher (server), [Gesture Monitor] tran_gesture_service_damon (server), [Gesture Monitor] tran_gesture_service (server), PointerEventDispatcher0 (server), 
10-09 10:22:04.099060  1375  1400 I input_focus: [Focus request b46082a com.transsion.XOSLauncher/com.android.quickstep.src.com.android.launcher3.uioverrides.QuickstepLauncher,reason=UpdateInputWindows]
10-09 10:22:04.123294  1375  1534 I input_focus: [Focus entering b46082a com.transsion.XOSLauncher/com.android.quickstep.src.com.android.launcher3.uioverrides.QuickstepLauncher (server),reason=setFocusedWindow]
10-09 10:22:04.485840  1375  1534 I input_interaction: Interaction with: b46082a com.transsion.XOSLauncher/com.android.quickstep.src.com.android.launcher3.uioverrides.QuickstepLauncher (server), [Gesture Monitor] tran_gesture_service_damon (server), [Gesture Monitor] tran_gesture_service (server), d51d99d com.android.systemui.ImageWallpaper (server), PointerEventDispatcher0 (server), 
10-09 10:22:04.604000  1375  1375 I auditd  : type=1400 audit(0.0:1351): avc: denied { read } for comm="binder:1375_12" name="u:object_r:vendor_default_prop:s0" dev="tmpfs" ino=9871 scontext=u:r:system_server:s0 tcontext=u:object_r:vendor_default_prop:s0 tclass=file permissive=0
10-09 10:22:04.621908  1375  1400 I input_focus: [Focus request 8fcdf67 com.transsion.XOSLauncher/com.android.quickstep.src.com.android.launcher3.uioverrides.QuickstepLauncher,reason=UpdateInputWindows]
10-09 10:22:04.647083  1375  1534 I input_focus: [Focus leaving b46082a com.transsion.XOSLauncher/com.android.quickstep.src.com.android.launcher3.uioverrides.QuickstepLauncher (server),reason=Waiting for window because NO_WINDOW]
10-09 10:22:04.682770  1375  1534 I input_focus: [Focus entering 8fcdf67 com.transsion.XOSLauncher/com.android.quickstep.src.com.android.launcher3.uioverrides.QuickstepLauncher (server),reason=Window became focusable. Previous reason: NOT_VISIBLE]
10-09 10:22:05.226817  1375  1534 I input_interaction: Interaction with: 8fcdf67 com.transsion.XOSLauncher/com.android.quickstep.src.com.android.launcher3.uioverrides.QuickstepLauncher (server), [Gesture Monitor] tran_gesture_service_damon (server), [Gesture Monitor] tran_gesture_service (server), PointerEventDispatcher0 (server), 
10-09 10:22:07.657604  1375  1400 I input_focus: [Focus request b46082a com.transsion.XOSLauncher/com.android.quickstep.src.com.android.launcher3.uioverrides.QuickstepLauncher,reason=UpdateInputWindows]
10-09 10:22:07.690257  1375  1534 I input_focus: [Focus entering b46082a com.transsion.XOSLauncher/com.android.quickstep.src.com.android.launcher3.uioverrides.QuickstepLauncher (server),reason=setFocusedWindow]
10-09 10:22:08.077664  1375  1534 I input_interaction: Interaction with: b46082a com.transsion.XOSLauncher/com.android.quickstep.src.com.android.launcher3.uioverrides.QuickstepLauncher (server), [Gesture Monitor] tran_gesture_service_damon (server), [Gesture Monitor] tran_gesture_service (server), d51d99d com.android.systemui.ImageWallpaper (server), PointerEventDispatcher0 (server), 
10-09 10:22:08.184000  1375  1375 I auditd  : type=1400 audit(0.0:1352): avc: denied { read } for comm="binder:1375_7" name="u:object_r:vendor_default_prop:s0" dev="tmpfs" ino=9871 scontext=u:r:system_server:s0 tcontext=u:object_r:vendor_default_prop:s0 tclass=file permissive=0
10-09 10:22:08.197821  1375  1400 I input_focus: [Focus request 6321a5 com.transsion.XOSLauncher/com.android.quickstep.src.com.android.launcher3.uioverrides.QuickstepLauncher,reason=UpdateInputWindows]
10-09 10:22:08.215788  1375  1534 I input_focus: [Focus leaving b46082a com.transsion.XOSLauncher/com.android.quickstep.src.com.android.launcher3.uioverrides.QuickstepLauncher (server),reason=Waiting for window because NO_WINDOW]
10-09 10:22:08.250402  1375  1534 I input_focus: [Focus entering 6321a5 com.transsion.XOSLauncher/com.android.quickstep.src.com.android.launcher3.uioverrides.QuickstepLauncher (server),reason=Window became focusable. Previous reason: NOT_VISIBLE]
10-09 10:22:08.840869  1375  1534 I input_interaction: Interaction with: 6321a5 com.transsion.XOSLauncher/com.android.quickstep.src.com.android.launcher3.uioverrides.QuickstepLauncher (server), [Gesture Monitor] tran_gesture_service_damon (server), [Gesture Monitor] tran_gesture_service (server), PointerEventDispatcher0 (server), 
10-09 10:22:11.055375  1375  1400 I input_focus: [Focus request b46082a com.transsion.XOSLauncher/com.android.quickstep.src.com.android.launcher3.uioverrides.QuickstepLauncher,reason=UpdateInputWindows]
10-09 10:22:11.074663  1375  1534 I input_focus: [Focus entering b46082a com.transsion.XOSLauncher/com.android.quickstep.src.com.android.launcher3.uioverrides.QuickstepLauncher (server),reason=setFocusedWindow]
10-09 10:22:11.506361  1375  1534 I input_interaction: Interaction with: b46082a com.transsion.XOSLauncher/com.android.quickstep.src.com.android.launcher3.uioverrides.QuickstepLauncher (server), [Gesture Monitor] tran_gesture_service_damon (server), [Gesture Monitor] tran_gesture_service (server), d51d99d com.android.systemui.ImageWallpaper (server), PointerEventDispatcher0 (server), 
10-09 10:22:11.652000  1375  1375 I auditd  : type=1400 audit(0.0:1353): avc: denied { read } for comm="binder:1375_7" name="u:object_r:vendor_default_prop:s0" dev="tmpfs" ino=9871 scontext=u:r:system_server:s0 tcontext=u:object_r:vendor_default_prop:s0 tclass=file permissive=0
10-09 10:22:11.660254  1375  1400 I input_focus: [Focus request 262c4cb com.transsion.XOSLauncher/com.android.quickstep.src.com.android.launcher3.uioverrides.QuickstepLauncher,reason=UpdateInputWindows]
10-09 10:22:11.678584  1375  1534 I input_focus: [Focus leaving b46082a com.transsion.XOSLauncher/com.android.quickstep.src.com.android.launcher3.uioverrides.QuickstepLauncher (server),reason=Waiting for window because NO_WINDOW]
10-09 10:22:11.723528  1375  1534 I input_focus: [Focus entering 262c4cb com.transsion.XOSLauncher/com.android.quickstep.src.com.android.launcher3.uioverrides.QuickstepLauncher (server),reason=Window became focusable. Previous reason: NOT_VISIBLE]
10-09 10:22:12.313487  1375  1534 I input_interaction: Interaction with: 262c4cb com.transsion.XOSLauncher/com.android.quickstep.src.com.android.launcher3.uioverrides.QuickstepLauncher (server), [Gesture Monitor] tran_gesture_service_damon (server), [Gesture Monitor] tran_gesture_service (server), PointerEventDispatcher0 (server), 
10-09 10:22:14.980768  1375  1400 I input_focus: [Focus request b46082a com.transsion.XOSLauncher/com.android.quickstep.src.com.android.launcher3.uioverrides.QuickstepLauncher,reason=UpdateInputWindows]
10-09 10:22:14.997449  1375  1534 I input_focus: [Focus entering b46082a com.transsion.XOSLauncher/com.android.quickstep.src.com.android.launcher3.uioverrides.QuickstepLauncher (server),reason=setFocusedWindow]
10-09 10:22:15.388508  1375  1534 I input_interaction: Interaction with: b46082a com.transsion.XOSLauncher/com.android.quickstep.src.com.android.launcher3.uioverrides.QuickstepLauncher (server), [Gesture Monitor] tran_gesture_service_damon (server), [Gesture Monitor] tran_gesture_service (server), d51d99d com.android.systemui.ImageWallpaper (server), PointerEventDispatcher0 (server), 
10-09 10:22:15.508000  1375  1375 I auditd  : type=1400 audit(0.0:1354): avc: denied { read } for comm="binder:1375_12" name="u:object_r:vendor_default_prop:s0" dev="tmpfs" ino=9871 scontext=u:r:system_server:s0 tcontext=u:object_r:vendor_default_prop:s0 tclass=file permissive=0
10-09 10:22:15.522633  1375  1400 I input_focus: [Focus request 5947462 com.transsion.XOSLauncher/com.android.quickstep.src.com.android.launcher3.uioverrides.QuickstepLauncher,reason=UpdateInputWindows]
10-09 10:22:15.537342  1375  1534 I input_focus: [Focus leaving b46082a com.transsion.XOSLauncher/com.android.quickstep.src.com.android.launcher3.uioverrides.QuickstepLauncher (server),reason=Waiting for window because NOT_VISIBLE]
10-09 10:22:15.574749  1375  1534 I input_focus: [Focus entering 5947462 com.transsion.XOSLauncher/com.android.quickstep.src.com.android.launcher3.uioverrides.QuickstepLauncher (server),reason=Window became focusable. Previous reason: NOT_VISIBLE]
10-09 10:22:16.185050  1375  1534 I input_interaction: Interaction with: 5947462 com.transsion.XOSLauncher/com.android.quickstep.src.com.android.launcher3.uioverrides.QuickstepLauncher (server), [Gesture Monitor] tran_gesture_service_damon (server), [Gesture Monitor] tran_gesture_service (server), PointerEventDispatcher0 (server), 
10-09 10:22:18.836635  1375  1400 I input_focus: [Focus request b46082a com.transsion.XOSLauncher/com.android.quickstep.src.com.android.launcher3.uioverrides.QuickstepLauncher,reason=UpdateInputWindows]
10-09 10:22:18.865410  1375  1534 I input_focus: [Focus entering b46082a com.transsion.XOSLauncher/com.android.quickstep.src.com.android.launcher3.uioverrides.QuickstepLauncher (server),reason=setFocusedWindow]
10-09 10:22:18.883853  1375  5882 I dvm_lock_sample: [system_server,1,binder:1375_12,32,AppWidgetServiceImpl.java,1043,boolean com.android.server.appwidget.AppWidgetServiceImpl.bindAppWidgetId(java.lang.String, int, int, android.content.ComponentName, android.os.Bundle),-,4460,void com.android.server.appwidget.AppWidgetServiceImpl$SaveStateRunnable.run(),6]
10-09 10:22:19.236313  1375  1534 I input_interaction: Interaction with: b46082a com.transsion.XOSLauncher/com.android.quickstep.src.com.android.launcher3.uioverrides.QuickstepLauncher (server), [Gesture Monitor] tran_gesture_service_damon (server), [Gesture Monitor] tran_gesture_service (server), d51d99d com.android.systemui.ImageWallpaper (server), PointerEventDispatcher0 (server), 
10-09 10:22:19.376000  1375  1375 I auditd  : type=1400 audit(0.0:1355): avc: denied { read } for comm="binder:1375_14" name="u:object_r:vendor_default_prop:s0" dev="tmpfs" ino=9871 scontext=u:r:system_server:s0 tcontext=u:object_r:vendor_default_prop:s0 tclass=file permissive=0
10-09 10:22:19.387459  1375  1400 I input_focus: [Focus request 27e4cce com.transsion.XOSLauncher/com.android.quickstep.src.com.android.launcher3.uioverrides.QuickstepLauncher,reason=UpdateInputWindows]
10-09 10:22:19.411542  1375  1534 I input_focus: [Focus leaving b46082a com.transsion.XOSLauncher/com.android.quickstep.src.com.android.launcher3.uioverrides.QuickstepLauncher (server),reason=Waiting for window because NOT_VISIBLE]
10-09 10:22:19.442840  1375  1534 I input_focus: [Focus entering 27e4cce com.transsion.XOSLauncher/com.android.quickstep.src.com.android.launcher3.uioverrides.QuickstepLauncher (server),reason=Window became focusable. Previous reason: NOT_VISIBLE]
10-09 10:22:19.502626  3924 14008 I dvm_lock_sample: [com.transsion.XOSLauncher,0,pool-2-thread-7,20,ProGuard,-1,android.graphics.Bitmap com.transsion.uiengine.theme.plugin.NormalXTheme.getThirdAppIcon(android.graphics.Bitmap, android.content.ComponentName, boolean, android.os.UserHandle),-,73,android.graphics.Bitmap com.transsion.uiengine.theme.plugin.NormalXTheme.getThirdAppIcon(android.graphics.Bitmap, android.content.ComponentName, boolean, android.os.UserHandle),4]
10-09 10:22:27.135980  1375  1534 I input_interaction: Interaction with: 27e4cce com.transsion.XOSLauncher/com.android.quickstep.src.com.android.launcher3.uioverrides.QuickstepLauncher (server), [Gesture Monitor] tran_gesture_service_damon (server), [Gesture Monitor] tran_gesture_service (server), PointerEventDispatcher0 (server), 
10-09 10:22:30.501794  1375  1400 I input_focus: [Focus request b46082a com.transsion.XOSLauncher/com.android.quickstep.src.com.android.launcher3.uioverrides.QuickstepLauncher,reason=UpdateInputWindows]
10-09 10:22:30.533989  1375  1534 I input_focus: [Focus entering b46082a com.transsion.XOSLauncher/com.android.quickstep.src.com.android.launcher3.uioverrides.QuickstepLauncher (server),reason=setFocusedWindow]
10-09 10:22:31.249421  1375  1534 I input_interaction: Interaction with: b46082a com.transsion.XOSLauncher/com.android.quickstep.src.com.android.launcher3.uioverrides.QuickstepLauncher (server), [Gesture Monitor] tran_gesture_service_damon (server), [Gesture Monitor] tran_gesture_service (server), d51d99d com.android.systemui.ImageWallpaper (server), PointerEventDispatcher0 (server), 
10-09 10:22:31.464000  1375  1375 I auditd  : type=1400 audit(0.0:1356): avc: denied { read } for comm="binder:1375_5" name="u:object_r:vendor_default_prop:s0" dev="tmpfs" ino=9871 scontext=u:r:system_server:s0 tcontext=u:object_r:vendor_default_prop:s0 tclass=file permissive=0
10-09 10:22:31.481385  1375  1400 I input_focus: [Focus request 5fcc802 com.transsion.XOSLauncher/com.android.quickstep.src.com.android.launcher3.uioverrides.QuickstepLauncher,reason=UpdateInputWindows]
10-09 10:22:31.500720  1375  1534 I input_focus: [Focus leaving b46082a com.transsion.XOSLauncher/com.android.quickstep.src.com.android.launcher3.uioverrides.QuickstepLauncher (server),reason=Waiting for window because NO_WINDOW]
10-09 10:22:31.547118  1375  1534 I input_focus: [Focus entering 5fcc802 com.transsion.XOSLauncher/com.android.quickstep.src.com.android.launcher3.uioverrides.QuickstepLauncher (server),reason=Window became focusable. Previous reason: NOT_VISIBLE]
10-09 10:22:32.023691  1375  1534 I input_interaction: Interaction with: 5fcc802 com.transsion.XOSLauncher/com.android.quickstep.src.com.android.launcher3.uioverrides.QuickstepLauncher (server), [Gesture Monitor] tran_gesture_service_damon (server), [Gesture Monitor] tran_gesture_service (server), PointerEventDispatcher0 (server), 
10-09 10:22:34.698096  1375  1400 I input_focus: [Focus request b46082a com.transsion.XOSLauncher/com.android.quickstep.src.com.android.launcher3.uioverrides.QuickstepLauncher,reason=UpdateInputWindows]
10-09 10:22:34.719905  1375  1534 I input_focus: [Focus entering b46082a com.transsion.XOSLauncher/com.android.quickstep.src.com.android.launcher3.uioverrides.QuickstepLauncher (server),reason=setFocusedWindow]
10-09 10:22:35.114023  1375  1534 I input_interaction: Interaction with: b46082a com.transsion.XOSLauncher/com.android.quickstep.src.com.android.launcher3.uioverrides.QuickstepLauncher (server), [Gesture Monitor] tran_gesture_service_damon (server), [Gesture Monitor] tran_gesture_service (server), d51d99d com.android.systemui.ImageWallpaper (server), PointerEventDispatcher0 (server), 
10-09 10:22:35.244000  1375  1375 I auditd  : type=1400 audit(0.0:1357): avc: denied { read } for comm="binder:1375_7" name="u:object_r:vendor_default_prop:s0" dev="tmpfs" ino=9871 scontext=u:r:system_server:s0 tcontext=u:object_r:vendor_default_prop:s0 tclass=file permissive=0
10-09 10:22:35.254505  1375  1400 I input_focus: [Focus request 6b05d40 com.transsion.XOSLauncher/com.android.quickstep.src.com.android.launcher3.uioverrides.QuickstepLauncher,reason=UpdateInputWindows]
10-09 10:22:35.275309  1375  1534 I input_focus: [Focus leaving b46082a com.transsion.XOSLauncher/com.android.quickstep.src.com.android.launcher3.uioverrides.QuickstepLauncher (server),reason=Waiting for window because NO_WINDOW]
10-09 10:22:35.299451  1375  1534 I input_focus: [Focus entering 6b05d40 com.transsion.XOSLauncher/com.android.quickstep.src.com.android.launcher3.uioverrides.QuickstepLauncher (server),reason=Window became focusable. Previous reason: NOT_VISIBLE]
10-09 10:22:36.067515  1375  1534 I input_interaction: Interaction with: 6b05d40 com.transsion.XOSLauncher/com.android.quickstep.src.com.android.launcher3.uioverrides.QuickstepLauncher (server), [Gesture Monitor] tran_gesture_service_damon (server), [Gesture Monitor] tran_gesture_service (server), PointerEventDispatcher0 (server), 
10-09 10:22:38.841092  1375  1400 I input_focus: [Focus request b46082a com.transsion.XOSLauncher/com.android.quickstep.src.com.android.launcher3.uioverrides.QuickstepLauncher,reason=UpdateInputWindows]
10-09 10:22:38.863709  1375  1534 I input_focus: [Focus entering b46082a com.transsion.XOSLauncher/com.android.quickstep.src.com.android.launcher3.uioverrides.QuickstepLauncher (server),reason=setFocusedWindow]
10-09 10:22:39.265766  1375  1534 I input_interaction: Interaction with: b46082a com.transsion.XOSLauncher/com.android.quickstep.src.com.android.launcher3.uioverrides.QuickstepLauncher (server), [Gesture Monitor] tran_gesture_service_damon (server), [Gesture Monitor] tran_gesture_service (server), d51d99d com.android.systemui.ImageWallpaper (server), PointerEventDispatcher0 (server), 
10-09 10:22:39.404000  1375  1375 I auditd  : type=1400 audit(0.0:1358): avc: denied { read } for comm="binder:1375_5" name="u:object_r:vendor_default_prop:s0" dev="tmpfs" ino=9871 scontext=u:r:system_server:s0 tcontext=u:object_r:vendor_default_prop:s0 tclass=file permissive=0
10-09 10:22:39.415548  1375  1400 I input_focus: [Focus request da70a8c com.transsion.XOSLauncher/com.android.quickstep.src.com.android.launcher3.uioverrides.QuickstepLauncher,reason=UpdateInputWindows]
10-09 10:22:39.438451  1375  1534 I input_focus: [Focus leaving b46082a com.transsion.XOSLauncher/com.android.quickstep.src.com.android.launcher3.uioverrides.QuickstepLauncher (server),reason=Waiting for window because NO_WINDOW]
10-09 10:22:39.462809  1375  1534 I input_focus: [Focus entering da70a8c com.transsion.XOSLauncher/com.android.quickstep.src.com.android.launcher3.uioverrides.QuickstepLauncher (server),reason=Window became focusable. Previous reason: NOT_VISIBLE]
10-09 10:22:40.063065  1375  1534 I input_interaction: Interaction with: da70a8c com.transsion.XOSLauncher/com.android.quickstep.src.com.android.launcher3.uioverrides.QuickstepLauncher (server), [Gesture Monitor] tran_gesture_service_damon (server), [Gesture Monitor] tran_gesture_service (server), PointerEventDispatcher0 (server), 
10-09 10:22:42.778010  1375  1400 I input_focus: [Focus request b46082a com.transsion.XOSLauncher/com.android.quickstep.src.com.android.launcher3.uioverrides.QuickstepLauncher,reason=UpdateInputWindows]
10-09 10:22:42.802425  1375  1534 I input_focus: [Focus entering b46082a com.transsion.XOSLauncher/com.android.quickstep.src.com.android.launcher3.uioverrides.QuickstepLauncher (server),reason=setFocusedWindow]
10-09 10:22:42.836722  1375  3667 I dvm_lock_sample: [system_server,1,binder:1375_7,5,AppWidgetServiceImpl.java,1369,android.widget.RemoteViews com.android.server.appwidget.AppWidgetServiceImpl.getAppWidgetViews(java.lang.String, int),-,4460,void com.android.server.appwidget.AppWidgetServiceImpl$SaveStateRunnable.run(),1]
10-09 10:22:42.932728  1375  1399 I dvm_lock_sample: [system_server,1,android.display,6,WindowManagerService.java,8099,void com.android.server.wm.WindowManagerService$LocalService.requestTraversalFromDisplayManager(),RootWindowContainer.java,2733,void com.android.server.wm.RootWindowContainer.onDisplayChanged(int),1]
10-09 10:22:43.517121  1375  1534 I input_interaction: Interaction with: b46082a com.transsion.XOSLauncher/com.android.quickstep.src.com.android.launcher3.uioverrides.QuickstepLauncher (server), [Gesture Monitor] tran_gesture_service_damon (server), [Gesture Monitor] tran_gesture_service (server), d51d99d com.android.systemui.ImageWallpaper (server), PointerEventDispatcher0 (server), 
10-09 10:22:43.712000  1375  1375 I auditd  : type=1400 audit(0.0:1359): avc: denied { read } for comm="binder:1375_12" name="u:object_r:vendor_default_prop:s0" dev="tmpfs" ino=9871 scontext=u:r:system_server:s0 tcontext=u:object_r:vendor_default_prop:s0 tclass=file permissive=0
10-09 10:22:43.727677  1375  1400 I input_focus: [Focus request 2e11b3f com.transsion.XOSLauncher/com.android.quickstep.src.com.android.launcher3.uioverrides.QuickstepLauncher,reason=UpdateInputWindows]
10-09 10:22:43.746354  1375  1534 I input_focus: [Focus leaving b46082a com.transsion.XOSLauncher/com.android.quickstep.src.com.android.launcher3.uioverrides.QuickstepLauncher (server),reason=Waiting for window because NOT_VISIBLE]
10-09 10:22:43.770397  1375  1534 I input_focus: [Focus entering 2e11b3f com.transsion.XOSLauncher/com.android.quickstep.src.com.android.launcher3.uioverrides.QuickstepLauncher (server),reason=Window became focusable. Previous reason: NOT_VISIBLE]
10-09 10:22:44.426639  1375  1534 I input_interaction: Interaction with: 2e11b3f com.transsion.XOSLauncher/com.android.quickstep.src.com.android.launcher3.uioverrides.QuickstepLauncher (server), [Gesture Monitor] tran_gesture_service_damon (server), [Gesture Monitor] tran_gesture_service (server), PointerEventDispatcher0 (server), 
10-09 10:22:47.025926  1375  1400 I input_focus: [Focus request b46082a com.transsion.XOSLauncher/com.android.quickstep.src.com.android.launcher3.uioverrides.QuickstepLauncher,reason=UpdateInputWindows]
10-09 10:22:47.070634  1375  1534 I input_focus: [Focus entering b46082a com.transsion.XOSLauncher/com.android.quickstep.src.com.android.launcher3.uioverrides.QuickstepLauncher (server),reason=setFocusedWindow]
10-09 10:22:47.920731  1375  1534 I input_interaction: Interaction with: b46082a com.transsion.XOSLauncher/com.android.quickstep.src.com.android.launcher3.uioverrides.QuickstepLauncher (server), [Gesture Monitor] tran_gesture_service_damon (server), [Gesture Monitor] tran_gesture_service (server), d51d99d com.android.systemui.ImageWallpaper (server), PointerEventDispatcher0 (server), 
10-09 10:22:48.060000  1375  1375 I auditd  : type=1400 audit(0.0:1360): avc: denied { read } for comm="binder:1375_8" name="u:object_r:vendor_default_prop:s0" dev="tmpfs" ino=9871 scontext=u:r:system_server:s0 tcontext=u:object_r:vendor_default_prop:s0 tclass=file permissive=0
10-09 10:22:48.077413  1375  1400 I input_focus: [Focus request 7a75c56 com.transsion.XOSLauncher/com.android.quickstep.src.com.android.launcher3.uioverrides.QuickstepLauncher,reason=UpdateInputWindows]
10-09 10:22:48.107811  1375  1534 I input_focus: [Focus leaving b46082a com.transsion.XOSLauncher/com.android.quickstep.src.com.android.launcher3.uioverrides.QuickstepLauncher (server),reason=Waiting for window because NOT_VISIBLE]
10-09 10:22:48.131118  1375  1534 I input_focus: [Focus entering 7a75c56 com.transsion.XOSLauncher/com.android.quickstep.src.com.android.launcher3.uioverrides.QuickstepLauncher (server),reason=Window became focusable. Previous reason: NOT_VISIBLE]
10-09 10:22:48.629023  1375  1534 I input_interaction: Interaction with: 7a75c56 com.transsion.XOSLauncher/com.android.quickstep.src.com.android.launcher3.uioverrides.QuickstepLauncher (server), [Gesture Monitor] tran_gesture_service_damon (server), [Gesture Monitor] tran_gesture_service (server), PointerEventDispatcher0 (server), 
10-09 10:22:51.140972  1375  1400 I input_focus: [Focus request b46082a com.transsion.XOSLauncher/com.android.quickstep.src.com.android.launcher3.uioverrides.QuickstepLauncher,reason=UpdateInputWindows]
10-09 10:22:51.158609  1375  1534 I input_focus: [Focus entering b46082a com.transsion.XOSLauncher/com.android.quickstep.src.com.android.launcher3.uioverrides.QuickstepLauncher (server),reason=setFocusedWindow]
10-09 10:22:51.227946  1375  4124 I dvm_lock_sample: [system_server,1,binder:1375_C,7,AppWidgetServiceImpl.java,1429,android.os.Bundle com.android.server.appwidget.AppWidgetServiceImpl.getAppWidgetOptions(java.lang.String, int),-,4460,void com.android.server.appwidget.AppWidgetServiceImpl$SaveStateRunnable.run(),1]
10-09 10:22:52.207014  1375  1534 I input_interaction: Interaction with: b46082a com.transsion.XOSLauncher/com.android.quickstep.src.com.android.launcher3.uioverrides.QuickstepLauncher (server), [Gesture Monitor] tran_gesture_service_damon (server), [Gesture Monitor] tran_gesture_service (server), d51d99d com.android.systemui.ImageWallpaper (server), PointerEventDispatcher0 (server), 
10-09 10:22:53.072000  1375  1375 I auditd  : type=1400 audit(0.0:1361): avc: denied { read } for comm="binder:1375_13" name="u:object_r:vendor_default_prop:s0" dev="tmpfs" ino=9871 scontext=u:r:system_server:s0 tcontext=u:object_r:vendor_default_prop:s0 tclass=file permissive=0
10-09 10:22:53.083368  1375  1400 I input_focus: [Focus request aa5b84e com.transsion.XOSLauncher/com.android.quickstep.src.com.android.launcher3.uioverrides.QuickstepLauncher,reason=UpdateInputWindows]
10-09 10:22:53.107783  1375  1534 I input_focus: [Focus leaving b46082a com.transsion.XOSLauncher/com.android.quickstep.src.com.android.launcher3.uioverrides.QuickstepLauncher (server),reason=Waiting for window because NOT_VISIBLE]
10-09 10:22:53.131222  1375  1534 I input_focus: [Focus entering aa5b84e com.transsion.XOSLauncher/com.android.quickstep.src.com.android.launcher3.uioverrides.QuickstepLauncher (server),reason=Window became focusable. Previous reason: NOT_VISIBLE]
10-09 10:22:53.564303  1375  1534 I input_interaction: Interaction with: aa5b84e com.transsion.XOSLauncher/com.android.quickstep.src.com.android.launcher3.uioverrides.QuickstepLauncher (server), [Gesture Monitor] tran_gesture_service_damon (server), [Gesture Monitor] tran_gesture_service (server), PointerEventDispatcher0 (server), 
10-09 10:22:55.932036  1375  1400 I input_focus: [Focus request b46082a com.transsion.XOSLauncher/com.android.quickstep.src.com.android.launcher3.uioverrides.QuickstepLauncher,reason=UpdateInputWindows]
10-09 10:22:55.956802  1375  1534 I input_focus: [Focus entering b46082a com.transsion.XOSLauncher/com.android.quickstep.src.com.android.launcher3.uioverrides.QuickstepLauncher (server),reason=setFocusedWindow]
10-09 10:22:56.459115  1375  1534 I input_interaction: Interaction with: b46082a com.transsion.XOSLauncher/com.android.quickstep.src.com.android.launcher3.uioverrides.QuickstepLauncher (server), [Gesture Monitor] tran_gesture_service_damon (server), [Gesture Monitor] tran_gesture_service (server), d51d99d com.android.systemui.ImageWallpaper (server), PointerEventDispatcher0 (server), 
10-09 10:22:56.600000  1375  1375 I auditd  : type=1400 audit(0.0:1362): avc: denied { read } for comm="binder:1375_8" name="u:object_r:vendor_default_prop:s0" dev="tmpfs" ino=9871 scontext=u:r:system_server:s0 tcontext=u:object_r:vendor_default_prop:s0 tclass=file permissive=0
10-09 10:22:56.614207  1375  1400 I input_focus: [Focus request 5af7c70 com.transsion.XOSLauncher/com.android.quickstep.src.com.android.launcher3.uioverrides.QuickstepLauncher,reason=UpdateInputWindows]
10-09 10:22:56.631401  1375  1534 I input_focus: [Focus leaving b46082a com.transsion.XOSLauncher/com.android.quickstep.src.com.android.launcher3.uioverrides.QuickstepLauncher (server),reason=Waiting for window because NOT_VISIBLE]
10-09 10:22:56.678597  1375  1534 I input_focus: [Focus entering 5af7c70 com.transsion.XOSLauncher/com.android.quickstep.src.com.android.launcher3.uioverrides.QuickstepLauncher (server),reason=Window became focusable. Previous reason: NOT_VISIBLE]
10-09 10:22:57.322923  1375  1534 I input_interaction: Interaction with: 5af7c70 com.transsion.XOSLauncher/com.android.quickstep.src.com.android.launcher3.uioverrides.QuickstepLauncher (server), [Gesture Monitor] tran_gesture_service_damon (server), [Gesture Monitor] tran_gesture_service (server), PointerEventDispatcher0 (server), 
10-09 10:23:00.125569  1375  1400 I input_focus: [Focus request b46082a com.transsion.XOSLauncher/com.android.quickstep.src.com.android.launcher3.uioverrides.QuickstepLauncher,reason=UpdateInputWindows]
10-09 10:23:00.141724  1375  1534 I input_focus: [Focus entering b46082a com.transsion.XOSLauncher/com.android.quickstep.src.com.android.launcher3.uioverrides.QuickstepLauncher (server),reason=setFocusedWindow]
10-09 10:23:00.593224  1375  1534 I input_interaction: Interaction with: b46082a com.transsion.XOSLauncher/com.android.quickstep.src.com.android.launcher3.uioverrides.QuickstepLauncher (server), [Gesture Monitor] tran_gesture_service_damon (server), [Gesture Monitor] tran_gesture_service (server), d51d99d com.android.systemui.ImageWallpaper (server), PointerEventDispatcher0 (server), 
10-09 10:23:00.720000  1375  1375 I auditd  : type=1400 audit(0.0:1363): avc: denied { read } for comm="binder:1375_8" name="u:object_r:vendor_default_prop:s0" dev="tmpfs" ino=9871 scontext=u:r:system_server:s0 tcontext=u:object_r:vendor_default_prop:s0 tclass=file permissive=0
10-09 10:23:00.729466  1375  1400 I input_focus: [Focus request bf980ab com.transsion.XOSLauncher/com.android.quickstep.src.com.android.launcher3.uioverrides.QuickstepLauncher,reason=UpdateInputWindows]
10-09 10:23:00.747859  1375  1534 I input_focus: [Focus leaving b46082a com.transsion.XOSLauncher/com.android.quickstep.src.com.android.launcher3.uioverrides.QuickstepLauncher (server),reason=Waiting for window because NOT_VISIBLE]
10-09 10:23:00.778786  1375  1534 I input_focus: [Focus entering bf980ab com.transsion.XOSLauncher/com.android.quickstep.src.com.android.launcher3.uioverrides.QuickstepLauncher (server),reason=Window became focusable. Previous reason: NOT_VISIBLE]
10-09 10:23:01.310871  1375  1534 I input_interaction: Interaction with: bf980ab com.transsion.XOSLauncher/com.android.quickstep.src.com.android.launcher3.uioverrides.QuickstepLauncher (server), [Gesture Monitor] tran_gesture_service_damon (server), [Gesture Monitor] tran_gesture_service (server), PointerEventDispatcher0 (server), 
10-09 10:23:01.885510  1375  1398 I commit_sys_config_file: [jobs,13]
10-09 10:23:03.494160  1375  1400 I dvm_lock_sample: [system_server,1,android.anim,26,WindowSurfacePlacer.java,63,void com.android.server.wm.WindowSurfacePlacer$Traverser.run(),ActivityTaskManagerService.java,1212,android.content.res.Configuration com.android.server.wm.ActivityTaskManagerService.getGlobalConfigurationForPid(int),5]
10-09 10:23:03.507464  1375  1400 I input_focus: [Focus request b46082a com.transsion.XOSLauncher/com.android.quickstep.src.com.android.launcher3.uioverrides.QuickstepLauncher,reason=UpdateInputWindows]
10-09 10:23:03.535411  1375  1534 I input_focus: [Focus entering b46082a com.transsion.XOSLauncher/com.android.quickstep.src.com.android.launcher3.uioverrides.QuickstepLauncher (server),reason=setFocusedWindow]
10-09 10:23:03.989136  1375  1534 I input_interaction: Interaction with: b46082a com.transsion.XOSLauncher/com.android.quickstep.src.com.android.launcher3.uioverrides.QuickstepLauncher (server), [Gesture Monitor] tran_gesture_service_damon (server), [Gesture Monitor] tran_gesture_service (server), d51d99d com.android.systemui.ImageWallpaper (server), PointerEventDispatcher0 (server), 
10-09 10:23:04.108000  1375  1375 I auditd  : type=1400 audit(0.0:1364): avc: denied { read } for comm="binder:1375_1F" name="u:object_r:vendor_default_prop:s0" dev="tmpfs" ino=9871 scontext=u:r:system_server:s0 tcontext=u:object_r:vendor_default_prop:s0 tclass=file permissive=0
10-09 10:23:04.128881  1375  1400 I input_focus: [Focus request 5a550e6 com.transsion.XOSLauncher/com.android.quickstep.src.com.android.launcher3.uioverrides.QuickstepLauncher,reason=UpdateInputWindows]
10-09 10:23:04.148979  1375  1534 I input_focus: [Focus leaving b46082a com.transsion.XOSLauncher/com.android.quickstep.src.com.android.launcher3.uioverrides.QuickstepLauncher (server),reason=Waiting for window because NOT_VISIBLE]
10-09 10:23:04.174114  1375  1534 I input_focus: [Focus entering 5a550e6 com.transsion.XOSLauncher/com.android.quickstep.src.com.android.launcher3.uioverrides.QuickstepLauncher (server),reason=Window became focusable. Previous reason: NOT_VISIBLE]
10-09 10:23:04.830841  1375  1534 I input_interaction: Interaction with: 5a550e6 com.transsion.XOSLauncher/com.android.quickstep.src.com.android.launcher3.uioverrides.QuickstepLauncher (server), [Gesture Monitor] tran_gesture_service_damon (server), [Gesture Monitor] tran_gesture_service (server), PointerEventDispatcher0 (server), 
