----- timezone:Africa/Brazzaville
10-09 10:02:47.542492  1375  1396 I dvm_lock_sample: [system_server,0,android.fg,148,PackageManagerService.java,1171,com.android.server.pm.Computer com.android.server.pm.PackageManagerService.snapshotComputer(),-,6848,void com.android.server.pm.PackageManagerService$PackageManagerInternalImpl.writePermissionSettings(int[], boolean),29]
10-09 10:02:47.648528  1375  1458 I commit_sys_config_file: [package-user-0,7]
10-09 10:02:47.648638  1375  1458 I commit_sys_config_file: [package,102]
10-09 10:02:47.649068  1375  1396 I dvm_lock_sample: [system_server,0,android.fg,102,PackageManagerService.java,1171,com.android.server.pm.Computer com.android.server.pm.PackageManagerService.snapshotComputer(),LegacyPermissionSettings.java,150,void com.android.server.pm.permission.LegacyPermissionSettings.writePermissionTrees(android.util.TypedXmlSerializer),20]
10-09 10:02:47.648000   521   521 I auditd  : type=1400 audit(0.0:981): avc: denied { search } for comm="binder:521_5" name="/" dev="mmcblk0p49" ino=2 scontext=u:r:keystore:s0 tcontext=u:object_r:tranfs_file:s0 tclass=dir permissive=0
10-09 10:02:47.648000   521   521 I auditd  : type=1400 audit(0.0:982): avc: denied { search } for comm="binder:521_5" name="/" dev="mmcblk0p49" ino=2 scontext=u:r:keystore:s0 tcontext=u:object_r:tranfs_file:s0 tclass=dir permissive=0
10-09 10:02:48.002728  1375  1458 I commit_sys_config_file: [package-user-0,7]
10-09 10:02:48.002844  1375  1458 I commit_sys_config_file: [package,121]
10-09 10:02:48.000000   521   521 I auditd  : type=1400 audit(0.0:983): avc: denied { search } for comm="binder:521_5" name="/" dev="mmcblk0p49" ino=2 scontext=u:r:keystore:s0 tcontext=u:object_r:tranfs_file:s0 tclass=dir permissive=0
10-09 10:02:48.303074  1375  1458 I commit_sys_config_file: [package-user-0,9]
10-09 10:02:48.303302  1375  1458 I commit_sys_config_file: [package,100]
10-09 10:02:48.332551  1375  3666 I wm_task_moved: [1,1,1]
10-09 10:02:48.334580  1375  3666 I wm_set_resumed_activity: [0,com.transsion.overlaysuw/.SuccessActivity,positionChildAt]
10-09 10:02:48.334816  1375  3666 I wm_task_moved: [3,1,2147483647]
10-09 10:02:48.335035  1375  3666 I wm_create_activity: [0,100225863,3,com.google.android.setupwizard/.WizardManagerActivity,com.android.wizard.NEXT,NULL,NULL,8388608]
10-09 10:02:48.337817  1375  3666 I wm_pause_activity: [0,18112681,com.transsion.overlaysuw/.SuccessActivity,userLeaving=true,resumeTopActivity]
10-09 10:02:48.349891  3551  3551 I wm_on_top_resumed_lost_called: [18112681,com.transsion.overlaysuw.SuccessActivity,topStateChangedWhenResumed]
10-09 10:02:48.351580  3551  3551 I wm_on_paused_called: [18112681,com.transsion.overlaysuw.SuccessActivity,performPause]
10-09 10:02:48.360971  1375  5884 I wm_restart_activity: [0,100225863,3,com.google.android.setupwizard/.WizardManagerActivity]
10-09 10:02:48.365253  1375  5884 I wm_set_resumed_activity: [0,com.google.android.setupwizard/.WizardManagerActivity,minimalResumeActivityLocked]
10-09 10:02:48.376605  1375  1400 I input_focus: [Requesting to set focus to null window,reason=UpdateInputWindows]
10-09 10:02:48.394803  1375  1534 I input_focus: [Focus leaving 7e9c619 com.transsion.overlaysuw/com.transsion.overlaysuw.SuccessActivity (server),reason=Waiting for window because NOT_FOCUSABLE]
10-09 10:02:48.403734  1375  4125 I wm_finish_activity: [0,100225863,3,com.google.android.setupwizard/.WizardManagerActivity,clear-task-top]
10-09 10:02:48.404831  1375  4125 I wm_pause_activity: [0,100225863,com.google.android.setupwizard/.WizardManagerActivity,userLeaving=false,finish]
10-09 10:02:48.409300  1375  4125 I wm_task_moved: [1,1,1]
10-09 10:02:48.409778  1375  4125 I wm_task_moved: [3,1,2147483647]
10-09 10:02:48.409852  1375  4125 I wm_create_activity: [0,213689507,3,com.google.android.setupwizard/.WizardManagerActivity,com.android.wizard.LOAD,NULL,NULL,75497472]
10-09 10:02:48.418231  3550  3550 I wm_on_create_called: [100225863,com.google.android.setupwizard.WizardManagerActivity,performCreate]
10-09 10:02:48.430578  1375  4126 I wm_add_to_stopping: [0,100225863,com.google.android.setupwizard/.WizardManagerActivity,completeFinishing]
10-09 10:02:48.436482  1375  4126 I wm_restart_activity: [0,213689507,3,com.google.android.setupwizard/.WizardManagerActivity]
10-09 10:02:48.439018  1375  4126 I wm_set_resumed_activity: [0,com.google.android.setupwizard/.WizardManagerActivity,minimalResumeActivityLocked]
10-09 10:02:48.454461  1375  1409 I dvm_lock_sample: [system_server,0,android.bg,19,ResourcesManager.java,449,android.content.res.ApkAssets android.app.ResourcesManager.loadApkAssets(android.app.ResourcesManager$ApkKey),-,1033,android.content.res.Resources android.app.ResourcesManager.createResources(android.content.res.ResourcesKey, java.lang.ClassLoader, android.app.ResourcesManager$ApkAssetsSupplier),3]
10-09 10:02:48.465006  1375  1511 I am_uid_running: 10190
10-09 10:02:48.478627  1375  1399 I dvm_lock_sample: [system_server,1,android.display,20,ProcessRecord.java,1440,void com.android.server.am.ProcessRecord.onStartActivity(int, boolean, java.lang.String, long),,0,null,4]
10-09 10:02:48.483928  1375  5881 I wm_task_moved: [1,1,1]
10-09 10:02:48.485249  1375  5881 I wm_set_resumed_activity: [0,com.google.android.setupwizard/.WizardManagerActivity,positionChildAt]
10-09 10:02:48.485271  1375  5881 I wm_task_moved: [3,1,2147483647]
10-09 10:02:48.485317  1375  5881 I wm_create_activity: [0,222164051,3,com.google.android.setupwizard/.provision.EnterpriseSetupWrapper,com.google.android.setupwizard.ENTERPRISE_SETUP,NULL,NULL,67108864]
10-09 10:02:48.486584  1375  5881 I wm_pause_activity: [0,213689507,com.google.android.setupwizard/.WizardManagerActivity,userLeaving=true,resumeTopActivity]
10-09 10:02:48.500054  1375  4126 I wm_finish_activity: [0,213689507,3,com.google.android.setupwizard/.WizardManagerActivity,app-request]
10-09 10:02:48.500594  3550  3550 I wm_on_create_called: [213689507,com.google.android.setupwizard.WizardManagerActivity,performCreate]
10-09 10:02:48.510703  1375  5884 I wm_add_to_stopping: [0,213689507,com.google.android.setupwizard/.WizardManagerActivity,completeFinishing]
10-09 10:02:48.511302  1375  1375 I dvm_lock_sample: [system_server,1,main,29,ActivityManagerService.java,18174,void com.android.server.am.ActivityManagerService$LocalService.updateDeviceIdleTempAllowlist(int[], int, boolean, long, int, int, java.lang.String, int),-,18639,int com.android.server.am.ActivityManagerService$LocalService.broadcastIntent(android.content.Intent, android.content.IIntentReceiver, java.lang.String[], boolean, int, int[], android.os.Bundle),5]
10-09 10:02:48.513319  1375  5884 I wm_add_to_stopping: [0,18112681,com.transsion.overlaysuw/.SuccessActivity,makeInvisible]
10-09 10:02:48.515831  1375  5884 I wm_restart_activity: [0,222164051,3,com.google.android.setupwizard/.provision.EnterpriseSetupWrapper]
10-09 10:02:48.518597  1375  5884 I wm_set_resumed_activity: [0,com.google.android.setupwizard/.provision.EnterpriseSetupWrapper,minimalResumeActivityLocked]
10-09 10:02:48.568000 11577 11577 I auditd  : type=1400 audit(0.0:987): avc: denied { read } for comm="main" name="u:object_r:vendor_memfusion_size_prop:s0" dev="tmpfs" ino=9883 scontext=u:r:permissioncontroller_app:s0:c190,c256,c512,c768 tcontext=u:object_r:vendor_memfusion_size_prop:s0 tclass=file permissive=0 app=com.google.android.permissioncontroller
10-09 10:02:48.568000 11577 11577 I auditd  : type=1400 audit(0.0:988): avc: denied { read } for comm="main" name="u:object_r:vendor_memfusion_state_prop:s0" dev="tmpfs" ino=9884 scontext=u:r:permissioncontroller_app:s0:c190,c256,c512,c768 tcontext=u:object_r:vendor_memfusion_state_prop:s0 tclass=file permissive=0 app=com.google.android.permissioncontroller
10-09 10:02:48.568000 11577 11577 I auditd  : type=1400 audit(0.0:989): avc: denied { read } for comm="main" name="u:object_r:vendor_memfusion_tranlog_prop:s0" dev="tmpfs" ino=9886 scontext=u:r:permissioncontroller_app:s0:c190,c256,c512,c768 tcontext=u:object_r:vendor_memfusion_tranlog_prop:s0 tclass=file permissive=0 app=com.google.android.permissioncontroller
10-09 10:02:48.568000 11577 11577 I auditd  : type=1400 audit(0.0:990): avc: denied { read } for comm="main" name="u:object_r:vendor_memfusion_ui_enable_prop:s0" dev="tmpfs" ino=9887 scontext=u:r:permissioncontroller_app:s0:c190,c256,c512,c768 tcontext=u:object_r:vendor_memfusion_ui_enable_prop:s0 tclass=file permissive=0 app=com.google.android.permissioncontroller
10-09 10:02:48.576000 11577 11577 I auditd  : type=1400 audit(0.0:991): avc: denied { read } for comm="main" name="u:object_r:vendor_uxcompaction_enable_prop:s0" dev="tmpfs" ino=10131 scontext=u:r:permissioncontroller_app:s0:c190,c256,c512,c768 tcontext=u:object_r:vendor_uxcompaction_enable_prop:s0 tclass=file permissive=0 app=com.google.android.permissioncontroller
10-09 10:02:48.580028  1375  9606 I wm_task_moved: [1,1,1]
10-09 10:02:48.580898  1375  9606 I wm_set_resumed_activity: [0,com.google.android.setupwizard/.provision.EnterpriseSetupWrapper,positionChildAt]
10-09 10:02:48.580916  1375  9606 I wm_task_moved: [3,1,2147483647]
10-09 10:02:48.580993  1375  9606 I wm_create_activity: [0,103401177,3,com.google.android.setupwizard/.WizardManagerActivity,com.android.wizard.NEXT,NULL,NULL,8388608]
10-09 10:02:48.582548  1375  9606 I wm_pause_activity: [0,222164051,com.google.android.setupwizard/.provision.EnterpriseSetupWrapper,userLeaving=true,resumeTopActivity]
10-09 10:02:48.587292  1375  1375 I notification_cancel_all: [1000,1375,com.bijoy.androidkeyboard,0,0,0,5,NULL]
10-09 10:02:48.594972  1375  9606 I wm_finish_activity: [0,222164051,3,com.google.android.setupwizard/.provision.EnterpriseSetupWrapper,app-request]
10-09 10:02:48.595583  3550  3550 I wm_on_create_called: [222164051,com.google.android.setupwizard.provision.EnterpriseSetupWrapper,performCreate]
10-09 10:02:48.603954  1375  3666 I wm_add_to_stopping: [0,222164051,com.google.android.setupwizard/.provision.EnterpriseSetupWrapper,completeFinishing]
10-09 10:02:48.611125  1375  3666 I wm_restart_activity: [0,103401177,3,com.google.android.setupwizard/.WizardManagerActivity]
10-09 10:02:48.613952  1375  3666 I wm_set_resumed_activity: [0,com.google.android.setupwizard/.WizardManagerActivity,minimalResumeActivityLocked]
10-09 10:02:48.642390  1375  4126 I am_proc_start: [0,11577,10190,com.google.android.permissioncontroller,service,{com.google.android.permissioncontroller/com.android.permissioncontroller.role.service.RoleControllerServiceImpl}]
10-09 10:02:48.643725  1375  4126 I am_proc_bound: [0,11577,com.google.android.permissioncontroller]
10-09 10:02:48.652068  1375  5881 I wm_task_moved: [1,1,1]
10-09 10:02:48.652899  1375  5881 I wm_set_resumed_activity: [0,com.google.android.setupwizard/.WizardManagerActivity,positionChildAt]
10-09 10:02:48.652919  1375  5881 I wm_task_moved: [3,1,2147483647]
10-09 10:02:48.652971  1375  5881 I wm_create_activity: [0,12571877,3,com.google.android.setupwizard/.account.KidPostSetupWrapper,com.google.android.setupwizard.KID_POST_SETUP,NULL,NULL,67108864]
10-09 10:02:48.654337  1375  5881 I wm_pause_activity: [0,103401177,com.google.android.setupwizard/.WizardManagerActivity,userLeaving=true,resumeTopActivity]
10-09 10:02:48.662120  1375  5881 I wm_finish_activity: [0,103401177,3,com.google.android.setupwizard/.WizardManagerActivity,app-request]
10-09 10:02:48.662631  3550  3550 I wm_on_create_called: [103401177,com.google.android.setupwizard.WizardManagerActivity,performCreate]
10-09 10:02:48.670315  1375  4126 I wm_add_to_stopping: [0,103401177,com.google.android.setupwizard/.WizardManagerActivity,makeInvisible]
10-09 10:02:48.670966  1375  4126 I wm_add_to_stopping: [0,18112681,com.transsion.overlaysuw/.SuccessActivity,makeInvisible]
10-09 10:02:48.671647  1375  4126 I am_uid_active: 10190
10-09 10:02:48.676861  1375  5881 I wm_restart_activity: [0,12571877,3,com.google.android.setupwizard/.account.KidPostSetupWrapper]
10-09 10:02:48.679183  1375  5881 I wm_set_resumed_activity: [0,com.google.android.setupwizard/.account.KidPostSetupWrapper,minimalResumeActivityLocked]
10-09 10:02:48.681500  1375  1396 I sysui_multi_action: [757,803,799,window_time_0,802,2]
10-09 10:02:48.683997  1375  1396 I sysui_multi_action: [757,803,799,window_time_0,802,0]
10-09 10:02:48.684453  1375  1396 I sysui_multi_action: [757,803,799,window_time_0,802,0]
10-09 10:02:48.684706  1375  1396 I sysui_multi_action: [757,803,799,window_time_0,802,0]
10-09 10:02:48.697323  1375  1424 I dvm_lock_sample: [system_server,1,ActivityManager:procStart,150,ProcessList.java,2069,void com.android.server.am.ProcessList.lambda$handleProcessStart$1$com-android-server-am-ProcessList(com.android.server.am.ProcessRecord, java.lang.String, int[], int, int, int, java.lang.String, java.lang.String, java.lang.String, long),ActivityManagerService.java,18639,int com.android.server.am.ActivityManagerService$LocalService.broadcastIntent(android.content.Intent, android.content.IIntentReceiver, java.lang.String[], boolean, int, int[], android.os.Bundle),30]
10-09 10:02:48.712844  1375  1399 I dvm_lock_sample: [system_server,1,android.display,233,ProcessRecord.java,1388,void com.android.server.am.ProcessRecord.updateServiceConnectionActivities(),ActivityManagerService.java,18639,int com.android.server.am.ActivityManagerService$LocalService.broadcastIntent(android.content.Intent, android.content.IIntentReceiver, java.lang.String[], boolean, int, int[], android.os.Bundle),46]
10-09 10:02:48.738623  1375  4417 I wm_task_moved: [1,1,1]
10-09 10:02:48.739740  1375  4417 I wm_set_resumed_activity: [0,com.google.android.setupwizard/.account.KidPostSetupWrapper,positionChildAt]
10-09 10:02:48.739765  1375  4417 I wm_task_moved: [3,1,2147483647]
10-09 10:02:48.739868  1375  4417 I wm_create_activity: [0,235410377,3,com.google.android.setupwizard/.WizardManagerActivity,com.android.wizard.NEXT,NULL,NULL,8388608]
10-09 10:02:48.741688  1375  4417 I wm_pause_activity: [0,12571877,com.google.android.setupwizard/.account.KidPostSetupWrapper,userLeaving=true,resumeTopActivity]
10-09 10:02:48.762168  1375  3439 I netstats_mobile_sample: [0,0,0,0,0,0,0,0,0,0,0,0,1696842168761]
10-09 10:02:48.762345  1375  3439 I netstats_wifi_sample: [0,0,0,0,0,0,0,0,0,0,0,0,1696842168761]
10-09 10:02:48.765266  1375  4417 I wm_finish_activity: [0,12571877,3,com.google.android.setupwizard/.account.KidPostSetupWrapper,app-request]
10-09 10:02:48.765877  3550  3550 I wm_on_create_called: [12571877,com.google.android.setupwizard.account.KidPostSetupWrapper,performCreate]
10-09 10:02:48.775505  1375  5884 I wm_add_to_stopping: [0,12571877,com.google.android.setupwizard/.account.KidPostSetupWrapper,completeFinishing]
10-09 10:02:48.783518  1375  5884 I wm_restart_activity: [0,235410377,3,com.google.android.setupwizard/.WizardManagerActivity]
10-09 10:02:48.786334  1375  5884 I wm_set_resumed_activity: [0,com.google.android.setupwizard/.WizardManagerActivity,minimalResumeActivityLocked]
10-09 10:02:48.830827  1375  5884 I wm_task_moved: [1,1,1]
10-09 10:02:48.831861  1375  5884 I wm_set_resumed_activity: [0,com.google.android.setupwizard/.WizardManagerActivity,positionChildAt]
10-09 10:02:48.831883  1375  5884 I wm_task_moved: [3,1,2147483647]
10-09 10:02:48.831936  1375  5884 I wm_create_activity: [0,129391047,3,com.google.android.setupwizard/.SetupWizardExitActivity,com.android.setupwizard.EXIT,NULL,NULL,75497472]
10-09 10:02:48.833795  1375  5884 I wm_pause_activity: [0,235410377,com.google.android.setupwizard/.WizardManagerActivity,userLeaving=true,resumeTopActivity]
10-09 10:02:48.864569  1375  3666 I wm_finish_activity: [0,235410377,3,com.google.android.setupwizard/.WizardManagerActivity,app-request]
10-09 10:02:48.865104  3550  3550 I wm_on_create_called: [235410377,com.google.android.setupwizard.WizardManagerActivity,performCreate]
10-09 10:02:48.867654 11605 11605 I service_manager_slow: [15,activity]
10-09 10:02:48.875176  1375  4121 I wm_add_to_stopping: [0,235410377,com.google.android.setupwizard/.WizardManagerActivity,completeFinishing]
10-09 10:02:48.881448  1375  4121 I wm_restart_activity: [0,129391047,3,com.google.android.setupwizard/.SetupWizardExitActivity]
10-09 10:02:48.884105  1375  4121 I wm_set_resumed_activity: [0,com.google.android.setupwizard/.SetupWizardExitActivity,minimalResumeActivityLocked]
10-09 10:02:48.887361  1375  3435 I am_proc_start: [0,11605,1000,com.android.keychain,service,{com.android.keychain/com.android.keychain.KeyChainService}]
10-09 10:02:48.901625  1375  3440 I commit_sys_config_file: [net-policy,786173]
10-09 10:02:48.904337  1375  3435 I am_proc_bound: [0,11605,com.android.keychain]
10-09 10:02:48.959234  1375  4126 I dvm_lock_sample: [system_server,0,binder:1375_E,237,ActivityManagerService.java,14037,void com.android.server.am.ActivityManagerService.serviceDoneExecuting(android.os.IBinder, int, int, int),,0,null,47]
10-09 10:02:48.959729  1375  9606 I dvm_lock_sample: [system_server,1,binder:1375_1D,238,ActivityManagerService.java,14017,void com.android.server.am.ActivityManagerService.publishService(android.os.IBinder, android.content.Intent, android.os.IBinder),,0,null,47]
10-09 10:02:48.960778  1375  1399 I dvm_lock_sample: [system_server,1,android.display,247,ProcessRecord.java,1440,void com.android.server.am.ProcessRecord.onStartActivity(int, boolean, java.lang.String, long),,0,null,49]
10-09 10:02:48.964562  1375  4125 I dvm_lock_sample: [system_server,1,binder:1375_D,507,ActivityManagerService.java,13799,android.content.ComponentName com.android.server.am.ActivityManagerService.startService(android.app.IApplicationThread, android.content.Intent, java.lang.String, boolean, java.lang.String, java.lang.String, int),,0,null,100]
10-09 10:02:48.965171  1375  3476 I commit_sys_config_file: [session_index,241]
10-09 10:02:48.981698  1375  3476 I commit_sys_config_file: [blobs_index,16]
10-09 10:02:48.997096  1375  3476 I commit_sys_config_file: [session_index,14]
10-09 10:02:48.997114  1375  1398 I commit_sys_config_file: [notification-policy,790664]
10-09 10:02:49.009627  1375  3476 I commit_sys_config_file: [blobs_index,12]
10-09 10:02:49.012899  1375  1399 I wm_destroy_activity: [0,235410377,3,com.google.android.setupwizard/.WizardManagerActivity,finish-imm:idle]
10-09 10:02:49.016207  1375  1399 I wm_destroy_activity: [0,12571877,3,com.google.android.setupwizard/.account.KidPostSetupWrapper,finish-imm:idle]
10-09 10:02:49.029338  1375  1399 I wm_destroy_activity: [0,103401177,3,com.google.android.setupwizard/.WizardManagerActivity,finish-imm:idle]
10-09 10:02:49.031079  1375  1399 I wm_destroy_activity: [0,222164051,3,com.google.android.setupwizard/.provision.EnterpriseSetupWrapper,finish-imm:idle]
10-09 10:02:49.032751  1375  1399 I wm_destroy_activity: [0,213689507,3,com.google.android.setupwizard/.WizardManagerActivity,finish-imm:idle]
10-09 10:02:49.034360  1375  1399 I wm_destroy_activity: [0,100225863,3,com.google.android.setupwizard/.WizardManagerActivity,finish-imm:idle]
10-09 10:02:49.036440  1375  1398 I commit_sys_config_file: [tan-notification-policy,34]
10-09 10:02:49.056114  1375  3439 I netstats_mobile_sample: [0,0,0,0,0,0,0,0,0,0,0,0,1696842169055]
10-09 10:02:49.056423  1375  3439 I netstats_wifi_sample: [0,0,0,0,0,0,0,0,0,0,0,0,1696842169055]
10-09 10:02:49.096794  1375  3439 I netstats_mobile_sample: [0,0,0,0,0,0,0,0,0,0,0,0,1696842169096]
10-09 10:02:49.097140  1375  3439 I netstats_wifi_sample: [0,0,0,0,0,0,0,0,0,0,0,0,1696842169096]
10-09 10:02:49.128489  1375  3439 I netstats_mobile_sample: [0,0,0,0,0,0,0,0,0,0,0,0,1696842169128]
10-09 10:02:49.128603  1375  3439 I netstats_wifi_sample: [0,0,0,0,0,0,0,0,0,0,0,0,1696842169128]
10-09 10:02:49.144448  1375  1424 I am_proc_start: [0,11639,10150,com.google.android.setupwizard:remote,content provider,{com.google.android.setupwizard/com.google.android.setupwizard.deviceorigin.provider.DeviceOriginProvider}]
10-09 10:02:49.166998  1375  1375 I notification_cancel_all: [1000,1375,com.transsion.phoenix,0,0,0,5,NULL]
10-09 10:02:49.179323  1375  1375 I notification_cancel_all: [1000,1375,com.infinix.xpark,0,0,0,5,NULL]
10-09 10:02:49.190537  1375  1375 I notification_cancel_all: [1000,1375,com.transsnet.boomplay.lite,0,0,0,5,NULL]
10-09 10:02:49.214774  1375  1424 I am_proc_start: [0,11660,1000,com.transsion.phonemanager,service,{com.transsion.phonemanager/com.transsion.phonemanager.CustomTpmsEventService}]
10-09 10:02:49.261733  1375  3666 I dvm_lock_sample: [system_server,1,binder:1375_6,26,ActivityManagerService.java,5538,void com.android.server.am.ActivityManagerService.attachApplication(android.app.IApplicationThread, long),-,13990,int com.android.server.am.ActivityManagerService.bindServiceInstance(android.app.IApplicationThread, android.os.IBinder, android.content.Intent, java.lang.String, android.app.IServiceConnection, int, java.lang.String, boolean, int, java.lang.String, java.lang.String, int),5]
10-09 10:02:49.262159  1375  3666 I am_proc_bound: [0,11639,com.google.android.setupwizard:remote]
10-09 10:02:49.272016  1375  3440 I commit_sys_config_file: [net-policy,786543]
10-09 10:02:49.290673  1375  4417 I dvm_lock_sample: [system_server,1,binder:1375_F,58,ContentProviderHelper.java,749,void com.android.server.am.ContentProviderHelper.publishContentProviders(android.app.IApplicationThread, java.util.List),,0,null,11]
10-09 10:02:49.298682  1375  1508 I commit_sys_config_file: [settings-1-0,126]
10-09 10:02:49.351440  1375  3440 I commit_sys_config_file: [net-policy,786623]
10-09 10:02:49.431593 11660 11660 I service_manager_slow: [10,activity]
10-09 10:02:49.434416  1375  5884 I am_proc_bound: [0,11660,com.transsion.phonemanager]
10-09 10:02:49.457187  1375  1398 I commit_sys_config_file: [notification-policy,791125]
10-09 10:02:49.458210  1375  1507 I dvm_lock_sample: [system_server,0,AccountManagerService,21,RegisteredServicesCache.java,351,java.util.Collection android.content.pm.RegisteredServicesCache.getAllServices(int),-,593,void android.content.pm.RegisteredServicesCache.generateServicesMap(int[], int),4]
10-09 10:02:49.462481  1375  1398 I commit_sys_config_file: [tan-notification-policy,460]
10-09 10:02:49.493077  1375  1396 I sysui_multi_action: [757,803,799,window_time_0,802,0]
10-09 10:02:49.497646  1375  1396 I sysui_multi_action: [757,803,799,window_time_0,802,1]
10-09 10:02:49.512754  1375  3440 I commit_sys_config_file: [net-policy,786784]
10-09 10:02:49.526033  3994  3994 I dvm_lock_sample: [com.google.android.gms.persisten,1,main,295,SQLiteOpenHelper.java,315,android.database.sqlite.SQLiteDatabase android.database.sqlite.SQLiteOpenHelper.getWritableDatabase(),-,340,android.database.sqlite.SQLiteDatabase android.database.sqlite.SQLiteOpenHelper.getReadableDatabase(),59]
10-09 10:02:49.623114  1375  1396 I sysui_multi_action: [757,803,799,window_time_0,802,0]
10-09 10:02:49.623930  1375  1424 I am_proc_start: [0,11711,1000,com.transsion.ossettingsext,broadcast,{com.transsion.ossettingsext/com.transsion.ossettingsext.flash.applist.MonitorSysReceiver}]
10-09 10:02:49.726561  1375  4417 I am_proc_bound: [0,11711,com.transsion.ossettingsext]
10-09 10:02:49.763735  1375  5884 I am_kill : [0,8740,com.google.android.partnersetup,975,empty for 607s]
10-09 10:02:49.794278  1375  8624 I am_proc_died: [0,8740,com.google.android.partnersetup,975,19]
10-09 10:02:49.796982  1375  8624 I am_uid_stopped: 10098
10-09 10:02:49.873288  1375  1508 I commit_sys_config_file: [settings-2-0,9]
10-09 10:02:49.886160  1375  8624 I am_uid_running: 10121
10-09 10:02:49.889234  1375  8624 I am_kill : [0,10547,com.transsnet.store:xwebview,985,empty for 607s]
10-09 10:02:49.915712  1375  1424 I am_proc_start: [0,11738,10121,com.android.chrome,broadcast,{com.android.chrome/org.chromium.chrome.browser.browserservices.InstalledWebappBroadcastReceiver}]
10-09 10:02:49.933027  1375  3435 I am_proc_died: [0,10547,com.transsnet.store:xwebview,985,19]
10-09 10:02:49.934067  1375  3435 I am_uid_stopped: 10109
10-09 10:02:49.940000 11738 11738 I auditd  : type=1400 audit(0.0:997): avc: denied { read } for comm="main" name="u:object_r:vendor_memfusion_size_prop:s0" dev="tmpfs" ino=9883 scontext=u:r:untrusted_app:s0:c121,c256,c512,c768 tcontext=u:object_r:vendor_memfusion_size_prop:s0 tclass=file permissive=0 app=com.android.chrome
10-09 10:02:49.940000 11738 11738 I auditd  : type=1400 audit(0.0:998): avc: denied { read } for comm="main" name="u:object_r:vendor_memfusion_state_prop:s0" dev="tmpfs" ino=9884 scontext=u:r:untrusted_app:s0:c121,c256,c512,c768 tcontext=u:object_r:vendor_memfusion_state_prop:s0 tclass=file permissive=0 app=com.android.chrome
10-09 10:02:49.942919  4339 11704 I dvm_lock_sample: [com.google.android.gms,0,Background initialization thread,421,:com.google.android.gms@231015069@23.10.15 (200300-517566699),0,android.database.sqlite.SQLiteDatabase ablv.a(),-,0,android.database.sqlite.SQLiteDatabase ablv.a(),84]
10-09 10:02:49.940000 11738 11738 I auditd  : type=1400 audit(0.0:1000): avc: denied { read } for comm="main" name="u:object_r:vendor_memfusion_ui_enable_prop:s0" dev="tmpfs" ino=9887 scontext=u:r:untrusted_app:s0:c121,c256,c512,c768 tcontext=u:object_r:vendor_memfusion_ui_enable_prop:s0 tclass=file permissive=0 app=com.android.chrome
10-09 10:02:49.948000 11738 11738 I auditd  : type=1400 audit(0.0:1001): avc: denied { read } for comm="main" name="u:object_r:vendor_uxcompaction_enable_prop:s0" dev="tmpfs" ino=10131 scontext=u:r:untrusted_app:s0:c121,c256,c512,c768 tcontext=u:object_r:vendor_uxcompaction_enable_prop:s0 tclass=file permissive=0 app=com.android.chrome
10-09 10:02:49.985691  1375  9606 I am_proc_bound: [0,11738,com.android.chrome]
10-09 10:02:50.146433  1375  5884 I commit_sys_config_file: [settings-0-0,6]
10-09 10:02:50.200773  1375  4126 I commit_sys_config_file: [settings-2-0,5]
10-09 10:02:50.218197  1375  1389 I am_kill : [0,10857,com.google.android.apps.turbo:aab,975,empty for 596s]
10-09 10:02:50.252888  1375  4417 I am_proc_died: [0,10857,com.google.android.apps.turbo:aab,975,19]
10-09 10:02:50.277821  1375  3667 I wm_task_created: [4,-1]
10-09 10:02:50.280852  1375  3667 I wm_task_moved: [4,1,2147483647]
10-09 10:02:50.284779  1375  3667 I wm_task_moved: [1,1,1]
10-09 10:02:50.285871  1375  3667 I wm_set_resumed_activity: [0,com.google.android.setupwizard/.SetupWizardExitActivity,positionChildAt]
10-09 10:02:50.285970  1375  3667 I wm_create_task: [0,4]
10-09 10:02:50.286045  1375  3667 I wm_create_activity: [0,126872876,4,com.transsion.XOSLauncher/com.android.quickstep.src.com.android.launcher3.uioverrides.QuickstepLauncher,android.intent.action.MAIN,NULL,NULL,278953984]
10-09 10:02:50.286533  1375  3667 I wm_task_moved: [1,1,1]
10-09 10:02:50.287743  1375  3667 I wm_set_resumed_activity: [0,com.google.android.setupwizard/.SetupWizardExitActivity,positionChildAt]
10-09 10:02:50.287766  1375  3667 I wm_task_moved: [4,1,2147483647]
10-09 10:02:50.287788  1375  3667 I wm_task_to_front: [0,4]
10-09 10:02:50.291379  1375  3667 I wm_pause_activity: [0,129391047,com.google.android.setupwizard/.SetupWizardExitActivity,userLeaving=true,pauseBackTasks]
10-09 10:02:50.294092  1375  3667 I wm_add_to_stopping: [0,129391047,com.google.android.setupwizard/.SetupWizardExitActivity,makeInvisible]
10-09 10:02:50.294430  1375  3667 I wm_add_to_stopping: [0,18112681,com.transsion.overlaysuw/.SuccessActivity,makeInvisible]
10-09 10:02:50.295385  1375  1396 I sysui_multi_action: [757,803,799,window_time_0,802,1]
10-09 10:02:50.298653  1375  3667 I wm_restart_activity: [0,126872876,4,com.transsion.XOSLauncher/com.android.quickstep.src.com.android.launcher3.uioverrides.QuickstepLauncher]
10-09 10:02:50.301883  1375  3667 I wm_set_resumed_activity: [0,com.transsion.XOSLauncher/com.android.quickstep.src.com.android.launcher3.uioverrides.QuickstepLauncher,minimalResumeActivityLocked]
10-09 10:02:50.338795  1375  1508 I commit_sys_config_file: [settings-1-0,41]
10-09 10:02:50.353061  1375  3745 I wm_destroy_activity: [0,129391047,3,com.google.android.setupwizard/.SetupWizardExitActivity,finish-imm:finish-and-remove-task]
10-09 10:02:50.361820  1375  3745 I wm_destroy_activity: [0,18112681,3,com.transsion.overlaysuw/.SuccessActivity,finish-imm:finish-and-remove-task]
10-09 10:02:50.365053  1375  3745 I wm_destroy_activity: [0,239697281,3,com.transsion.overlaysuw/.TransferDataActivity,finish-imm:finish-and-remove-task]
10-09 10:02:50.368730  1375  3745 I wm_destroy_activity: [0,50444883,3,com.transsion.overlaysuw/.ChooseLockGenericActivity,finish-imm:finish-and-remove-task]
10-09 10:02:50.375041  1375  3745 I wm_destroy_activity: [0,141210734,3,com.google.android.setupwizard/.user.GoogleServicesWrapper,finish-imm:finish-and-remove-task]
10-09 10:02:50.377101  1375  3745 I wm_destroy_activity: [0,95379201,3,com.transsion.overlaysuw/.TermsActivity,finish-imm:finish-and-remove-task]
10-09 10:02:50.378684  1375  3745 I wm_destroy_activity: [0,181642857,3,com.android.settings/.SetupSettingsActivity,finish-imm:finish-and-remove-task]
10-09 10:02:50.380867  1375  3745 I wm_destroy_activity: [0,210531894,3,com.transsion.overlaysuw/.CheckSimActivity,finish-imm:finish-and-remove-task]
10-09 10:02:50.382659  1375  3745 I wm_destroy_activity: [0,55652527,3,com.transsion.overlaysuw/.SelectCountryActivity,finish-imm:finish-and-remove-task]
10-09 10:02:50.384593  1375  3745 I wm_destroy_activity: [0,37703676,3,com.transsion.overlaysuw/.SelectLanguageActivity,finish-imm:finish-and-remove-task]
10-09 10:02:50.387700  1375  1396 I sysui_multi_action: [757,803,799,window_time_0,802,0]
10-09 10:02:50.389517  1375  1389 I dvm_lock_sample: [system_server,0,binder:1375_1,50,ActivityTaskManagerService.java,6196,void com.android.server.wm.ActivityTaskManagerService$LocalService.onProcessAdded(com.android.server.wm.WindowProcessController),,0,null,10]
10-09 10:02:50.392847  3550  3550 I wm_on_create_called: [129391047,com.google.android.setupwizard.SetupWizardExitActivity,performCreate]
10-09 10:02:50.393367  3551  3551 I wm_on_stop_called: [18112681,com.transsion.overlaysuw.SuccessActivity,LIFECYCLER_STOP_ACTIVITY]
10-09 10:02:50.395031  3551  3551 I wm_on_destroy_called: [18112681,com.transsion.overlaysuw.SuccessActivity,performDestroy]
10-09 10:02:50.397929 10456 10456 I wm_on_destroy_called: [181642857,com.android.settings.SetupSettingsActivity,performDestroy]
10-09 10:02:50.399783  3550  3550 I wm_on_destroy_called: [235410377,com.google.android.setupwizard.WizardManagerActivity,performDestroy]
10-09 10:02:50.400642  3550  3550 I wm_on_destroy_called: [12571877,com.google.android.setupwizard.account.KidPostSetupWrapper,performDestroy]
10-09 10:02:50.401961  3550  3550 I wm_on_destroy_called: [103401177,com.google.android.setupwizard.WizardManagerActivity,performDestroy]
10-09 10:02:50.403343  3550  3550 I wm_on_destroy_called: [222164051,com.google.android.setupwizard.provision.EnterpriseSetupWrapper,performDestroy]
10-09 10:02:50.428369  3550  3550 I wm_on_destroy_called: [213689507,com.google.android.setupwizard.WizardManagerActivity,performDestroy]
10-09 10:02:50.429257  3550  3550 I wm_on_destroy_called: [100225863,com.google.android.setupwizard.WizardManagerActivity,performDestroy]
10-09 10:02:50.446392  3551  3551 I wm_on_destroy_called: [239697281,com.transsion.overlaysuw.TransferDataActivity,performDestroy]
10-09 10:02:50.454015  1375  4417 I am_foreground_service_stop: [0,com.google.android.setupwizard/.notification.SetupNotificationService,1,PROC_STATE_TOP,33,33,1,1,785151,1,STOP_FOREGROUND]
10-09 10:02:50.471449  3551  3551 I wm_on_destroy_called: [50444883,com.transsion.overlaysuw.ChooseLockGenericActivity,performDestroy]
10-09 10:02:50.472478  1375  1400 I dvm_lock_sample: [system_server,1,android.anim,11,WindowAnimator.java,106,void com.android.server.wm.WindowAnimator.lambda$new$1$com-android-server-wm-WindowAnimator(long),,0,null,2]
10-09 10:02:50.476892  1375  4417 I dvm_lock_sample: [system_server,1,binder:1375_F,11,ProcessList.java,3606,void com.android.server.am.ProcessList.updateLruProcessLocked(com.android.server.am.ProcessRecord, boolean, com.android.server.am.ProcessRecord),ActivityManagerService.java,7718,boolean com.android.server.am.ActivityManagerService.isUserAMonkey(),2]
10-09 10:02:50.485590  1375  1508 I commit_sys_config_file: [settings-2-0,41]
10-09 10:02:50.502737  3551  3551 I wm_on_destroy_called: [95379201,com.transsion.overlaysuw.TermsActivity,performDestroy]
10-09 10:02:50.515685  3551  3551 I wm_on_destroy_called: [210531894,com.transsion.overlaysuw.CheckSimActivity,performDestroy]
10-09 10:02:50.530425  3551  3551 I wm_on_destroy_called: [55652527,com.transsion.overlaysuw.SelectCountryActivity,performDestroy]
10-09 10:02:50.543964  1375  1508 I commit_sys_config_file: [settings-0-0,11]
10-09 10:02:50.546811  3551  3551 I wm_on_destroy_called: [37703676,com.transsion.overlaysuw.SelectLanguageActivity,performDestroy]
10-09 10:02:50.573397  1375  6982 I dvm_lock_sample: [system_server,1,binder:1375_19,30,ActivityManagerService.java,14409,android.content.Intent com.android.server.am.ActivityManagerService.registerReceiverWithFeature(android.app.IApplicationThread, java.lang.String, java.lang.String, java.lang.String, android.content.IIntentReceiver, android.content.IntentFilter, java.lang.String, int, int),-,13862,void com.android.server.am.ActivityManagerService.setServiceForeground(android.content.ComponentName, android.os.IBinder, int, android.app.Notification, int, int),6]
10-09 10:02:50.574413  1375  4125 I am_proc_start: [0,11794,10117,com.android.vending:background,broadcast,{com.android.vending/com.google.android.finsky.packagemonitor.backgroundimpl.BackgroundPackageMonitorReceiverImpl$RegisteredReceiver}]
10-09 10:02:50.578445  1375  4125 I am_proc_bound: [0,11794,com.android.vending:background]
10-09 10:02:50.578481  1375  1400 I dvm_lock_sample: [system_server,1,android.anim,102,InputMonitor.java,119,void com.android.server.wm.InputMonitor$UpdateInputWindows.run(),,0,null,20]
10-09 10:02:50.588576  1375  4121 I dvm_lock_sample: [system_server,0,binder:1375_A,171,Session.java,948,void com.android.server.wm.Session.setOnBackInvokedCallbackInfo(android.view.IWindow, android.window.OnBackInvokedCallbackInfo),ActivityTaskManagerService.java,7835,boolean com.android.server.wm.ActivityTaskManagerService.hasMultiWindow(),34]
10-09 10:02:50.608505  1375  1399 I am_kill : [0,10458,tech.palm.id,935,empty for 8s]
10-09 10:02:50.609940  1375  1399 I am_kill : [0,11160,android.process.media,975,empty for 23s]
10-09 10:02:50.610876  1375  1399 I am_kill : [0,11085,com.google.android.apps.turbo,985,empty for 26s]
10-09 10:02:50.619413  1375  4124 I dvm_lock_sample: [system_server,1,binder:1375_C,137,ActivityManagerService.java,6197,void com.android.server.am.ActivityManagerService.setProcessImportant(android.os.IBinder, int, boolean, java.lang.String),,0,null,27]
10-09 10:02:50.619900  3550  3550 I wm_on_destroy_called: [129391047,com.google.android.setupwizard.SetupWizardExitActivity,performDestroy]
10-09 10:02:50.620837  3550  3550 I wm_on_destroy_called: [141210734,com.google.android.setupwizard.user.GoogleServicesWrapper,performDestroy]
10-09 10:02:50.623242  1375  1389 I dvm_lock_sample: [system_server,1,binder:1375_1,168,ContentProviderHelper.java,197,android.app.ContentProviderHolder com.android.server.am.ContentProviderHelper.getContentProviderImpl(android.app.IApplicationThread, java.lang.String, android.os.IBinder, int, java.lang.String, java.lang.String, boolean, int),,0,null,33]
10-09 10:02:50.631297  1375  1424 I dvm_lock_sample: [system_server,1,ActivityManager:procStart,175,ProcessList.java,2069,void com.android.server.am.ProcessList.lambda$handleProcessStart$1$com-android-server-am-ProcessList(com.android.server.am.ProcessRecord, java.lang.String, int[], int, int, int, java.lang.String, java.lang.String, java.lang.String, long),,0,null,35]
10-09 10:02:50.631632  1375  1423 I dvm_lock_sample: [system_server,1,ActivityManager,178,BroadcastQueue.java,1201,void com.android.server.am.BroadcastQueue.processNextBroadcast(boolean),,0,null,35]
10-09 10:02:50.638393  1375  6028 I service_manager_slow: [27,idmap]
10-09 10:02:50.726913  1375  6982 I am_proc_died: [0,11160,android.process.media,975,19]
10-09 10:02:50.728350  1375  6982 I am_uid_stopped: 10048
10-09 10:02:50.755197  1375  9262 I am_proc_died: [0,11085,com.google.android.apps.turbo,985,19]
10-09 10:02:50.756487  1375  9262 I am_uid_stopped: 10114
10-09 10:02:50.764029  1375  3435 I am_proc_died: [0,10458,tech.palm.id,935,19]
10-09 10:02:50.770084  1375  3435 I am_uid_stopped: 10165
10-09 10:02:50.815159  1375  4124 I am_kill : [0,10457,com.google.android.gms.ui,945,empty for 7s]
10-09 10:02:50.840873  1375  6028 I commit_sys_config_file: [overlays,952708]
10-09 10:02:50.846231  1375  1389 I am_kill : [0,11660,com.transsion.phonemanager,955,empty for 1s]
10-09 10:02:50.993030  1375  1390 I am_proc_died: [0,10457,com.google.android.gms.ui,945,19]
10-09 10:02:51.027183  1375  4126 I dvm_lock_sample: [system_server,0,binder:1375_E,28,ActivityManagerService.java,1657,void com.android.server.am.ActivityManagerService$AppDeathRecipient.binderDied(),-,1659,void com.android.server.am.ActivityManagerService$AppDeathRecipient.binderDied(),5]
10-09 10:02:51.027774  1375  4126 I am_proc_died: [0,11660,com.transsion.phonemanager,955,19]
10-09 10:02:51.092000   517   517 I auditd  : type=1400 audit(0.0:1012): avc: denied { read } for comm="binder:517_6" name="wakeup129" dev="sysfs" ino=40896 scontext=u:r:system_suspend:s0 tcontext=u:object_r:sysfs_batteryinfo:s0 tclass=dir permissive=0
10-09 10:02:51.112000   517   517 I auditd  : type=1400 audit(0.0:1013): avc: denied { read } for comm="binder:517_6" name="wakeup20" dev="sysfs" ino=30846 scontext=u:r:system_suspend:s0 tcontext=u:object_r:sysfs:s0 tclass=dir permissive=0
10-09 10:02:51.141976  1375  4125 I dvm_lock_sample: [system_server,0,binder:1375_D,212,ActivityManagerService.java,14037,void com.android.server.am.ActivityManagerService.serviceDoneExecuting(android.os.IBinder, int, int, int),,0,null,42]
10-09 10:02:51.144035  1375  1435 I dvm_lock_sample: [system_server,0,FileObserver,85,WallpaperManagerService.java,263,com.android.server.wallpaper.WallpaperManagerService$WallpaperData com.android.server.wallpaper.WallpaperManagerService$WallpaperObserver.dataForEvent(boolean, boolean),-,2367,void com.android.server.wallpaper.WallpaperManagerService.setDimensionHints(int, int, java.lang.String, int),17]
10-09 10:02:51.207129  1375  1508 I commit_sys_config_file: [settings-2-0,21]
10-09 10:02:51.228275  1375  3435 I am_kill : [0,11711,com.transsion.ossettingsext,955,empty for 1s]
10-09 10:02:51.254233  1375  4123 I am_proc_died: [0,11711,com.transsion.ossettingsext,955,19]
10-09 10:02:51.368000   517   517 I auditd  : type=1400 audit(0.0:1014): avc: denied { read } for comm="binder:517_6" name="wakeup25" dev="sysfs" ino=31395 scontext=u:r:system_suspend:s0 tcontext=u:object_r:sysfs:s0 tclass=dir permissive=0
10-09 10:02:51.392000  3924  3924 I auditd  : type=1400 audit(0.0:1015): avc: denied { read } for comm="ion.XOSLauncher" name="u:object_r:qemu_hw_prop:s0" dev="tmpfs" ino=16571 scontext=u:r:untrusted_app:s0:c178,c256,c512,c768 tcontext=u:object_r:qemu_hw_prop:s0 tclass=file permissive=0 app=com.transsion.XOSLauncher
10-09 10:02:51.412024  3994  3994 I dvm_lock_sample: [com.google.android.gms.persisten,1,main,48,:com.google.android.gms@231015069@23.10.15 (200300-517566699),0,java.util.concurrent.ScheduledExecutorService uuk.b(),-,0,java.util.concurrent.ScheduledExecutorService uuk.b(),9]
10-09 10:02:51.416000   517   517 I auditd  : type=1400 audit(0.0:1016): avc: denied { read } for comm="binder:517_6" name="wakeup33" dev="sysfs" ino=31765 scontext=u:r:system_suspend:s0 tcontext=u:object_r:sysfs:s0 tclass=dir permissive=0
10-09 10:02:51.436428  3924  3924 I wm_on_create_called: [126872876,com.android.quickstep.src.com.android.launcher3.uioverrides.QuickstepLauncher,performCreate]
10-09 10:02:51.455156  3924  3924 I wm_on_start_called: [126872876,com.android.quickstep.src.com.android.launcher3.uioverrides.QuickstepLauncher,handleStartActivity]
10-09 10:02:51.466384  3924  3924 I wm_on_resume_called: [126872876,com.android.quickstep.src.com.android.launcher3.uioverrides.QuickstepLauncher,RESUME_ACTIVITY]
10-09 10:02:51.478135  1375  1390 I sysui_multi_action: [757,856,758,1,806,com.skyroam.silverhelper,857,com.skyroam.silver,858,4]
10-09 10:02:51.479776  1375  1390 I sysui_multi_action: [757,856,758,1,806,com.skyroam.silverhelper,857,silver.QuickControls,858,3]
10-09 10:02:51.481841  1375  1390 I sysui_multi_action: [757,856,758,1,806,com.skyroam.silverhelper,857,silver.2,858,2]
10-09 10:02:51.486667  1375  1508 I commit_sys_config_file: [settings-0-0,6]
10-09 10:02:51.505381  3924  3924 I wm_on_top_resumed_gained_called: [126872876,com.android.quickstep.src.com.android.launcher3.uioverrides.QuickstepLauncher,topStateChangedWhenResumed]
10-09 10:02:51.537333  1375  1430 I dvm_lock_sample: [system_server,0,batterystats-handler,1149,BatteryStatsService.java,1114,void com.android.server.am.BatteryStatsService.lambda$noteStopWakelockFromSource$26$com-android-server-am-BatteryStatsService(android.os.WorkSource, int, java.lang.String, java.lang.String, int, long, long),BatteryExternalStatsWorker.java,733,void com.android.server.am.BatteryExternalStatsWorker.updateExternalStatsLocked(java.lang.String, int, boolean, boolean, int, int[], boolean),100]
10-09 10:02:51.565127  1375  1400 I input_focus: [Focus request b46082a com.transsion.XOSLauncher/com.android.quickstep.src.com.android.launcher3.uioverrides.QuickstepLauncher,reason=UpdateInputWindows]
10-09 10:02:51.639885  1375  1409 I commit_sys_config_file: [display-state,968459]
10-09 10:02:51.682251  1375  1398 I commit_sys_config_file: [jobs,5]
10-09 10:02:51.695073  1375  1400 I wm_wallpaper_surface: [0,1]
10-09 10:02:51.698147  1375  1375 I dvm_lock_sample: [system_server,1,main,806,OverlayManagerService.java,617,android.content.om.OverlayInfo com.android.server.om.OverlayManagerService$1.getOverlayInfoByIdentifier(android.content.om.OverlayIdentifier, int),-,1538,java.util.List com.android.server.om.OverlayManagerService.updatePackageManagerLocked(java.util.Collection, int),100]
10-09 10:02:51.698971  1375  1480 I dvm_lock_sample: [system_server,0,OverlayManager,963,OverlayManagerService.java,448,void com.android.server.om.OverlayManagerService$PackageReceiver.onPackageChanged(java.lang.String, int[]),-,1538,java.util.List com.android.server.om.OverlayManagerService.updatePackageManagerLocked(java.util.Collection, int),100]
10-09 10:02:51.743156  1375  1398 I commit_sys_config_file: [notification-policy,793410]
10-09 10:02:51.749610  1375  1396 I configuration_changed: -2147483648
10-09 10:02:51.751832  1375  1534 I input_focus: [Focus entering b46082a com.transsion.XOSLauncher/com.android.quickstep.src.com.android.launcher3.uioverrides.QuickstepLauncher (server),reason=Window became focusable. Previous reason: NOT_VISIBLE]
10-09 10:02:51.986626  1375  1375 I sysui_multi_action: [757,128,758,5,759,8,793,776485,794,0,795,776485,796,9,806,com.google.android.setupwizard,857,initial,858,2,947,0,1500,774618,1688,1]
10-09 10:02:51.986856  1375  1375 I notification_canceled: [0|com.google.android.setupwizard|9|null|10150,8,776485,776485,0,-1,-1,NULL]
10-09 10:02:52.069303  1375  1400 I wm_task_removed: [3,cleanUpResourcesForDestroy]
10-09 10:02:52.071993  1375  1400 I wm_task_removed: [3,removeChild:removeChild last r=ActivityRecord{11460a9 u0 com.transsion.overlaysuw/.SuccessActivity} t-1 f}} in t=Task{e6c6a92 #3 type=home A=10150:com.android.wizard U=0 visible=false visibleRequested=false mode=fullscreen translucent=true sz=0}]
10-09 10:02:52.072280  1375  1400 I wm_task_removed: [3,removeChild]
10-09 10:02:52.179882  1375  1396 I dvm_lock_sample: [system_server,0,android.fg,335,AppWidgetServiceImpl.java,5102,void com.android.server.appwidget.AppWidgetServiceImpl$AppWidgetManagerLocal.applyResourceOverlaysToWidgets(java.util.Set, int, boolean),-,1682,android.content.pm.ParceledListSlice com.android.server.appwidget.AppWidgetServiceImpl.getInstalledProvidersForProfile(int, int, java.lang.String),67]
10-09 10:02:52.254209  1375  1396 I sysui_multi_action: [319,3314,322,3312,325,1003,757,761,758,9,759,2,806,com.transsion.XOSLauncher,871,com.android.quickstep.src.com.android.launcher3.uioverrides.QuickstepLauncher,904,com.google.android.setupwizard,905,0,1320,4,1321,23]
10-09 10:02:52.632280  1375  1375 I commit_sys_config_file: [overlays,954500]
10-09 10:02:52.728000  1375  1375 I auditd  : type=1400 audit(0.0:1022): avc: denied { read } for comm="binder:1375_B" name="u:object_r:vendor_default_prop:s0" dev="tmpfs" ino=9871 scontext=u:r:system_server:s0 tcontext=u:object_r:vendor_default_prop:s0 tclass=file permissive=0
10-09 10:02:52.772779  1375  8624 I dvm_lock_sample: [system_server,1,binder:1375_1B,11,PackageManagerService.java,1158,com.android.server.pm.Computer com.android.server.pm.PackageManagerService.snapshotComputer(),,0,null,2]
10-09 10:02:52.774781  1375  1390 I dvm_lock_sample: [system_server,1,binder:1375_2,27,PackageManagerService.java,1158,com.android.server.pm.Computer com.android.server.pm.PackageManagerService.snapshotComputer(),,0,null,5]
10-09 10:02:53.315948  1375  1396 I configuration_changed: -2147483648
10-09 10:02:53.393218  1375  1399 I dvm_lock_sample: [system_server,1,android.display,74,ActivityManagerService.java,18710,void com.android.server.am.ActivityManagerService$LocalService.updateOomLevelsForDisplay(int),-,13813,android.content.ComponentName com.android.server.am.ActivityManagerService.startService(android.app.IApplicationThread, android.content.Intent, java.lang.String, boolean, java.lang.String, java.lang.String, int),14]
10-09 10:02:53.413226  1375  4417 I am_kill : [0,3551,com.transsion.overlaysuw,935,stop com.transsion.overlaysuw due to from pid 3551]
10-09 10:02:53.492510  1375  1508 I commit_sys_config_file: [settings-2-0,44]
10-09 10:02:53.493031  1375  1375 I notification_cancel_all: [1000,1375,com.transsion.overlaysuw,0,0,0,5,NULL]
10-09 10:02:53.510370  3994  3994 I service_manager_stats: [200,320,1008726]
10-09 10:02:53.531348  1375  3667 I dvm_lock_sample: [system_server,0,binder:1375_7,43,ActivityManagerService.java,1657,void com.android.server.am.ActivityManagerService$AppDeathRecipient.binderDied(),,0,null,8]
10-09 10:02:53.640000  1375  1375 I auditd  : type=1400 audit(0.0:1023): avc: denied { ioctl } for comm="ackgroundThread" path="/data/misc_de/0/apexdata/com.android.permission/roles.xml" dev="dm-40" ino=8366 ioctlcmd=0x6685 scontext=u:r:system_server:s0 tcontext=u:object_r:apex_system_server_data_file:s0 tclass=file permissive=0
10-09 10:02:53.653391  1375  3745 I dvm_lock_sample: [system_server,0,binder:1375_9,20,ActivityManagerService.java,14037,void com.android.server.am.ActivityManagerService.serviceDoneExecuting(android.os.IBinder, int, int, int),,0,null,4]
10-09 10:02:53.668000  1375  1375 I auditd  : type=1400 audit(0.0:1024): avc: denied { ioctl } for comm="ackgroundThread" path="/data/misc_de/0/apexdata/com.android.permission/roles.xmlsec.bak" dev="dm-40" ino=8368 ioctlcmd=0x6685 scontext=u:r:system_server:s0 tcontext=u:object_r:apex_system_server_data_file:s0 tclass=file permissive=0
10-09 10:02:53.768000  1375  1375 I auditd  : type=1400 audit(0.0:1025): avc: denied { read } for comm="binder:1375_17" name="u:object_r:vendor_default_prop:s0" dev="tmpfs" ino=9871 scontext=u:r:system_server:s0 tcontext=u:object_r:vendor_default_prop:s0 tclass=file permissive=0
10-09 10:02:53.956000  1375  1375 I auditd  : type=1400 audit(0.0:1026): avc: denied { read } for comm="binder:1375_17" name="u:object_r:vendor_default_prop:s0" dev="tmpfs" ino=9871 scontext=u:r:system_server:s0 tcontext=u:object_r:vendor_default_prop:s0 tclass=file permissive=0
10-09 10:02:54.040000  1375  1375 I auditd  : type=1400 audit(0.0:1027): avc: denied { read } for comm="binder:1375_D" name="u:object_r:vendor_default_prop:s0" dev="tmpfs" ino=9871 scontext=u:r:system_server:s0 tcontext=u:object_r:vendor_default_prop:s0 tclass=file permissive=0
10-09 10:02:54.524000  1375  1375 I auditd  : type=1400 audit(0.0:1028): avc: denied { read } for comm="binder:1375_17" name="u:object_r:vendor_default_prop:s0" dev="tmpfs" ino=9871 scontext=u:r:system_server:s0 tcontext=u:object_r:vendor_default_prop:s0 tclass=file permissive=0
10-09 10:02:55.460758  1375  1508 I commit_sys_config_file: [settings-0-0,4]
10-09 10:02:56.043008  1375  1534 I input_interaction: Interaction with: b46082a com.transsion.XOSLauncher/com.android.quickstep.src.com.android.launcher3.uioverrides.QuickstepLauncher (server), [Gesture Monitor] tran_gesture_service_damon (server), [Gesture Monitor] tran_gesture_service (server), d51d99d com.android.systemui.ImageWallpaper (server), PointerEventDispatcher0 (server), 
10-09 10:02:56.508198  1375  1409 I am_pss  : [10664,10149,com.transsion.plat.appupdate.ui,17451008,9850880,366592,98926592,0,10,8]
10-09 10:02:56.517814  1375  1409 I am_pss  : [10036,10149,com.transsion.plat.appupdate,14796800,6967296,364544,99880960,0,10,8]
10-09 10:02:57.102191  1375  1458 I commit_sys_config_file: [package-user-0,13]
10-09 10:02:57.208299  1375  1458 I commit_sys_config_file: [package-user-0,8]
10-09 10:02:57.208871  1375  1458 I commit_sys_config_file: [package,105]
10-09 10:02:58.558803  1375 11677 I commit_sys_config_file: [appops,788282]
10-09 10:02:58.644692  1375  1399 I commit_sys_config_file: [warnings-config,8]
10-09 10:03:00.424238  1375  1375 I notification_enqueue: [10117,10259,com.android.vending,951340667,NULL,0,Notification(channel=account shortcut=null contentView=null vibrate=null sound=null tick defaults=0x0 flags=0x110 color=0xff01875f category=status actions=1 vis=PRIVATE),0]
