10-09 10:15:33.666109  1375  5883 I wm_pause_activity: [0,140678393,com.sh.smart.caller/com.android.dialer.main.impl.MainActivity,userLeaving=true,pauseBackTasks]
10-09 10:15:33.674673  1375  5882 I dvm_lock_sample: [system_server,1,binder:1375_12,10,ActivityClientController.java,221,void com.android.server.wm.ActivityClientController.activityTopResumedStateLost(),ActivityTaskManagerService.java,1212,android.content.res.Configuration com.android.server.wm.ActivityTaskManagerService.getGlobalConfigurationForPid(int),2]
10-09 10:15:33.676643 11292 11292 I wm_on_paused_called: [140678393,com.android.dialer.main.impl.MainActivity,performPause]
10-09 10:15:33.681825  1375  3435 I wm_add_to_stopping: [0,140678393,com.sh.smart.caller/com.android.dialer.main.impl.MainActivity,makeInvisible]
10-09 10:15:33.684508  1375  3435 I wm_restart_activity: [0,142741468,7,com.mediatek.engineermode/.EngineerMode]
10-09 10:15:33.689084  1375  3435 I wm_set_resumed_activity: [0,com.mediatek.engineermode/.EngineerMode,minimalResumeActivityLocked]
10-09 10:15:33.693779  1375  1396 I sysui_multi_action: [757,803,799,window_time_0,802,694]
10-09 10:15:33.702983  1375  1400 I input_focus: [Requesting to set focus to null window,reason=UpdateInputWindows]
10-09 10:15:33.704121  1375  1399 I am_uid_active: 10051
10-09 10:15:33.712647  1375  1534 I input_focus: [Focus leaving 60d27a9 com.sh.smart.caller/com.android.dialer.main.impl.MainActivity (server),reason=NO_WINDOW]
10-09 10:15:33.805819  1375  5884 I wm_task_moved: [7,1,3]
10-09 10:15:33.806566  1375  5884 I wm_set_resumed_activity: [0,com.mediatek.engineermode/.EngineerMode,positionChildAt]
10-09 10:15:33.807702  1375  5884 I wm_create_activity: [0,186502597,7,com.google.android.permissioncontroller/com.android.permissioncontroller.permission.ui.GrantPermissionsActivity,android.content.pm.action.REQUEST_PERMISSIONS,NULL,NULL,8388608]
10-09 10:15:33.809934  1375  5884 I wm_pause_activity: [0,142741468,com.mediatek.engineermode/.EngineerMode,userLeaving=true,resumeTopActivity]
10-09 10:15:33.818274 13654 13654 I wm_on_create_called: [142741468,com.mediatek.engineermode.EngineerMode,performCreate]
10-09 10:15:33.934690 13654 13654 I wm_on_start_called: [142741468,com.mediatek.engineermode.EngineerMode,handleStartActivity]
10-09 10:15:33.939040 13654 13654 I wm_on_resume_called: [142741468,com.mediatek.engineermode.EngineerMode,RESUME_ACTIVITY]
10-09 10:15:33.981337 13654 13654 I wm_on_top_resumed_gained_called: [142741468,com.mediatek.engineermode.EngineerMode,topStateChangedWhenResumed]
10-09 10:15:33.981644 13654 13654 I wm_on_top_resumed_lost_called: [142741468,com.mediatek.engineermode.EngineerMode,topStateChangedWhenResumed]
10-09 10:15:33.983948 13654 13654 I wm_on_paused_called: [142741468,com.mediatek.engineermode.EngineerMode,performPause]
10-09 10:15:33.989634  1375  5883 I wm_restart_activity: [0,186502597,7,com.google.android.permissioncontroller/com.android.permissioncontroller.permission.ui.GrantPermissionsActivity]
10-09 10:15:33.993637  1375  5883 I wm_set_resumed_activity: [0,com.google.android.permissioncontroller/com.android.permissioncontroller.permission.ui.GrantPermissionsActivity,minimalResumeActivityLocked]
10-09 10:15:34.000729  1375  1396 I sysui_multi_action: [757,803,799,window_time_0,802,1]
10-09 10:15:34.211195 11577 11577 I wm_on_create_called: [186502597,com.android.permissioncontroller.permission.ui.GrantPermissionsActivity,performCreate]
10-09 10:15:34.219863 11577 11577 I wm_on_start_called: [186502597,com.android.permissioncontroller.permission.ui.GrantPermissionsActivity,handleStartActivity]
10-09 10:15:34.226447 11577 11577 I wm_on_resume_called: [186502597,com.android.permissioncontroller.permission.ui.GrantPermissionsActivity,RESUME_ACTIVITY]
10-09 10:15:34.258817  1375  3667 I wm_stop_activity: [0,140678393,com.sh.smart.caller/com.android.dialer.main.impl.MainActivity]
10-09 10:15:34.269040  1375  1508 I commit_sys_config_file: [settings-1-0,5]
10-09 10:15:34.283401  1375  1396 I sysui_multi_action: [319,134,321,98,322,636,325,1768,757,761,758,8,759,1,806,com.google.android.permissioncontroller,871,com.android.permissioncontroller.permission.ui.GrantPermissionsActivity,904,com.mediatek.engineermode,905,0,1320,4,1321,2]
10-09 10:15:34.285465  1375  1396 I wm_activity_launch_time: [0,186502597,com.google.android.permissioncontroller/com.android.permissioncontroller.permission.ui.GrantPermissionsActivity,636]
10-09 10:15:34.291997 11577 11577 I wm_on_top_resumed_gained_called: [186502597,com.android.permissioncontroller.permission.ui.GrantPermissionsActivity,topStateChangedWhenResumed]
10-09 10:15:34.326849  1375  1400 I input_focus: [Focus request 4acc21e com.google.android.permissioncontroller/com.android.permissioncontroller.permission.ui.GrantPermissionsActivity,reason=UpdateInputWindows]
10-09 10:15:34.332379 11292 11292 I wm_on_stop_called: [140678393,com.android.dialer.main.impl.MainActivity,STOP_ACTIVITY_ITEM]
10-09 10:15:34.369782  1375  1534 I input_focus: [Focus entering 4acc21e com.google.android.permissioncontroller/com.android.permissioncontroller.permission.ui.GrantPermissionsActivity (server),reason=Window became focusable. Previous reason: NOT_VISIBLE]
10-09 10:15:34.580000  1375  1375 I auditd  : type=1400 audit(0.0:1213): avc: denied { read } for comm="binder:1375_12" name="u:object_r:vendor_default_prop:s0" dev="tmpfs" ino=9871 scontext=u:r:system_server:s0 tcontext=u:object_r:vendor_default_prop:s0 tclass=file permissive=0
10-09 10:15:34.592000  1375  1375 I auditd  : type=1400 audit(0.0:1214): avc: denied { read } for comm="binder:1375_16" name="u:object_r:vendor_default_prop:s0" dev="tmpfs" ino=9871 scontext=u:r:system_server:s0 tcontext=u:object_r:vendor_default_prop:s0 tclass=file permissive=0
10-09 10:15:35.161299  3871  3871 I service_manager_stats: [100,93,791222]
10-09 10:15:35.383377  1375  1534 I input_interaction: Interaction with: 4acc21e com.google.android.permissioncontroller/com.android.permissioncontroller.permission.ui.GrantPermissionsActivity (server), [Gesture Monitor] tran_gesture_service_damon (server), [Gesture Monitor] tran_gesture_service (server), PointerEventDispatcher0 (server), 
10-09 10:15:35.462937  1375  5882 I sysui_multi_action: [757,1243,758,4,806,com.mediatek.engineermode,1241,android.permission.CAMERA]
10-09 10:15:35.484000  1375  1375 I auditd  : type=1400 audit(0.0:1215): avc: denied { read } for comm="binder:1375_12" name="u:object_r:vendor_default_prop:s0" dev="tmpfs" ino=9871 scontext=u:r:system_server:s0 tcontext=u:object_r:vendor_default_prop:s0 tclass=file permissive=0
10-09 10:15:36.219430  1375  3435 I sysui_multi_action: [757,1243,758,4,806,com.mediatek.engineermode,1241,android.permission.ACCESS_FINE_LOCATION]
10-09 10:15:36.223146  1375  3435 I sysui_multi_action: [757,1243,758,4,806,com.mediatek.engineermode,1241,android.permission.ACCESS_COARSE_LOCATION]
10-09 10:15:36.240000  1375  1375 I auditd  : type=1400 audit(0.0:1216): avc: denied { read } for comm="binder:1375_7" name="u:object_r:vendor_default_prop:s0" dev="tmpfs" ino=9871 scontext=u:r:system_server:s0 tcontext=u:object_r:vendor_default_prop:s0 tclass=file permissive=0
10-09 10:15:36.400000  1375  1375 I auditd  : type=1400 audit(0.0:1217): avc: denied { read } for comm="binder:1375_12" name="u:object_r:vendor_default_prop:s0" dev="tmpfs" ino=9871 scontext=u:r:system_server:s0 tcontext=u:object_r:vendor_default_prop:s0 tclass=file permissive=0
10-09 10:15:36.716910  1375  8624 I am_foreground_service_stop: [0,com.transsion.microintelligence/com.transsion.keyguardgesture.service.KeyguardGestureService,1,PROC_STATE_PERSISTENT,33,33,1,1,10083,1,STOP_SERVICE]
10-09 10:15:36.756594  1375  5882 I am_proc_died: [0,13595,com.transsion.keyguardgesture,0,10]
10-09 10:15:37.017427  1375  8624 I sysui_multi_action: [757,1243,758,4,806,com.mediatek.engineermode,1241,android.permission.BLUETOOTH_CONNECT]
10-09 10:15:37.022703  1375  8624 I sysui_multi_action: [757,1243,758,4,806,com.mediatek.engineermode,1241,android.permission.BLUETOOTH_SCAN]
10-09 10:15:37.040000  1375  1375 I auditd  : type=1400 audit(0.0:1218): avc: denied { read } for comm="binder:1375_7" name="u:object_r:vendor_default_prop:s0" dev="tmpfs" ino=9871 scontext=u:r:system_server:s0 tcontext=u:object_r:vendor_default_prop:s0 tclass=file permissive=0
10-09 10:15:37.672143  1375  4124 I sysui_multi_action: [757,1243,758,4,806,com.mediatek.engineermode,1241,android.permission.READ_PHONE_STATE]
10-09 10:15:37.675690 11577 11577 I snet_event_log: [individual_permissions_requested,10051,com.mediatek.engineermode:com.mediatek.engineermode:;android.permission.ACCESS_COARSE_LOCATION|false|256;android.permission.ACCESS_FINE_LOCATION|false|256com.mediatek.engineermode:;android.permission.CAMERA|false|256com.mediatek.engineermode:;android.permission.BLUETOOTH_CONNECT|false|256;android.permission.BLUETOOTH_SCAN|false|256com.mediatek.engineermode:;android.permission.READ_PHONE_STATE|false|256]
10-09 10:15:37.678786  1375  4124 I wm_finish_activity: [0,186502597,7,com.google.android.permissioncontroller/com.android.permissioncontroller.permission.ui.GrantPermissionsActivity,app-request]
10-09 10:15:37.679867  1375  4124 I wm_pause_activity: [0,186502597,com.google.android.permissioncontroller/com.android.permissioncontroller.permission.ui.GrantPermissionsActivity,userLeaving=false,finish]
10-09 10:15:37.691916 11577 11577 I wm_on_top_resumed_lost_called: [186502597,com.android.permissioncontroller.permission.ui.GrantPermissionsActivity,topStateChangedWhenResumed]
10-09 10:15:37.693869 11577 11577 I wm_on_paused_called: [186502597,com.android.permissioncontroller.permission.ui.GrantPermissionsActivity,performPause]
10-09 10:15:37.702183  1375 12096 I wm_set_resumed_activity: [0,com.mediatek.engineermode/.EngineerMode,resumeTopActivity]
10-09 10:15:37.712237  1375 12096 I wm_resume_activity: [0,142741468,7,com.mediatek.engineermode/.EngineerMode]
10-09 10:15:37.713937  1375  1396 I sysui_multi_action: [757,803,799,window_time_0,802,3]
10-09 10:15:37.734738  1375  1534 I input_focus: [Focus leaving 4acc21e com.google.android.permissioncontroller/com.android.permissioncontroller.permission.ui.GrantPermissionsActivity (server),reason=NO_WINDOW]
10-09 10:15:37.737167  1375  1400 I input_focus: [Focus request f580cbe com.mediatek.engineermode/com.mediatek.engineermode.EngineerMode,reason=UpdateInputWindows]
10-09 10:15:37.738951  1375  1409 I dvm_lock_sample: [system_server,0,android.bg,24,ActivityTaskManagerService.java,2147,android.app.ActivityTaskManager$RootTaskInfo com.android.server.wm.ActivityTaskManagerService.getFocusedRootTaskInfo(),,0,null,4]
10-09 10:15:37.750948 13654 13654 I wm_on_activity_result_called: [142741468,com.mediatek.engineermode.EngineerMode,ACTIVITY_RESULT]
10-09 10:15:37.753363  1375  1534 I input_focus: [Focus entering f580cbe com.mediatek.engineermode/com.mediatek.engineermode.EngineerMode (server),reason=setFocusedWindow]
10-09 10:15:37.788000  1375  1375 I auditd  : type=1400 audit(0.0:1219): avc: denied { read } for comm="binder:1375_1F" name="u:object_r:vendor_default_prop:s0" dev="tmpfs" ino=9871 scontext=u:r:system_server:s0 tcontext=u:object_r:vendor_default_prop:s0 tclass=file permissive=0
10-09 10:15:37.793026 13654 13654 I wm_on_resume_called: [142741468,com.mediatek.engineermode.EngineerMode,RESUME_ACTIVITY]
10-09 10:15:37.793170 13654 13654 I wm_on_top_resumed_gained_called: [142741468,com.mediatek.engineermode.EngineerMode,topWhenResuming]
10-09 10:15:37.884000  1375  1375 I auditd  : type=1400 audit(0.0:1220): avc: denied { read } for comm="binder:1375_1F" name="u:object_r:vendor_default_prop:s0" dev="tmpfs" ino=9871 scontext=u:r:system_server:s0 tcontext=u:object_r:vendor_default_prop:s0 tclass=file permissive=0
10-09 10:15:37.967780  1375  3667 I wm_destroy_activity: [0,186502597,7,com.google.android.permissioncontroller/com.android.permissioncontroller.permission.ui.GrantPermissionsActivity,finish-idle]
10-09 10:15:37.983687 11577 11577 I wm_on_stop_called: [186502597,com.android.permissioncontroller.permission.ui.GrantPermissionsActivity,LIFECYCLER_STOP_ACTIVITY]
10-09 10:15:37.986056 11577 11577 I wm_on_destroy_called: [186502597,com.android.permissioncontroller.permission.ui.GrantPermissionsActivity,performDestroy]
10-09 10:15:39.209681  1375  1534 I input_interaction: Interaction with: f580cbe com.mediatek.engineermode/com.mediatek.engineermode.EngineerMode (server), [Gesture Monitor] tran_gesture_service_damon (server), [Gesture Monitor] tran_gesture_service (server), PointerEventDispatcher0 (server), 
10-09 10:15:44.830717  1375  1508 I commit_sys_config_file: [settings-1-0,14]
10-09 10:15:45.650340  1375  1458 I commit_sys_config_file: [package-user-0,8]
10-09 10:15:45.650609  1375  1458 I commit_sys_config_file: [package,178]
10-09 10:15:46.065069  1375  3667 I wm_task_created: [8,-1]
10-09 10:15:46.073590  1375  3667 I wm_task_moved: [8,1,4]
10-09 10:15:46.073732  1375  3667 I wm_task_to_front: [0,8]
10-09 10:15:46.075091  1375  3667 I wm_create_task: [0,8]
10-09 10:15:46.075236  1375  3667 I wm_create_activity: [0,85943367,8,com.debug.loggerui/.MainActivity,android.intent.action.MAIN,NULL,NULL,268435456]
10-09 10:15:46.075602  1375  3667 I wm_task_moved: [8,1,4]
10-09 10:15:46.078041  1375  3667 I wm_pause_activity: [0,142741468,com.mediatek.engineermode/.EngineerMode,userLeaving=true,pauseBackTasks]
10-09 10:15:46.088804 13654 13654 I wm_on_top_resumed_lost_called: [142741468,com.mediatek.engineermode.EngineerMode,topStateChangedWhenResumed]
10-09 10:15:46.093025  1375  1399 I am_uid_running: 10076
10-09 10:15:46.093070 13654 13654 I wm_on_paused_called: [142741468,com.mediatek.engineermode.EngineerMode,performPause]
10-09 10:15:46.096678  1375  6536 I wm_add_to_stopping: [0,142741468,com.mediatek.engineermode/.EngineerMode,makeInvisible]
10-09 10:15:46.097034  1375  1396 I sysui_multi_action: [757,803,799,window_time_0,802,9]
10-09 10:15:46.114298  1375  1424 I am_proc_start: [0,11293,10076,com.debug.loggerui,next-top-activity,{com.debug.loggerui/com.debug.loggerui.MainActivity}]
10-09 10:15:46.116000  1375  1375 I auditd  : type=1400 audit(0.0:1221): avc: denied { read } for comm="binder:1375_1F" name="u:object_r:vendor_default_prop:s0" dev="tmpfs" ino=9871 scontext=u:r:system_server:s0 tcontext=u:object_r:vendor_default_prop:s0 tclass=file permissive=0
10-09 10:15:46.121390  1375  1534 I input_focus: [Focus leaving f580cbe com.mediatek.engineermode/com.mediatek.engineermode.EngineerMode (server),reason=NO_WINDOW]
10-09 10:15:46.123582  1375  1409 I am_pss  : [13654,10051,com.mediatek.engineermode,46021632,39739392,647168,137699328,0,2,8]
10-09 10:15:46.136758  1375  1409 I commit_sys_config_file: [display-state,1742956]
10-09 10:15:46.136000 11293 11293 I auditd  : type=1400 audit(0.0:1222): avc: denied { read } for comm="usap32" name="u:object_r:vendor_memfusion_size_prop:s0" dev="tmpfs" ino=9883 scontext=u:r:platform_app:s0:c512,c768 tcontext=u:object_r:vendor_memfusion_size_prop:s0 tclass=file permissive=0 app=com.debug.loggerui
10-09 10:15:46.136000 11293 11293 I auditd  : type=1400 audit(0.0:1223): avc: denied { read } for comm="usap32" name="u:object_r:vendor_memfusion_state_prop:s0" dev="tmpfs" ino=9884 scontext=u:r:platform_app:s0:c512,c768 tcontext=u:object_r:vendor_memfusion_state_prop:s0 tclass=file permissive=0 app=com.debug.loggerui
10-09 10:15:46.136000 11293 11293 I auditd  : type=1400 audit(0.0:1224): avc: denied { read } for comm="usap32" name="u:object_r:vendor_memfusion_tranlog_prop:s0" dev="tmpfs" ino=9886 scontext=u:r:platform_app:s0:c512,c768 tcontext=u:object_r:vendor_memfusion_tranlog_prop:s0 tclass=file permissive=0 app=com.debug.loggerui
10-09 10:15:46.136000 11293 11293 I auditd  : type=1400 audit(0.0:1225): avc: denied { read } for comm="usap32" name="u:object_r:vendor_memfusion_ui_enable_prop:s0" dev="tmpfs" ino=9887 scontext=u:r:platform_app:s0:c512,c768 tcontext=u:object_r:vendor_memfusion_ui_enable_prop:s0 tclass=file permissive=0 app=com.debug.loggerui
10-09 10:15:46.148000 11293 11293 I auditd  : type=1400 audit(0.0:1226): avc: denied { read } for comm="usap32" name="u:object_r:vendor_uxcompaction_enable_prop:s0" dev="tmpfs" ino=10131 scontext=u:r:platform_app:s0:c512,c768 tcontext=u:object_r:vendor_uxcompaction_enable_prop:s0 tclass=file permissive=0 app=com.debug.loggerui
10-09 10:15:46.176509  1375  8624 I am_proc_bound: [0,11293,com.debug.loggerui]
10-09 10:15:46.190655  1375  8624 I wm_restart_activity: [0,85943367,8,com.debug.loggerui/.MainActivity]
10-09 10:15:46.194658  1375  8624 I wm_set_resumed_activity: [0,com.debug.loggerui/.MainActivity,minimalResumeActivityLocked]
10-09 10:15:46.202564  1375  1399 I am_uid_active: 10076
10-09 10:15:46.384987 11293 11293 I wm_on_create_called: [85943367,com.debug.loggerui.MainActivity,performCreate]
10-09 10:15:46.389089 11293 11293 I wm_on_start_called: [85943367,com.debug.loggerui.MainActivity,handleStartActivity]
10-09 10:15:46.411655 11293 11293 I wm_on_resume_called: [85943367,com.debug.loggerui.MainActivity,RESUME_ACTIVITY]
10-09 10:15:46.448762 11293 11293 I wm_on_top_resumed_gained_called: [85943367,com.debug.loggerui.MainActivity,topStateChangedWhenResumed]
10-09 10:15:46.460991  1375  4123 I sysui_multi_action: [757,856,758,1,806,com.debug.loggerui,857,com.debug.loggerui.notification,858,4]
10-09 10:15:46.468392  1375  8624 I am_foreground_service_start: [0,com.debug.loggerui/.framework.DebugLoggerUIService,1,PROC_STATE_TOP,33,33,0,0,0,1,UNKNOWN]
10-09 10:15:46.588000  1375  1375 I auditd  : type=1400 audit(0.0:1227): avc: denied { read } for comm="binder:1375_B" name="u:object_r:vendor_default_prop:s0" dev="tmpfs" ino=9871 scontext=u:r:system_server:s0 tcontext=u:object_r:vendor_default_prop:s0 tclass=file permissive=0
10-09 10:15:46.721435  1375  1398 I commit_sys_config_file: [notification-policy,1568389]
10-09 10:15:46.839522  1375  1400 I input_focus: [Focus request 63d8501 com.debug.loggerui/com.debug.loggerui.MainActivity,reason=UpdateInputWindows]
10-09 10:15:46.878294  1375  1396 I sysui_multi_action: [319,113,321,92,322,817,325,1781,757,761,758,7,759,1,806,com.debug.loggerui,871,com.debug.loggerui.MainActivity,904,com.mediatek.engineermode,905,0,945,124,1320,4,1321,23]
10-09 10:15:46.879461  1375  1396 I wm_activity_launch_time: [0,85943367,com.debug.loggerui/.MainActivity,817]
10-09 10:15:46.919630  1375  1534 I input_focus: [Focus entering 63d8501 com.debug.loggerui/com.debug.loggerui.MainActivity (server),reason=Window became focusable. Previous reason: NOT_VISIBLE]
10-09 10:15:47.003284  1375  8624 I wm_stop_activity: [0,142741468,com.mediatek.engineermode/.EngineerMode]
10-09 10:15:47.009939 13654 13654 I wm_on_stop_called: [142741468,com.mediatek.engineermode.EngineerMode,STOP_ACTIVITY_ITEM]
10-09 10:15:47.025454  1375  1508 I commit_sys_config_file: [settings-1-0,10]
10-09 10:15:47.109191  1375  1400 I input_focus: [Focus request a3bc5a3 com.debug.loggerui/com.debug.loggerui.MainActivity,reason=UpdateInputWindows]
10-09 10:15:47.136984  1375  1534 I input_focus: [Focus entering a3bc5a3 com.debug.loggerui/com.debug.loggerui.MainActivity (server),reason=setFocusedWindow]
10-09 10:15:47.156000  1375  1375 I auditd  : type=1400 audit(0.0:1232): avc: denied { read } for comm="binder:1375_16" name="u:object_r:vendor_default_prop:s0" dev="tmpfs" ino=9871 scontext=u:r:system_server:s0 tcontext=u:object_r:vendor_default_prop:s0 tclass=file permissive=0
10-09 10:15:47.191737  1375  1409 I commit_sys_config_file: [display-state,1744011]
10-09 10:15:50.824833  1375  1508 I commit_sys_config_file: [settings-1-0,9]
10-09 10:15:56.478538  1375  1375 I notification_enqueue: [10076,11293,com.debug.loggerui,365001,NULL,0,Notification(channel=com.debug.loggerui.notification shortcut=null contentView=null vibrate=null sound=null defaults=0x0 flags=0x48 color=0x00000000 vis=PRIVATE),0]
10-09 10:15:56.500451  1375  1409 I am_pss  : [13283,10149,com.transsion.plat.appupdate.ui,15437824,8060928,443392,92725248,0,10,6]
10-09 10:15:56.507939  1375  1409 I am_pss  : [13143,10149,com.transsion.plat.appupdate,14024704,6508544,444416,93962240,0,10,6]
10-09 10:15:56.680735  1375  1375 I sysui_multi_action: [757,1501,758,1,793,209,794,0,795,209,796,365001,806,com.debug.loggerui,857,com.debug.loggerui.notification,858,4,947,0,1500,0,1688,1,1745,2098068913]
10-09 10:15:56.680849  1375  1375 I sysui_multi_action: [757,804,799,note_interruptive,801,0,802,1]
10-09 10:15:56.682027  1375  1375 I sysui_multi_action: [757,1501,758,1,793,210,794,0,795,210,796,365001,806,com.debug.loggerui,857,com.debug.loggerui.notification,858,4,947,0,1500,0,1688,1,1745,2098068913]
10-09 10:15:56.682134  1375  1375 I sysui_multi_action: [757,804,799,note_interruptive,801,0,802,1]
10-09 10:15:56.682209  1375  1375 I sysui_multi_action: [757,199,758,1,759,2,793,211,794,0,795,211,796,365001,806,com.debug.loggerui,857,com.debug.loggerui.notification,858,4,947,0,1500,1,1688,1,1745,2098068913]
10-09 10:15:56.682227  1375  1375 I notification_alert: [0|com.debug.loggerui|365001|null|10076,0,1,0]
10-09 10:15:56.823830  3562  3562 I sysui_multi_action: [757,803,799,note_peek,802,1]
10-09 10:15:56.835502  1375  3435 I sysui_multi_action: [757,127,758,1]
10-09 10:15:56.835623  1375  3435 I sysui_multi_action: [757,804,799,note_load,801,1,802,1]
10-09 10:15:56.835761  1375  3435 I notification_panel_revealed: 1
10-09 10:15:56.838685  3562  3562 I sysui_heads_up_status: [0|com.debug.loggerui|365001|null|10076,1]
10-09 10:15:56.845865  1375  3435 I sysui_multi_action: [757,1501,758,1,793,374,794,0,795,374,796,365001,806,com.debug.loggerui,857,com.debug.loggerui.notification,858,4,947,0,1500,0,1688,1,1745,2098068913]
10-09 10:15:56.845950  1375  3435 I sysui_multi_action: [757,804,799,note_interruptive,801,0,802,1]
10-09 10:15:56.876000  1375  1375 I auditd  : type=1400 audit(0.0:1233): avc: denied { read } for comm="binder:1375_16" name="u:object_r:vendor_default_prop:s0" dev="tmpfs" ino=9871 scontext=u:r:system_server:s0 tcontext=u:object_r:vendor_default_prop:s0 tclass=file permissive=0
10-09 10:15:56.904000  1375  1375 I auditd  : type=1400 audit(0.0:1234): avc: denied { read } for comm="binder:1375_16" name="u:object_r:vendor_default_prop:s0" dev="tmpfs" ino=9871 scontext=u:r:system_server:s0 tcontext=u:object_r:vendor_default_prop:s0 tclass=file permissive=0
10-09 10:15:56.912380  1375  1508 I commit_sys_config_file: [settings-2-0,4]
10-09 10:15:56.932000  1375  1375 I auditd  : type=1400 audit(0.0:1235): avc: denied { read } for comm="binder:1375_16" name="u:object_r:vendor_default_prop:s0" dev="tmpfs" ino=9871 scontext=u:r:system_server:s0 tcontext=u:object_r:vendor_default_prop:s0 tclass=file permissive=0
10-09 10:15:57.020901  1375  1409 I commit_sys_config_file: [display-state,1753840]
10-09 10:15:57.365009  1375 11909 I sysui_multi_action: [757,128,758,1,793,893,794,0,795,893,796,365001,798,0,806,com.debug.loggerui,857,com.debug.loggerui.notification,858,4,947,0,1395,6,1500,519,1688,1,1745,2098068913]
10-09 10:15:57.365154  1375 11909 I sysui_multi_action: [757,1501,758,1,793,894,794,1,795,894,796,365001,806,com.debug.loggerui,857,com.debug.loggerui.notification,858,4,947,0,1500,0,1688,1,1745,2098068913]
10-09 10:15:57.365183  1375 11909 I sysui_multi_action: [757,804,799,note_interruptive,801,0,802,1]
10-09 10:15:57.365221  1375 11909 I sysui_multi_action: [757,804,799,note_freshness,801,893,802,1]
10-09 10:15:57.365249  1375 11909 I notification_visibility: [0|com.debug.loggerui|365001|null|10076,1,893,893,0,0]
10-09 10:15:57.368000 11293 11293 I auditd  : type=1400 audit(0.0:1236): avc: denied { getopt } for comm="FinalizerDaemon" path="/dev/socket/usap_pool_primary" scontext=u:r:platform_app:s0:c512,c768 tcontext=u:r:zygote:s0 tclass=unix_stream_socket permissive=0 app=com.debug.loggerui
10-09 10:16:00.182133  1375  1534 I input_interaction: Interaction with: a3bc5a3 com.debug.loggerui/com.debug.loggerui.MainActivity (server), [Gesture Monitor] tran_gesture_service_damon (server), [Gesture Monitor] tran_gesture_service (server), PointerEventDispatcher0 (server), 
10-09 10:16:00.398785  1375  1375 I notification_enqueue: [10076,11293,com.debug.loggerui,365001,NULL,0,Notification(channel=com.debug.loggerui.notification shortcut=null contentView=null vibrate=null sound=null defaults=0x0 flags=0x48 color=0x00000000 vis=PRIVATE),1]
10-09 10:16:00.424000  1375  1375 I auditd  : type=1400 audit(0.0:1237): avc: denied { read } for comm="binder:1375_16" name="u:object_r:vendor_default_prop:s0" dev="tmpfs" ino=9871 scontext=u:r:system_server:s0 tcontext=u:object_r:vendor_default_prop:s0 tclass=file permissive=0
10-09 10:16:00.438263  1375  1400 I input_focus: [Focus request 20d567 Starting logs,reason=UpdateInputWindows]
10-09 10:16:00.453744  1375  1534 I input_focus: [Focus leaving a3bc5a3 com.debug.loggerui/com.debug.loggerui.MainActivity (server),reason=Waiting for window because NO_WINDOW]
10-09 10:16:00.498847  1375  1534 I input_focus: [Focus entering 20d567 Starting logs (server),reason=Window became focusable. Previous reason: NOT_VISIBLE]
10-09 10:16:00.836993  1375  1508 I commit_sys_config_file: [settings-2-0,13]
10-09 10:16:00.892000 13846 13846 I auditd  : type=1400 audit(0.0:1238): avc: denied { dac_override } for comm="sh" capability=1 scontext=u:r:mobile_log_d:s0 tcontext=u:r:mobile_log_d:s0 tclass=capability permissive=0
10-09 10:16:01.008000 13849 13849 I auditd  : type=1400 audit(0.0:1239): avc: denied { dac_override } for comm="sh" capability=1 scontext=u:r:mobile_log_d:s0 tcontext=u:r:mobile_log_d:s0 tclass=capability permissive=0
10-09 10:16:01.252000 13855 13855 I auditd  : type=1400 audit(0.0:1240): avc: denied { read } for comm="logcat" path="/proc/atf_log/atf_log" dev="proc" ino=4026532434 scontext=u:r:dumpstate:s0 tcontext=u:object_r:proc_atf_log:s0 tclass=file permissive=0
10-09 10:16:01.252000 13855 13855 I auditd  : type=1400 audit(0.0:1241): avc: denied { read } for comm="logcat" path="/proc/gz_log" dev="proc" ino=4026531982 scontext=u:r:dumpstate:s0 tcontext=u:object_r:proc_gz_log:s0 tclass=file permissive=0
10-09 10:16:01.460000 13862 13862 I auditd  : type=1400 audit(0.0:1244): avc: denied { read } for comm="aee" name="u:object_r:system_mtk_persist_aee_prop:s0" dev="tmpfs" ino=9805 scontext=u:r:mobile_log_d:s0 tcontext=u:object_r:system_mtk_persist_aee_prop:s0 tclass=file permissive=0
10-09 10:16:01.464000 13862 13862 I auditd  : type=1400 audit(0.0:1245): avc: denied { read } for comm="aee" name="u:object_r:system_mtk_persist_aee_prop:s0" dev="tmpfs" ino=9805 scontext=u:r:mobile_log_d:s0 tcontext=u:object_r:system_mtk_persist_aee_prop:s0 tclass=file permissive=0
10-09 10:16:01.464000 13862 13862 I auditd  : type=1400 audit(0.0:1246): avc: denied { read } for comm="aee" name="u:object_r:system_mtk_persist_aee_prop:s0" dev="tmpfs" ino=9805 scontext=u:r:mobile_log_d:s0 tcontext=u:object_r:system_mtk_persist_aee_prop:s0 tclass=file permissive=0
10-09 10:16:01.548000   946   946 I auditd  : type=1400 audit(0.0:1247): avc: denied { read } for comm="mobile_log_d.cp" name="u:object_r:vendor_memfusion_size_prop:s0" dev="tmpfs" ino=9883 scontext=u:r:mobile_log_d:s0 tcontext=u:object_r:vendor_memfusion_size_prop:s0 tclass=file permissive=0
10-09 10:16:01.548000   946   946 I auditd  : type=1400 audit(0.0:1248): avc: denied { read } for comm="mobile_log_d.cp" name="u:object_r:vendor_memfusion_state_prop:s0" dev="tmpfs" ino=9884 scontext=u:r:mobile_log_d:s0 tcontext=u:object_r:vendor_memfusion_state_prop:s0 tclass=file permissive=0
10-09 10:16:02.529692  3562  3562 I sysui_heads_up_status: [0|com.debug.loggerui|365001|null|10076,0]
10-09 10:16:02.980000  1375  1375 I auditd  : type=1400 audit(0.0:1256): avc: denied { read } for comm="binder:1375_20" name="u:object_r:vendor_default_prop:s0" dev="tmpfs" ino=9871 scontext=u:r:system_server:s0 tcontext=u:object_r:vendor_default_prop:s0 tclass=file permissive=0
10-09 10:16:03.004716  1375  3435 I sysui_multi_action: [757,128,758,2,793,6533,794,5640,795,2611,796,365001,798,0,806,com.debug.loggerui,857,com.debug.loggerui.notification,858,2,947,0,1395,6,1500,2611,1745,2098068913]
10-09 10:16:03.004792  1375  3435 I notification_visibility: [0|com.debug.loggerui|365001|null|10076,0,6533,2611,0,0]
10-09 10:16:03.014486  1375  3435 I sysui_multi_action: [757,127,758,2]
10-09 10:16:03.014865  1375  3435 I notification_panel_hidden: 
10-09 10:16:03.032000  1375  1375 I auditd  : type=1400 audit(0.0:1257): avc: denied { read } for comm="binder:1375_4" name="u:object_r:vendor_default_prop:s0" dev="tmpfs" ino=9871 scontext=u:r:system_server:s0 tcontext=u:object_r:vendor_default_prop:s0 tclass=file permissive=0
10-09 10:16:03.064000  1375  1375 I auditd  : type=1400 audit(0.0:1258): avc: denied { read } for comm="binder:1375_4" name="u:object_r:vendor_default_prop:s0" dev="tmpfs" ino=9871 scontext=u:r:system_server:s0 tcontext=u:object_r:vendor_default_prop:s0 tclass=file permissive=0
10-09 10:16:04.389066  1375  1409 I am_pss  : [11293,10076,com.debug.loggerui,40873984,35718144,402432,132731904,0,2,8]
10-09 10:16:04.400907  1375  1409 I am_pss  : [11292,10152,com.sh.smart.caller,86366208,79255552,389120,190027776,0,16,9]
10-09 10:16:04.408082  1375  1409 I am_pss  : [13024,10044,android.process.acore,11676672,8331264,429056,83427328,0,19,6]
10-09 10:16:04.622466  1375  1375 I notification_enqueue: [10076,11293,com.debug.loggerui,365001,NULL,0,Notification(channel=com.debug.loggerui.notification shortcut=null contentView=null vibrate=null sound=null defaults=0x0 flags=0x48 color=0x00000000 vis=PRIVATE),1]
10-09 10:16:04.677159  1375  1400 I input_focus: [Focus request a3bc5a3 com.debug.loggerui/com.debug.loggerui.MainActivity,reason=UpdateInputWindows]
10-09 10:16:04.695592  1375  1534 I input_focus: [Focus entering a3bc5a3 com.debug.loggerui/com.debug.loggerui.MainActivity (server),reason=setFocusedWindow]
10-09 10:16:04.964000   517   517 I auditd  : type=1400 audit(0.0:1259): avc: denied { read } for comm="binder:517_3" name="wakeup24" dev="sysfs" ino=31380 scontext=u:r:system_suspend:s0 tcontext=u:object_r:sysfs:s0 tclass=dir permissive=0
10-09 10:16:04.996000   517   517 I auditd  : type=1400 audit(0.0:1260): avc: denied { read } for comm="binder:517_3" name="wakeup129" dev="sysfs" ino=40896 scontext=u:r:system_suspend:s0 tcontext=u:object_r:sysfs_batteryinfo:s0 tclass=dir permissive=0
10-09 10:16:05.000000   517   517 I auditd  : type=1400 audit(0.0:1261): avc: denied { read } for comm="binder:517_3" name="wakeup20" dev="sysfs" ino=30846 scontext=u:r:system_suspend:s0 tcontext=u:object_r:sysfs:s0 tclass=dir permissive=0
10-09 10:16:05.052000   517   517 I auditd  : type=1400 audit(0.0:1262): avc: denied { read } for comm="binder:517_3" name="wakeup25" dev="sysfs" ino=31395 scontext=u:r:system_suspend:s0 tcontext=u:object_r:sysfs:s0 tclass=dir permissive=0
10-09 10:16:05.057604  1375  1508 I commit_sys_config_file: [settings-2-0,9]
10-09 10:16:05.068000   517   517 I auditd  : type=1400 audit(0.0:1263): avc: denied { read } for comm="binder:517_3" name="wakeup33" dev="sysfs" ino=31765 scontext=u:r:system_suspend:s0 tcontext=u:object_r:sysfs:s0 tclass=dir permissive=0
10-09 10:16:05.092000   517   517 I auditd  : type=1400 audit(0.0:1264): avc: denied { read } for comm="binder:517_3" name="wakeup128" dev="sysfs" ino=40857 scontext=u:r:system_suspend:s0 tcontext=u:object_r:sysfs_batteryinfo:s0 tclass=dir permissive=0
10-09 10:16:05.118122  1375  1409 I commit_sys_config_file: [batterystats,10]
10-09 10:16:05.121408  1375  1409 I commit_sys_config_file: [batterystats,3]
10-09 10:16:20.948000 13888 13888 I auditd  : type=1400 audit(0.0:1265): avc: denied { read } for comm="adbd" name="u:object_r:vendor_memfusion_size_prop:s0" dev="tmpfs" ino=9883 scontext=u:r:su:s0 tcontext=u:object_r:vendor_memfusion_size_prop:s0 tclass=file permissive=1
10-09 10:16:20.948000 13888 13888 I auditd  : type=1400 audit(0.0:1266): avc: denied { read } for comm="adbd" name="u:object_r:vendor_memfusion_state_prop:s0" dev="tmpfs" ino=9884 scontext=u:r:su:s0 tcontext=u:object_r:vendor_memfusion_state_prop:s0 tclass=file permissive=1
10-09 10:16:20.948000 13888 13888 I auditd  : type=1400 audit(0.0:1267): avc: denied { read } for comm="adbd" name="u:object_r:vendor_memfusion_tranlog_prop:s0" dev="tmpfs" ino=9886 scontext=u:r:su:s0 tcontext=u:object_r:vendor_memfusion_tranlog_prop:s0 tclass=file permissive=1
10-09 10:16:20.948000 13888 13888 I auditd  : type=1400 audit(0.0:1268): avc: denied { read } for comm="adbd" name="u:object_r:vendor_memfusion_ui_enable_prop:s0" dev="tmpfs" ino=9887 scontext=u:r:su:s0 tcontext=u:object_r:vendor_memfusion_ui_enable_prop:s0 tclass=file permissive=1
10-09 10:16:20.952000 13888 13888 I auditd  : type=1400 audit(0.0:1269): avc: denied { read } for comm="adbd" name="u:object_r:vendor_uxcompaction_enable_prop:s0" dev="tmpfs" ino=10131 scontext=u:r:su:s0 tcontext=u:object_r:vendor_uxcompaction_enable_prop:s0 tclass=file permissive=1
10-09 10:16:21.215463  1375  1423 I am_uid_running: 10048
10-09 10:16:21.236264  1375  1424 I am_proc_start: [0,13895,10048,android.process.media,broadcast,{com.android.mtp/com.android.mtp.MtpReceiver}]
10-09 10:16:21.256000 13895 13895 I auditd  : type=1400 audit(0.0:1270): avc: denied { read } for comm="main" name="u:object_r:vendor_memfusion_size_prop:s0" dev="tmpfs" ino=9883 scontext=u:r:mediaprovider:s0:c512,c768 tcontext=u:object_r:vendor_memfusion_size_prop:s0 tclass=file permissive=0 app=com.android.providers.media
10-09 10:16:21.283310  1375  8624 I am_proc_bound: [0,13895,android.process.media]
10-09 10:16:21.419965  1375  8624 I am_kill : [0,11794,com.android.vending:background,975,empty for 769s]
10-09 10:16:21.447627  1375 11909 I am_proc_died: [0,11794,com.android.vending:background,975,19]
10-09 10:16:21.459992  1375  1409 I am_pss  : [11293,10076,com.debug.loggerui,39655424,34493440,402432,131523584,0,2,8]
10-09 10:16:21.468417  1375  1409 I am_pss  : [13654,10051,com.mediatek.engineermode,29349888,23945216,402432,121384960,0,15,7]
10-09 10:16:21.475944  1375  1409 I am_pss  : [13283,10149,com.transsion.plat.appupdate.ui,15336448,7954432,443392,92618752,0,19,6]
10-09 10:16:21.483328  1375  1409 I am_pss  : [13143,10149,com.transsion.plat.appupdate,14036992,6516736,444416,93970432,0,19,6]
10-09 10:16:24.392637  1375  1445 I sysui_multi_action: [757,1696,758,6,759,2]
10-09 10:16:30.389458  1375  1445 I power_sleep_requested: 0
10-09 10:16:30.418276 11293 11293 I wm_on_top_resumed_lost_called: [85943367,com.debug.loggerui.MainActivity,topStateChangedWhenResumed]
10-09 10:16:30.418393  1375  1445 I wm_pause_activity: [0,85943367,com.debug.loggerui/.MainActivity,userLeaving=false,sleep]
10-09 10:16:30.435289  1375  1445 I sysui_multi_action: [757,1696,758,6,759,0]
10-09 10:16:30.435690 11293 11293 I wm_on_paused_called: [85943367,com.debug.loggerui.MainActivity,performPause]
10-09 10:16:30.436536  1375  3667 I wm_add_to_stopping: [0,85943367,com.debug.loggerui/.MainActivity,completePauseLocked]
10-09 10:16:30.447390  1375  1396 I sysui_multi_action: [757,803,799,window_time_0,802,44]
10-09 10:16:30.450844  1375  1534 I input_focus: [Focus leaving a3bc5a3 com.debug.loggerui/com.debug.loggerui.MainActivity (server),reason=NOT_VISIBLE]
10-09 10:16:30.469519  1375  1400 I input_focus: [Requesting to set focus to null window,reason=UpdateInputWindows]
10-09 10:16:30.471409  1375  1399 I wm_stop_activity: [0,85943367,com.debug.loggerui/.MainActivity]
10-09 10:16:30.476355  1375  1424 I am_proc_start: [0,13922,1000,com.transsion.keyguardgesture,service,{com.transsion.microintelligence/com.transsion.keyguardgesture.service.KeyguardGestureService}]
10-09 10:16:30.480124  1375  1409 I am_pss  : [11292,10152,com.sh.smart.caller,86354944,79239168,386048,190019584,0,16,16]
10-09 10:16:30.491439  1375  1409 I am_pss  : [13024,10044,android.process.acore,11556864,8237056,417792,83333120,0,19,8]
10-09 10:16:30.500000  1375  1375 I auditd  : type=1400 audit(0.0:1275): avc: denied { read } for comm="binder:1375_1B" name="u:object_r:vendor_default_prop:s0" dev="tmpfs" ino=9871 scontext=u:r:system_server:s0 tcontext=u:object_r:vendor_default_prop:s0 tclass=file permissive=0
10-09 10:16:30.520772 11293 11293 I wm_on_stop_called: [85943367,com.debug.loggerui.MainActivity,STOP_ACTIVITY_ITEM]
10-09 10:16:30.537220  1375  8624 I am_proc_bound: [0,13922,com.transsion.keyguardgesture]
10-09 10:16:30.604000 13922 13922 I auditd  : type=1400 audit(0.0:1276): avc: denied { read } for comm="keyguardgesture" name="u:object_r:system_boot_reason_prop:s0" dev="tmpfs" ino=9737 scontext=u:r:system_app:s0 tcontext=u:object_r:system_boot_reason_prop:s0 tclass=file permissive=0
10-09 10:16:30.613806  1375 11909 I am_foreground_service_start: [0,com.transsion.microintelligence/com.transsion.keyguardgesture.service.KeyguardGestureService,1,PROC_STATE_PERSISTENT,33,33,0,0,0,1,UNKNOWN]
10-09 10:16:30.622270  1375  1375 I notification_cancel_all: [1000,1375,com.transsion.microintelligence,0,0,0,17,NULL]
10-09 10:16:30.622408  1375  1375 I notification_cancel_all: [1000,1375,com.transsion.microintelligence,0,0,0,17,NULL]
10-09 10:16:30.709260  1375  1375 I sysui_multi_action: [757,198,758,2,759,3,1359,322,1695,2]
10-09 10:16:30.709555  1375  1375 I power_screen_state: [0,3,0,0,322]
10-09 10:16:30.710796  1375  1375 I screen_toggled: 0
10-09 10:16:30.711201  1375  1375 I sysui_multi_action: [757,804,799,screen_timeout,801,30,802,1]
10-09 10:16:30.713185  1375  1375 I sysui_multi_action: [757,1594,758,4,759,-2147483648,1359,64230]
10-09 10:16:30.713336  1375  1375 I power_screen_broadcast_send: 1
10-09 10:16:30.768714  1375  1375 I battery_saving_stats: [0,1,0,64573,0,0,223340,0,0]
10-09 10:16:30.881159  1375  1398 I commit_sys_config_file: [notification-policy,1612548]
10-09 10:16:30.965941  1375  1375 I power_screen_broadcast_done: [0,252,1]
10-09 10:16:34.262659  1375  1423 I am_uid_idle: 10044
10-09 10:16:35.447597  1375  8624 I wm_set_keyguard_shown: [0,1,0,0,setKeyguardShown]
10-09 10:16:35.561541  3562  3562 I sysui_multi_action: [757,111,758,1]
10-09 10:16:35.699949  3562  3562 I sysui_multi_action: [757,196,758,1,759,0]
10-09 10:16:35.700042  3562  3562 I sysui_status_bar_state: [1,1,0,0,0,1]
10-09 10:16:35.756000  1375  1375 I auditd  : type=1400 audit(0.0:1277): avc: denied { read } for comm="binder:1375_1B" name="u:object_r:vendor_default_prop:s0" dev="tmpfs" ino=9871 scontext=u:r:system_server:s0 tcontext=u:object_r:vendor_default_prop:s0 tclass=file permissive=0
10-09 10:16:35.769095  1375  1399 I user_activity_timeout_override: 10000
10-09 10:16:35.780812  1375  1400 I input_focus: [Focus request aff53f1 NotificationShade,reason=UpdateInputWindows]
10-09 10:16:35.963333  1375  1400 I wm_wallpaper_surface: [0,1]
10-09 10:16:35.984000  1375  1375 I auditd  : type=1400 audit(0.0:1278): avc: denied { read } for comm="binder:1375_1B" name="u:object_r:vendor_default_prop:s0" dev="tmpfs" ino=9871 scontext=u:r:system_server:s0 tcontext=u:object_r:vendor_default_prop:s0 tclass=file permissive=0
10-09 10:16:36.082227  1375  1508 I commit_sys_config_file: [settings-0-0,12]
10-09 10:16:38.154228  1375  1535 I sysui_multi_action: [757,804,799,power_consecutive_short_tap_count,801,1,802,1]
10-09 10:16:38.154328  1375  1535 I sysui_multi_action: [757,804,799,power_double_tap_interval,801,72123,802,1]
10-09 10:16:38.154811  1375  1535 I intercept_power: [ACTION_DOWN,0,1]
10-09 10:16:38.198971  1375  1375 I screen_toggled: 1
10-09 10:16:38.200145  1375  1375 I power_screen_broadcast_send: 1
10-09 10:16:38.211048  1375  1423 I am_wtf  : [0,1375,system_server,-1,ActivityManager,Sending non-protected broadcast com.transsion.livewallpaper.wakeup from system 3562:com.android.systemui/u0a156 pkg com.android.systemui]
10-09 10:16:38.220792  1375  1445 I sysui_multi_action: [757,1696,758,6,759,3]
10-09 10:16:38.257771  1375  8624 I sysui_multi_action: [757,127,758,1]
10-09 10:16:38.257866  1375  8624 I sysui_multi_action: [757,804,799,note_load,801,6,802,1]
10-09 10:16:38.258793  1375  8624 I notification_panel_revealed: 6
10-09 10:16:38.259795  1375  3435 I sysui_multi_action: [757,128,758,1,793,41788,794,0,795,33644,796,365001,798,0,806,com.debug.loggerui,857,com.debug.loggerui.notification,858,4,947,0,1395,6,1500,33644,1688,1,1745,2098068913]
10-09 10:16:38.259871  1375  3435 I sysui_multi_action: [757,804,799,note_freshness,801,33644,802,1]
10-09 10:16:38.259899  1375  3435 I notification_visibility: [0|com.debug.loggerui|365001|null|10076,1,41788,33644,0,0]
10-09 10:16:38.294951  1375  1375 I battery_saving_stats: [0,0,0,7526,0,0,1326136,0,0]
10-09 10:16:38.308000  1375  1375 I auditd  : type=1400 audit(0.0:1279): avc: denied { read } for comm="binder:1375_16" name="u:object_r:vendor_default_prop:s0" dev="tmpfs" ino=9871 scontext=u:r:system_server:s0 tcontext=u:object_r:vendor_default_prop:s0 tclass=file permissive=0
10-09 10:16:38.399746  1375  1535 I intercept_power: [ACTION_UP,0,0]
10-09 10:16:38.416821  1375  1508 I commit_sys_config_file: [settings-1-0,13]
10-09 10:16:38.562797  1375  1375 I power_screen_broadcast_done: [1,363,1]
10-09 10:16:38.605364  1375  1445 I sysui_latency: [5,419]
10-09 10:16:38.605617  1375  1375 I sysui_multi_action: [757,198,758,1,759,1,1359,454,1694,1]
10-09 10:16:38.605660  1375  1375 I power_screen_state: [1,0,0,0,454]
10-09 10:16:38.606707  1375  1534 I input_focus: [Focus entering aff53f1 NotificationShade (server),reason=Window became focusable. Previous reason: NO_WINDOW]
10-09 10:16:38.621667  1375  1409 I commit_sys_config_file: [display-state,1795441]
10-09 10:16:38.819412  1375  1508 I commit_sys_config_file: [settings-1-0,15]
10-09 10:16:39.007806  1375  1534 I input_interaction: Interaction with: aff53f1 NotificationShade (server), [Gesture Monitor] keyguardgesture_tp_touch (server), [Gesture Monitor] tran_gesture_service_damon (server), [Gesture Monitor] tran_gesture_service (server), PointerEventDispatcher0 (server), 
10-09 10:16:39.129398  3562  3562 I sysui_multi_action: [757,186,758,4,826,275,827,6454]
10-09 10:16:39.129453  3562  3562 I sysui_lockscreen_gesture: [1,275,6454]
10-09 10:16:39.208000  1375  1375 I auditd  : type=1400 audit(0.0:1280): avc: denied { read } for comm="binder:1375_12" name="u:object_r:vendor_default_prop:s0" dev="tmpfs" ino=9871 scontext=u:r:system_server:s0 tcontext=u:object_r:vendor_default_prop:s0 tclass=file permissive=0
10-09 10:16:39.249659  1375  8624 I sysui_multi_action: [757,128,758,2,793,42778,794,990,795,34634,796,365001,798,0,806,com.debug.loggerui,857,com.debug.loggerui.notification,858,4,947,0,1395,6,1500,34634,1688,1,1745,2098068913]
10-09 10:16:39.249711  1375  8624 I notification_visibility: [0|com.debug.loggerui|365001|null|10076,0,42778,34634,0,0]
10-09 10:16:39.250835  1375  8624 I sysui_multi_action: [757,127,758,2]
10-09 10:16:39.251025  1375  8624 I notification_panel_hidden: 
10-09 10:16:39.253481  3562  3562 I sysui_multi_action: [757,197,758,5,759,0]
10-09 10:16:39.259566  1375  5882 I wm_set_keyguard_shown: [0,1,0,1,keyguardGoingAway]
10-09 10:16:39.263073  1375  5882 I wm_set_resumed_activity: [0,com.debug.loggerui/.MainActivity,resumeTopActivity]
10-09 10:16:39.271583  1375  5882 I wm_resume_activity: [0,85943367,8,com.debug.loggerui/.MainActivity]
10-09 10:16:39.273243 11293 11293 I wm_on_restart_called: [85943367,com.debug.loggerui.MainActivity,performRestartActivity]
10-09 10:16:39.274339 11293 11293 I wm_on_start_called: [85943367,com.debug.loggerui.MainActivity,handleStartActivity]
10-09 10:16:39.280506 11293 11293 I wm_on_resume_called: [85943367,com.debug.loggerui.MainActivity,RESUME_ACTIVITY]
10-09 10:16:39.280597 11293 11293 I wm_on_top_resumed_gained_called: [85943367,com.debug.loggerui.MainActivity,topWhenResuming]
10-09 10:16:39.284000  1375  1375 I auditd  : type=1400 audit(0.0:1281): avc: denied { read } for comm="binder:1375_7" name="u:object_r:vendor_default_prop:s0" dev="tmpfs" ino=9871 scontext=u:r:system_server:s0 tcontext=u:object_r:vendor_default_prop:s0 tclass=file permissive=0
10-09 10:16:39.350244  1375  3667 I wm_set_keyguard_shown: [0,0,0,1,setKeyguardShown]
10-09 10:16:39.362374  1375  8624 I netstats_mobile_sample: [0,0,0,0,0,0,0,0,0,0,0,0,1696842999362]
10-09 10:16:39.362499  1375  8624 I netstats_wifi_sample: [0,0,0,0,0,0,0,0,0,0,0,0,1696842999362]
10-09 10:16:39.395601  3562  3562 I sysui_multi_action: [757,111,758,2]
10-09 10:16:39.419530  3562  3562 I sysui_multi_action: [757,196,758,2,759,0]
10-09 10:16:39.419632  3562  3562 I sysui_status_bar_state: [0,0,0,0,0,1]
10-09 10:16:39.421130  1375  1508 I commit_sys_config_file: [settings-0-0,22]
10-09 10:16:39.452000  1375  1375 I auditd  : type=1400 audit(0.0:1282): avc: denied { read } for comm="binder:1375_5" name="u:object_r:vendor_default_prop:s0" dev="tmpfs" ino=9871 scontext=u:r:system_server:s0 tcontext=u:object_r:vendor_default_prop:s0 tclass=file permissive=0
10-09 10:16:39.463403  1375  1399 I user_activity_timeout_override: -1
10-09 10:16:39.479762  1375  1400 I input_focus: [Focus request a3bc5a3 com.debug.loggerui/com.debug.loggerui.MainActivity,reason=UpdateInputWindows]
10-09 10:16:39.483376  1375  1400 I wm_wallpaper_surface: [0,0]
10-09 10:16:39.492456  1375  1534 I input_focus: [Focus leaving aff53f1 NotificationShade (server),reason=NOT_FOCUSABLE]
10-09 10:16:39.493030  1375  1534 I input_focus: [Focus entering a3bc5a3 com.debug.loggerui/com.debug.loggerui.MainActivity (server),reason=setFocusedWindow]
10-09 10:16:39.495303  1375  3667 I dvm_lock_sample: [system_server,1,binder:1375_7,7,ActivityManagerService.java,14017,void com.android.server.am.ActivityManagerService.publishService(android.os.IBinder, android.content.Intent, android.os.IBinder),,0,null,1]
10-09 10:16:39.520000  1375  1375 I auditd  : type=1400 audit(0.0:1283): avc: denied { read } for comm="binder:1375_1B" name="u:object_r:vendor_default_prop:s0" dev="tmpfs" ino=9871 scontext=u:r:system_server:s0 tcontext=u:object_r:vendor_default_prop:s0 tclass=file permissive=0
10-09 10:16:39.596000  1375  1375 I auditd  : type=1400 audit(0.0:1284): avc: denied { read } for comm="binder:1375_1B" name="u:object_r:vendor_default_prop:s0" dev="tmpfs" ino=9871 scontext=u:r:system_server:s0 tcontext=u:object_r:vendor_default_prop:s0 tclass=file permissive=0
10-09 10:16:39.638211  1375  1508 I commit_sys_config_file: [settings-0-0,11]
10-09 10:16:41.684129  1375  1534 I input_interaction: Interaction with: 4acb8f9 NavigationBar0 (server), [Gesture Monitor] tran_gesture_service_damon (server), [Gesture Monitor] tran_gesture_service (server), PointerEventDispatcher0 (server), 
10-09 10:16:41.688874  3562  3562 I sysui_multi_action: [757,931,758,4,759,3,932,0,933,0]
10-09 10:16:41.754963  3562  3562 I sysui_multi_action: [757,931,758,4,759,3,932,0,933,1]
10-09 10:16:41.777507  1375  1397 I wm_task_moved: [1,1,4]
10-09 10:16:41.778438  1375  1397 I wm_task_moved: [4,1,2147483647]
10-09 10:16:41.778483  1375  1397 I wm_task_to_front: [0,4]
10-09 10:16:41.778932 11293 11293 I wm_on_top_resumed_lost_called: [85943367,com.debug.loggerui.MainActivity,topStateChangedWhenResumed]
10-09 10:16:41.779430  1375  1397 I wm_focused_root_task: [0,0,1,8,bringingFoundTaskToFront]
10-09 10:16:41.782681  1375  1397 I wm_set_resumed_activity: [0,com.transsion.XOSLauncher/com.android.quickstep.src.com.android.launcher3.uioverrides.QuickstepLauncher,bringingFoundTaskToFront]
10-09 10:16:41.783068  1375  1397 I wm_new_intent: [0,126872876,4,com.transsion.XOSLauncher/com.android.quickstep.src.com.android.launcher3.uioverrides.QuickstepLauncher,android.intent.action.MAIN,NULL,NULL,278953984]
10-09 10:16:41.783813  1375  1397 I wm_pause_activity: [0,85943367,com.debug.loggerui/.MainActivity,userLeaving=true,pauseBackTasks]
10-09 10:16:41.786788  1375  1397 I wm_add_to_stopping: [0,85943367,com.debug.loggerui/.MainActivity,makeInvisible]
10-09 10:16:41.787124  1375  1396 I sysui_multi_action: [757,803,799,window_time_0,802,12]
10-09 10:16:41.789218  1375  1397 I wm_set_resumed_activity: [0,com.transsion.XOSLauncher/com.android.quickstep.src.com.android.launcher3.uioverrides.QuickstepLauncher,resumeTopActivity]
10-09 10:16:41.796406  1375  1397 I wm_resume_activity: [0,126872876,4,com.transsion.XOSLauncher/com.android.quickstep.src.com.android.launcher3.uioverrides.QuickstepLauncher]
10-09 10:16:41.798767  3924  3924 I wm_on_restart_called: [126872876,com.android.quickstep.src.com.android.launcher3.uioverrides.QuickstepLauncher,performRestartActivity]
10-09 10:16:41.807020  1375  1400 I input_focus: [Requesting to set focus to null window,reason=UpdateInputWindows]
10-09 10:16:41.808473 11293 11293 I wm_on_paused_called: [85943367,com.debug.loggerui.MainActivity,performPause]
10-09 10:16:41.810386  3924  3924 I wm_on_start_called: [126872876,com.android.quickstep.src.com.android.launcher3.uioverrides.QuickstepLauncher,handleStartActivity]
10-09 10:16:41.823146  1375  1534 I input_focus: [Focus leaving a3bc5a3 com.debug.loggerui/com.debug.loggerui.MainActivity (server),reason=Waiting for window because NOT_FOCUSABLE]
10-09 10:16:41.830821  3924  3924 I wm_on_resume_called: [126872876,com.android.quickstep.src.com.android.launcher3.uioverrides.QuickstepLauncher,RESUME_ACTIVITY]
10-09 10:16:41.836000  1375  1375 I auditd  : type=1400 audit(0.0:1285): avc: denied { read } for comm="binder:1375_B" name="u:object_r:vendor_default_prop:s0" dev="tmpfs" ino=9871 scontext=u:r:system_server:s0 tcontext=u:object_r:vendor_default_prop:s0 tclass=file permissive=0
10-09 10:16:41.843636  1375  1409 I am_pss  : [13654,10051,com.mediatek.engineermode,29318144,23993344,392192,121433088,0,15,9]
10-09 10:16:41.850454  1375  1409 I am_pss  : [13895,10048,android.process.media,9486336,7135232,454656,75816960,0,19,6]
