10-09 10:19:40.335786  1375  1534 I input_interaction: Interaction with: b46082a com.transsion.XOSLauncher/com.android.quickstep.src.com.android.launcher3.uioverrides.QuickstepLauncher (server), [Gesture Monitor] tran_gesture_service_damon (server), [Gesture Monitor] tran_gesture_service (server), d51d99d com.android.systemui.ImageWallpaper (server), PointerEventDispatcher0 (server), 
10-09 10:19:40.460000  1375  1375 I auditd  : type=1400 audit(0.0:1321): avc: denied { read } for comm="binder:1375_5" name="u:object_r:vendor_default_prop:s0" dev="tmpfs" ino=9871 scontext=u:r:system_server:s0 tcontext=u:object_r:vendor_default_prop:s0 tclass=file permissive=0
10-09 10:19:40.476834  1375  1400 I input_focus: [Focus request 5882ea6 com.transsion.XOSLauncher/com.android.quickstep.src.com.android.launcher3.uioverrides.QuickstepLauncher,reason=UpdateInputWindows]
10-09 10:19:40.496054  1375  1534 I input_focus: [Focus leaving b46082a com.transsion.XOSLauncher/com.android.quickstep.src.com.android.launcher3.uioverrides.QuickstepLauncher (server),reason=Waiting for window because NO_WINDOW]
10-09 10:19:40.541846  1375  1534 I input_focus: [Focus entering 5882ea6 com.transsion.XOSLauncher/com.android.quickstep.src.com.android.launcher3.uioverrides.QuickstepLauncher (server),reason=Window became focusable. Previous reason: NOT_VISIBLE]
10-09 10:19:40.962040  1375  1534 I input_interaction: Interaction with: 5882ea6 com.transsion.XOSLauncher/com.android.quickstep.src.com.android.launcher3.uioverrides.QuickstepLauncher (server), [Gesture Monitor] tran_gesture_service_damon (server), [Gesture Monitor] tran_gesture_service (server), PointerEventDispatcher0 (server), 
10-09 10:19:43.476970  1375  1400 I input_focus: [Focus request b46082a com.transsion.XOSLauncher/com.android.quickstep.src.com.android.launcher3.uioverrides.QuickstepLauncher,reason=UpdateInputWindows]
10-09 10:19:43.499457  1375  1534 I input_focus: [Focus entering b46082a com.transsion.XOSLauncher/com.android.quickstep.src.com.android.launcher3.uioverrides.QuickstepLauncher (server),reason=setFocusedWindow]
10-09 10:19:44.065422  1375  1534 I input_interaction: Interaction with: b46082a com.transsion.XOSLauncher/com.android.quickstep.src.com.android.launcher3.uioverrides.QuickstepLauncher (server), [Gesture Monitor] tran_gesture_service_damon (server), [Gesture Monitor] tran_gesture_service (server), d51d99d com.android.systemui.ImageWallpaper (server), PointerEventDispatcher0 (server), 
10-09 10:19:44.180000  1375  1375 I auditd  : type=1400 audit(0.0:1322): avc: denied { read } for comm="binder:1375_14" name="u:object_r:vendor_default_prop:s0" dev="tmpfs" ino=9871 scontext=u:r:system_server:s0 tcontext=u:object_r:vendor_default_prop:s0 tclass=file permissive=0
10-09 10:19:44.199202  1375  1400 I input_focus: [Focus request a797554 com.transsion.XOSLauncher/com.android.quickstep.src.com.android.launcher3.uioverrides.QuickstepLauncher,reason=UpdateInputWindows]
10-09 10:19:44.223974  1375  1534 I input_focus: [Focus leaving b46082a com.transsion.XOSLauncher/com.android.quickstep.src.com.android.launcher3.uioverrides.QuickstepLauncher (server),reason=Waiting for window because NO_WINDOW]
10-09 10:19:44.248093  1375  1534 I input_focus: [Focus entering a797554 com.transsion.XOSLauncher/com.android.quickstep.src.com.android.launcher3.uioverrides.QuickstepLauncher (server),reason=Window became focusable. Previous reason: NOT_VISIBLE]
10-09 10:19:44.760756  1375  1534 I input_interaction: Interaction with: a797554 com.transsion.XOSLauncher/com.android.quickstep.src.com.android.launcher3.uioverrides.QuickstepLauncher (server), [Gesture Monitor] tran_gesture_service_damon (server), [Gesture Monitor] tran_gesture_service (server), PointerEventDispatcher0 (server), 
10-09 10:19:47.132242  1375  1400 I dvm_lock_sample: [system_server,1,android.anim,40,WindowAnimator.java,106,void com.android.server.wm.WindowAnimator.lambda$new$1$com-android-server-wm-WindowAnimator(long),ActivityTaskManagerService.java,1212,android.content.res.Configuration com.android.server.wm.ActivityTaskManagerService.getGlobalConfigurationForPid(int),8]
10-09 10:19:47.138463  1375  1400 I input_focus: [Focus request b46082a com.transsion.XOSLauncher/com.android.quickstep.src.com.android.launcher3.uioverrides.QuickstepLauncher,reason=UpdateInputWindows]
10-09 10:19:47.170253  1375  1534 I input_focus: [Focus entering b46082a com.transsion.XOSLauncher/com.android.quickstep.src.com.android.launcher3.uioverrides.QuickstepLauncher (server),reason=setFocusedWindow]
10-09 10:19:47.864720  1375  1534 I input_interaction: Interaction with: b46082a com.transsion.XOSLauncher/com.android.quickstep.src.com.android.launcher3.uioverrides.QuickstepLauncher (server), [Gesture Monitor] tran_gesture_service_damon (server), [Gesture Monitor] tran_gesture_service (server), d51d99d com.android.systemui.ImageWallpaper (server), PointerEventDispatcher0 (server), 
10-09 10:19:48.028000  1375  1375 I auditd  : type=1400 audit(0.0:1323): avc: denied { read } for comm="binder:1375_13" name="u:object_r:vendor_default_prop:s0" dev="tmpfs" ino=9871 scontext=u:r:system_server:s0 tcontext=u:object_r:vendor_default_prop:s0 tclass=file permissive=0
10-09 10:19:48.046405  1375  1400 I input_focus: [Focus request c30e07b com.transsion.XOSLauncher/com.android.quickstep.src.com.android.launcher3.uioverrides.QuickstepLauncher,reason=UpdateInputWindows]
10-09 10:19:48.068797  1375  1534 I input_focus: [Focus leaving b46082a com.transsion.XOSLauncher/com.android.quickstep.src.com.android.launcher3.uioverrides.QuickstepLauncher (server),reason=Waiting for window because NOT_VISIBLE]
10-09 10:19:48.104118  1375  1534 I input_focus: [Focus entering c30e07b com.transsion.XOSLauncher/com.android.quickstep.src.com.android.launcher3.uioverrides.QuickstepLauncher (server),reason=Window became focusable. Previous reason: NOT_VISIBLE]
10-09 10:19:48.522712  1375  1534 I input_interaction: Interaction with: c30e07b com.transsion.XOSLauncher/com.android.quickstep.src.com.android.launcher3.uioverrides.QuickstepLauncher (server), [Gesture Monitor] tran_gesture_service_damon (server), [Gesture Monitor] tran_gesture_service (server), PointerEventDispatcher0 (server), 
10-09 10:19:51.469054  1375  1400 I input_focus: [Focus request b46082a com.transsion.XOSLauncher/com.android.quickstep.src.com.android.launcher3.uioverrides.QuickstepLauncher,reason=UpdateInputWindows]
10-09 10:19:51.480129  1375  1399 I dvm_lock_sample: [system_server,1,android.display,5,WindowManagerService.java,5514,void com.android.server.wm.WindowManagerService.reportFocusChanged(android.os.IBinder, android.os.IBinder),ActivityTaskManagerService.java,1212,android.content.res.Configuration com.android.server.wm.ActivityTaskManagerService.getGlobalConfigurationForPid(int),1]
10-09 10:19:51.499023  1375  1534 I input_focus: [Focus entering b46082a com.transsion.XOSLauncher/com.android.quickstep.src.com.android.launcher3.uioverrides.QuickstepLauncher (server),reason=setFocusedWindow]
10-09 10:19:51.640037  1375  1399 I dvm_lock_sample: [system_server,1,android.display,11,WindowManagerService.java,8099,void com.android.server.wm.WindowManagerService$LocalService.requestTraversalFromDisplayManager(),WindowAnimator.java,119,void com.android.server.wm.WindowAnimator.lambda$new$1$com-android-server-wm-WindowAnimator(long),2]
10-09 10:19:52.329558  1375  1534 I input_interaction: Interaction with: b46082a com.transsion.XOSLauncher/com.android.quickstep.src.com.android.launcher3.uioverrides.QuickstepLauncher (server), [Gesture Monitor] tran_gesture_service_damon (server), [Gesture Monitor] tran_gesture_service (server), d51d99d com.android.systemui.ImageWallpaper (server), PointerEventDispatcher0 (server), 
10-09 10:19:52.432000  1375  1375 I auditd  : type=1400 audit(0.0:1324): avc: denied { read } for comm="binder:1375_13" name="u:object_r:vendor_default_prop:s0" dev="tmpfs" ino=9871 scontext=u:r:system_server:s0 tcontext=u:object_r:vendor_default_prop:s0 tclass=file permissive=0
10-09 10:19:52.444862  1375  1400 I input_focus: [Focus request 30de6ca com.transsion.XOSLauncher/com.android.quickstep.src.com.android.launcher3.uioverrides.QuickstepLauncher,reason=UpdateInputWindows]
10-09 10:19:52.467145  1375  1534 I input_focus: [Focus leaving b46082a com.transsion.XOSLauncher/com.android.quickstep.src.com.android.launcher3.uioverrides.QuickstepLauncher (server),reason=Waiting for window because NO_WINDOW]
10-09 10:19:52.500766  1375  1534 I input_focus: [Focus entering 30de6ca com.transsion.XOSLauncher/com.android.quickstep.src.com.android.launcher3.uioverrides.QuickstepLauncher (server),reason=Window became focusable. Previous reason: NOT_VISIBLE]
10-09 10:19:52.922596  1375  1534 I input_interaction: Interaction with: 30de6ca com.transsion.XOSLauncher/com.android.quickstep.src.com.android.launcher3.uioverrides.QuickstepLauncher (server), [Gesture Monitor] tran_gesture_service_damon (server), [Gesture Monitor] tran_gesture_service (server), PointerEventDispatcher0 (server), 
10-09 10:19:55.638487  1375  1400 I input_focus: [Focus request b46082a com.transsion.XOSLauncher/com.android.quickstep.src.com.android.launcher3.uioverrides.QuickstepLauncher,reason=UpdateInputWindows]
10-09 10:19:55.659290  1375  1534 I input_focus: [Focus entering b46082a com.transsion.XOSLauncher/com.android.quickstep.src.com.android.launcher3.uioverrides.QuickstepLauncher (server),reason=setFocusedWindow]
10-09 10:19:56.463672  1375  1534 I input_interaction: Interaction with: b46082a com.transsion.XOSLauncher/com.android.quickstep.src.com.android.launcher3.uioverrides.QuickstepLauncher (server), [Gesture Monitor] tran_gesture_service_damon (server), [Gesture Monitor] tran_gesture_service (server), d51d99d com.android.systemui.ImageWallpaper (server), PointerEventDispatcher0 (server), 
10-09 10:19:57.500000  1375  1375 I auditd  : type=1400 audit(0.0:1325): avc: denied { read } for comm="binder:1375_13" name="u:object_r:vendor_default_prop:s0" dev="tmpfs" ino=9871 scontext=u:r:system_server:s0 tcontext=u:object_r:vendor_default_prop:s0 tclass=file permissive=0
10-09 10:19:57.516665  1375  1400 I input_focus: [Focus request fc6dffb com.transsion.XOSLauncher/com.android.quickstep.src.com.android.launcher3.uioverrides.QuickstepLauncher,reason=UpdateInputWindows]
10-09 10:19:57.541221  1375  1534 I input_focus: [Focus leaving b46082a com.transsion.XOSLauncher/com.android.quickstep.src.com.android.launcher3.uioverrides.QuickstepLauncher (server),reason=Waiting for window because NOT_VISIBLE]
10-09 10:19:57.577053  1375  1534 I input_focus: [Focus entering fc6dffb com.transsion.XOSLauncher/com.android.quickstep.src.com.android.launcher3.uioverrides.QuickstepLauncher (server),reason=Window became focusable. Previous reason: NOT_VISIBLE]
10-09 10:19:58.026018  1375  1375 I notification_enqueue: [1000,1375,android,17303299,com.android.wifi,0,Notification(channel=NETWORK_AVAILABLE shortcut=null contentView=null vibrate=null sound=null tick defaults=0x0 flags=0x100 color=0x00000000 actions=2 vis=PRIVATE),0]
10-09 10:19:58.132767  1375  1534 I input_interaction: Interaction with: fc6dffb com.transsion.XOSLauncher/com.android.quickstep.src.com.android.launcher3.uioverrides.QuickstepLauncher (server), [Gesture Monitor] tran_gesture_service_damon (server), [Gesture Monitor] tran_gesture_service (server), PointerEventDispatcher0 (server), 
10-09 10:19:58.228901  1375  1375 I sysui_multi_action: [757,1501,758,1,793,209,794,0,795,209,796,17303299,797,com.android.wifi,806,android,857,NETWORK_AVAILABLE,858,2,947,0,1500,0,1688,1]
10-09 10:19:58.229013  1375  1375 I sysui_multi_action: [757,804,799,note_interruptive,801,0,802,1]
10-09 10:19:58.240793  1375  1375 I notification_autogrouped: 0|android|26|null|1000
10-09 10:19:58.240911  1375  1375 I notification_autogrouped: 0|android|17303299|com.android.wifi|1000
10-09 10:19:58.241589  1375  1375 I notification_enqueue: [1000,1375,android,2147483647,ranker_group,0,Notification(channel=DEVELOPER_IMPORTANT shortcut=null contentView=null vibrate=null sound=null defaults=0x0 flags=0x702 color=0x00000000 groupKey=ranker_group vis=PRIVATE),0]
10-09 10:19:58.242757  1375  3457 I notification_adjusted: [0|android|26|null|1000,key_group_key,ranker_group]
10-09 10:19:58.253320  1375  3457 I notification_adjusted: [0|android|17303299|com.android.wifi|1000,key_group_key,ranker_group]
10-09 10:20:00.615978  1375  1400 I input_focus: [Focus request b46082a com.transsion.XOSLauncher/com.android.quickstep.src.com.android.launcher3.uioverrides.QuickstepLauncher,reason=UpdateInputWindows]
10-09 10:20:00.644222  1375  1534 I input_focus: [Focus entering b46082a com.transsion.XOSLauncher/com.android.quickstep.src.com.android.launcher3.uioverrides.QuickstepLauncher (server),reason=setFocusedWindow]
10-09 10:20:01.079772  1375  1534 I input_interaction: Interaction with: b46082a com.transsion.XOSLauncher/com.android.quickstep.src.com.android.launcher3.uioverrides.QuickstepLauncher (server), [Gesture Monitor] tran_gesture_service_damon (server), [Gesture Monitor] tran_gesture_service (server), d51d99d com.android.systemui.ImageWallpaper (server), PointerEventDispatcher0 (server), 
10-09 10:20:01.176000  1375  1375 I auditd  : type=1400 audit(0.0:1326): avc: denied { read } for comm="binder:1375_8" name="u:object_r:vendor_default_prop:s0" dev="tmpfs" ino=9871 scontext=u:r:system_server:s0 tcontext=u:object_r:vendor_default_prop:s0 tclass=file permissive=0
10-09 10:20:01.194321  1375  1400 I input_focus: [Focus request 326cdab com.transsion.XOSLauncher/com.android.quickstep.src.com.android.launcher3.uioverrides.QuickstepLauncher,reason=UpdateInputWindows]
10-09 10:20:01.204801  1375  1534 I input_focus: [Focus leaving b46082a com.transsion.XOSLauncher/com.android.quickstep.src.com.android.launcher3.uioverrides.QuickstepLauncher (server),reason=Waiting for window because NO_WINDOW]
10-09 10:20:01.239937  1375  1534 I input_focus: [Focus entering 326cdab com.transsion.XOSLauncher/com.android.quickstep.src.com.android.launcher3.uioverrides.QuickstepLauncher (server),reason=Window became focusable. Previous reason: NOT_VISIBLE]
10-09 10:20:01.808017  1375  1534 I input_interaction: Interaction with: 326cdab com.transsion.XOSLauncher/com.android.quickstep.src.com.android.launcher3.uioverrides.QuickstepLauncher (server), [Gesture Monitor] tran_gesture_service_damon (server), [Gesture Monitor] tran_gesture_service (server), PointerEventDispatcher0 (server), 
10-09 10:20:04.608809  1375  1400 I input_focus: [Focus request b46082a com.transsion.XOSLauncher/com.android.quickstep.src.com.android.launcher3.uioverrides.QuickstepLauncher,reason=UpdateInputWindows]
10-09 10:20:04.640041  1375  1534 I input_focus: [Focus entering b46082a com.transsion.XOSLauncher/com.android.quickstep.src.com.android.launcher3.uioverrides.QuickstepLauncher (server),reason=setFocusedWindow]
10-09 10:20:05.067750  1375  1534 I input_interaction: Interaction with: b46082a com.transsion.XOSLauncher/com.android.quickstep.src.com.android.launcher3.uioverrides.QuickstepLauncher (server), [Gesture Monitor] tran_gesture_service_damon (server), [Gesture Monitor] tran_gesture_service (server), d51d99d com.android.systemui.ImageWallpaper (server), PointerEventDispatcher0 (server), 
10-09 10:20:05.188000  1375  1375 I auditd  : type=1400 audit(0.0:1327): avc: denied { read } for comm="binder:1375_8" name="u:object_r:vendor_default_prop:s0" dev="tmpfs" ino=9871 scontext=u:r:system_server:s0 tcontext=u:object_r:vendor_default_prop:s0 tclass=file permissive=0
10-09 10:20:05.207750  1375  1400 I input_focus: [Focus request 5e9a25e com.transsion.XOSLauncher/com.android.quickstep.src.com.android.launcher3.uioverrides.QuickstepLauncher,reason=UpdateInputWindows]
10-09 10:20:05.229063  1375  1534 I input_focus: [Focus leaving b46082a com.transsion.XOSLauncher/com.android.quickstep.src.com.android.launcher3.uioverrides.QuickstepLauncher (server),reason=Waiting for window because NO_WINDOW]
10-09 10:20:05.252655  1375  1534 I input_focus: [Focus entering 5e9a25e com.transsion.XOSLauncher/com.android.quickstep.src.com.android.launcher3.uioverrides.QuickstepLauncher (server),reason=Window became focusable. Previous reason: NOT_VISIBLE]
10-09 10:20:05.706537  1375  1534 I input_interaction: Interaction with: 5e9a25e com.transsion.XOSLauncher/com.android.quickstep.src.com.android.launcher3.uioverrides.QuickstepLauncher (server), [Gesture Monitor] tran_gesture_service_damon (server), [Gesture Monitor] tran_gesture_service (server), PointerEventDispatcher0 (server), 
10-09 10:20:08.116372  1375  1400 I input_focus: [Focus request b46082a com.transsion.XOSLauncher/com.android.quickstep.src.com.android.launcher3.uioverrides.QuickstepLauncher,reason=UpdateInputWindows]
10-09 10:20:08.144437  1375  1534 I input_focus: [Focus entering b46082a com.transsion.XOSLauncher/com.android.quickstep.src.com.android.launcher3.uioverrides.QuickstepLauncher (server),reason=setFocusedWindow]
10-09 10:20:08.167750  1375  5883 I dvm_lock_sample: [system_server,1,binder:1375_13,32,AppWidgetServiceImpl.java,1043,boolean com.android.server.appwidget.AppWidgetServiceImpl.bindAppWidgetId(java.lang.String, int, int, android.content.ComponentName, android.os.Bundle),-,4460,void com.android.server.appwidget.AppWidgetServiceImpl$SaveStateRunnable.run(),6]
10-09 10:20:08.591107  1375  1534 I input_interaction: Interaction with: b46082a com.transsion.XOSLauncher/com.android.quickstep.src.com.android.launcher3.uioverrides.QuickstepLauncher (server), [Gesture Monitor] tran_gesture_service_damon (server), [Gesture Monitor] tran_gesture_service (server), d51d99d com.android.systemui.ImageWallpaper (server), PointerEventDispatcher0 (server), 
10-09 10:20:08.756000  1375  1375 I auditd  : type=1400 audit(0.0:1328): avc: denied { read } for comm="binder:1375_8" name="u:object_r:vendor_default_prop:s0" dev="tmpfs" ino=9871 scontext=u:r:system_server:s0 tcontext=u:object_r:vendor_default_prop:s0 tclass=file permissive=0
10-09 10:20:08.769778  1375  1400 I input_focus: [Focus request 50b8615 com.transsion.XOSLauncher/com.android.quickstep.src.com.android.launcher3.uioverrides.QuickstepLauncher,reason=UpdateInputWindows]
10-09 10:20:08.786525  1375  1534 I input_focus: [Focus leaving b46082a com.transsion.XOSLauncher/com.android.quickstep.src.com.android.launcher3.uioverrides.QuickstepLauncher (server),reason=Waiting for window because NO_WINDOW]
10-09 10:20:08.820427  1375  1534 I input_focus: [Focus entering 50b8615 com.transsion.XOSLauncher/com.android.quickstep.src.com.android.launcher3.uioverrides.QuickstepLauncher (server),reason=Window became focusable. Previous reason: NOT_VISIBLE]
10-09 10:20:09.343324  1375  1534 I input_interaction: Interaction with: 50b8615 com.transsion.XOSLauncher/com.android.quickstep.src.com.android.launcher3.uioverrides.QuickstepLauncher (server), [Gesture Monitor] tran_gesture_service_damon (server), [Gesture Monitor] tran_gesture_service (server), PointerEventDispatcher0 (server), 
10-09 10:20:11.601547  1375  1400 I input_focus: [Focus request b46082a com.transsion.XOSLauncher/com.android.quickstep.src.com.android.launcher3.uioverrides.QuickstepLauncher,reason=UpdateInputWindows]
10-09 10:20:11.620352  1375  1534 I input_focus: [Focus entering b46082a com.transsion.XOSLauncher/com.android.quickstep.src.com.android.launcher3.uioverrides.QuickstepLauncher (server),reason=setFocusedWindow]
10-09 10:20:12.054080  1375  1534 I input_interaction: Interaction with: b46082a com.transsion.XOSLauncher/com.android.quickstep.src.com.android.launcher3.uioverrides.QuickstepLauncher (server), [Gesture Monitor] tran_gesture_service_damon (server), [Gesture Monitor] tran_gesture_service (server), d51d99d com.android.systemui.ImageWallpaper (server), PointerEventDispatcher0 (server), 
10-09 10:20:12.196000  1375  1375 I auditd  : type=1400 audit(0.0:1329): avc: denied { read } for comm="binder:1375_5" name="u:object_r:vendor_default_prop:s0" dev="tmpfs" ino=9871 scontext=u:r:system_server:s0 tcontext=u:object_r:vendor_default_prop:s0 tclass=file permissive=0
10-09 10:20:12.212479  1375  1400 I input_focus: [Focus request 24a7c89 com.transsion.XOSLauncher/com.android.quickstep.src.com.android.launcher3.uioverrides.QuickstepLauncher,reason=UpdateInputWindows]
10-09 10:20:12.236650  1375  1534 I input_focus: [Focus leaving b46082a com.transsion.XOSLauncher/com.android.quickstep.src.com.android.launcher3.uioverrides.QuickstepLauncher (server),reason=Waiting for window because NO_WINDOW]
10-09 10:20:12.272656  1375  1534 I input_focus: [Focus entering 24a7c89 com.transsion.XOSLauncher/com.android.quickstep.src.com.android.launcher3.uioverrides.QuickstepLauncher (server),reason=Window became focusable. Previous reason: NOT_VISIBLE]
10-09 10:20:12.737312  1375  1534 I input_interaction: Interaction with: 24a7c89 com.transsion.XOSLauncher/com.android.quickstep.src.com.android.launcher3.uioverrides.QuickstepLauncher (server), [Gesture Monitor] tran_gesture_service_damon (server), [Gesture Monitor] tran_gesture_service (server), PointerEventDispatcher0 (server), 
10-09 10:20:13.057882  1375  1375 I sysui_multi_action: [757,128,758,5,759,8,793,15038,794,0,795,15038,796,17303299,797,com.android.wifi,806,android,857,NETWORK_AVAILABLE,858,2,946,ranker_group,947,0,1500,14829,1688,1]
10-09 10:20:13.057960  1375  1375 I notification_canceled: [0|android|17303299|com.android.wifi|1000,8,15038,15038,0,-1,-1,NULL]
10-09 10:20:15.059370  1375  1400 I input_focus: [Focus request b46082a com.transsion.XOSLauncher/com.android.quickstep.src.com.android.launcher3.uioverrides.QuickstepLauncher,reason=UpdateInputWindows]
10-09 10:20:15.077390  1375  1534 I input_focus: [Focus entering b46082a com.transsion.XOSLauncher/com.android.quickstep.src.com.android.launcher3.uioverrides.QuickstepLauncher (server),reason=setFocusedWindow]
10-09 10:20:16.168932  1375  1534 I input_interaction: Interaction with: b46082a com.transsion.XOSLauncher/com.android.quickstep.src.com.android.launcher3.uioverrides.QuickstepLauncher (server), [Gesture Monitor] tran_gesture_service_damon (server), [Gesture Monitor] tran_gesture_service (server), d51d99d com.android.systemui.ImageWallpaper (server), PointerEventDispatcher0 (server), 
10-09 10:20:16.308000  1375  1375 I auditd  : type=1400 audit(0.0:1330): avc: denied { read } for comm="binder:1375_12" name="u:object_r:vendor_default_prop:s0" dev="tmpfs" ino=9871 scontext=u:r:system_server:s0 tcontext=u:object_r:vendor_default_prop:s0 tclass=file permissive=0
10-09 10:20:16.325631  1375  1400 I input_focus: [Focus request 7560a com.transsion.XOSLauncher/com.android.quickstep.src.com.android.launcher3.uioverrides.QuickstepLauncher,reason=UpdateInputWindows]
10-09 10:20:16.348986  1375  1534 I input_focus: [Focus leaving b46082a com.transsion.XOSLauncher/com.android.quickstep.src.com.android.launcher3.uioverrides.QuickstepLauncher (server),reason=Waiting for window because NO_WINDOW]
10-09 10:20:16.372300  1375  1534 I input_focus: [Focus entering 7560a com.transsion.XOSLauncher/com.android.quickstep.src.com.android.launcher3.uioverrides.QuickstepLauncher (server),reason=Window became focusable. Previous reason: NOT_VISIBLE]
10-09 10:20:18.324849  1375  1534 I input_interaction: Interaction with: 7560a com.transsion.XOSLauncher/com.android.quickstep.src.com.android.launcher3.uioverrides.QuickstepLauncher (server), [Gesture Monitor] tran_gesture_service_damon (server), [Gesture Monitor] tran_gesture_service (server), PointerEventDispatcher0 (server), 
10-09 10:20:21.335203  1375  1400 I input_focus: [Focus request b46082a com.transsion.XOSLauncher/com.android.quickstep.src.com.android.launcher3.uioverrides.QuickstepLauncher,reason=UpdateInputWindows]
10-09 10:20:21.362489  1375  1534 I input_focus: [Focus entering b46082a com.transsion.XOSLauncher/com.android.quickstep.src.com.android.launcher3.uioverrides.QuickstepLauncher (server),reason=setFocusedWindow]
10-09 10:20:21.378045  1375  3667 I dvm_lock_sample: [system_server,1,binder:1375_7,33,AppWidgetServiceImpl.java,1043,boolean com.android.server.appwidget.AppWidgetServiceImpl.bindAppWidgetId(java.lang.String, int, int, android.content.ComponentName, android.os.Bundle),-,4460,void com.android.server.appwidget.AppWidgetServiceImpl$SaveStateRunnable.run(),6]
10-09 10:20:21.982333  1375  1534 I input_interaction: Interaction with: b46082a com.transsion.XOSLauncher/com.android.quickstep.src.com.android.launcher3.uioverrides.QuickstepLauncher (server), [Gesture Monitor] tran_gesture_service_damon (server), [Gesture Monitor] tran_gesture_service (server), d51d99d com.android.systemui.ImageWallpaper (server), PointerEventDispatcher0 (server), 
10-09 10:20:22.096000  1375  1375 I auditd  : type=1400 audit(0.0:1331): avc: denied { read } for comm="binder:1375_12" name="u:object_r:vendor_default_prop:s0" dev="tmpfs" ino=9871 scontext=u:r:system_server:s0 tcontext=u:object_r:vendor_default_prop:s0 tclass=file permissive=0
10-09 10:20:22.110642  1375  1400 I input_focus: [Focus request e517e0f com.transsion.XOSLauncher/com.android.quickstep.src.com.android.launcher3.uioverrides.QuickstepLauncher,reason=UpdateInputWindows]
10-09 10:20:22.129587  1375  1534 I input_focus: [Focus leaving b46082a com.transsion.XOSLauncher/com.android.quickstep.src.com.android.launcher3.uioverrides.QuickstepLauncher (server),reason=Waiting for window because NO_WINDOW]
10-09 10:20:22.166663  1375  1534 I input_focus: [Focus entering e517e0f com.transsion.XOSLauncher/com.android.quickstep.src.com.android.launcher3.uioverrides.QuickstepLauncher (server),reason=Window became focusable. Previous reason: NOT_VISIBLE]
10-09 10:20:22.721905  1375  1534 I input_interaction: Interaction with: e517e0f com.transsion.XOSLauncher/com.android.quickstep.src.com.android.launcher3.uioverrides.QuickstepLauncher (server), [Gesture Monitor] tran_gesture_service_damon (server), [Gesture Monitor] tran_gesture_service (server), PointerEventDispatcher0 (server), 
10-09 10:20:23.217147  1375  3439 I netstats_mobile_sample: [0,0,0,0,0,0,0,0,0,0,0,0,1696843223216]
10-09 10:20:23.217298  1375  3439 I netstats_wifi_sample: [0,0,0,0,0,0,0,0,0,0,0,0,1696843223216]
10-09 10:20:25.268303  1375  1400 I input_focus: [Focus request b46082a com.transsion.XOSLauncher/com.android.quickstep.src.com.android.launcher3.uioverrides.QuickstepLauncher,reason=UpdateInputWindows]
10-09 10:20:25.296022  1375  1534 I input_focus: [Focus entering b46082a com.transsion.XOSLauncher/com.android.quickstep.src.com.android.launcher3.uioverrides.QuickstepLauncher (server),reason=setFocusedWindow]
10-09 10:20:25.964728  1375  1534 I input_interaction: Interaction with: b46082a com.transsion.XOSLauncher/com.android.quickstep.src.com.android.launcher3.uioverrides.QuickstepLauncher (server), [Gesture Monitor] tran_gesture_service_damon (server), [Gesture Monitor] tran_gesture_service (server), d51d99d com.android.systemui.ImageWallpaper (server), PointerEventDispatcher0 (server), 
10-09 10:20:26.116000  1375  1375 I auditd  : type=1400 audit(0.0:1332): avc: denied { read } for comm="binder:1375_14" name="u:object_r:vendor_default_prop:s0" dev="tmpfs" ino=9871 scontext=u:r:system_server:s0 tcontext=u:object_r:vendor_default_prop:s0 tclass=file permissive=0
10-09 10:20:26.130605  1375  1400 I input_focus: [Focus request 5864553 com.transsion.XOSLauncher/com.android.quickstep.src.com.android.launcher3.uioverrides.QuickstepLauncher,reason=UpdateInputWindows]
10-09 10:20:26.146747  1375  1534 I input_focus: [Focus leaving b46082a com.transsion.XOSLauncher/com.android.quickstep.src.com.android.launcher3.uioverrides.QuickstepLauncher (server),reason=Waiting for window because NO_WINDOW]
10-09 10:20:26.182996  1375  1534 I input_focus: [Focus entering 5864553 com.transsion.XOSLauncher/com.android.quickstep.src.com.android.launcher3.uioverrides.QuickstepLauncher (server),reason=Window became focusable. Previous reason: NOT_VISIBLE]
10-09 10:20:26.602476  1375  1534 I input_interaction: Interaction with: 5864553 com.transsion.XOSLauncher/com.android.quickstep.src.com.android.launcher3.uioverrides.QuickstepLauncher (server), [Gesture Monitor] tran_gesture_service_damon (server), [Gesture Monitor] tran_gesture_service (server), PointerEventDispatcher0 (server), 
10-09 10:20:29.087926  1375  1400 I dvm_lock_sample: [system_server,1,android.anim,36,WindowSurfacePlacer.java,63,void com.android.server.wm.WindowSurfacePlacer$Traverser.run(),WindowManagerService.java,5329,com.android.server.wm.WindowState com.android.server.wm.WindowManagerService.getFocusedWindow(),7]
10-09 10:20:29.106094  1375  1400 I input_focus: [Focus request b46082a com.transsion.XOSLauncher/com.android.quickstep.src.com.android.launcher3.uioverrides.QuickstepLauncher,reason=UpdateInputWindows]
10-09 10:20:29.127003  1375  1534 I input_focus: [Focus entering b46082a com.transsion.XOSLauncher/com.android.quickstep.src.com.android.launcher3.uioverrides.QuickstepLauncher (server),reason=setFocusedWindow]
10-09 10:20:29.627156  1375  1534 I input_interaction: Interaction with: b46082a com.transsion.XOSLauncher/com.android.quickstep.src.com.android.launcher3.uioverrides.QuickstepLauncher (server), [Gesture Monitor] tran_gesture_service_damon (server), [Gesture Monitor] tran_gesture_service (server), d51d99d com.android.systemui.ImageWallpaper (server), PointerEventDispatcher0 (server), 
10-09 10:20:29.752000  1375  1375 I auditd  : type=1400 audit(0.0:1333): avc: denied { read } for comm="binder:1375_12" name="u:object_r:vendor_default_prop:s0" dev="tmpfs" ino=9871 scontext=u:r:system_server:s0 tcontext=u:object_r:vendor_default_prop:s0 tclass=file permissive=0
10-09 10:20:29.767638  1375  1400 I input_focus: [Focus request 844b905 com.transsion.XOSLauncher/com.android.quickstep.src.com.android.launcher3.uioverrides.QuickstepLauncher,reason=UpdateInputWindows]
10-09 10:20:29.789138  1375  1534 I input_focus: [Focus leaving b46082a com.transsion.XOSLauncher/com.android.quickstep.src.com.android.launcher3.uioverrides.QuickstepLauncher (server),reason=Waiting for window because NOT_VISIBLE]
10-09 10:20:29.813636  1375  1534 I input_focus: [Focus entering 844b905 com.transsion.XOSLauncher/com.android.quickstep.src.com.android.launcher3.uioverrides.QuickstepLauncher (server),reason=Window became focusable. Previous reason: NOT_VISIBLE]
10-09 10:20:30.301211  1375  1534 I input_interaction: Interaction with: 844b905 com.transsion.XOSLauncher/com.android.quickstep.src.com.android.launcher3.uioverrides.QuickstepLauncher (server), [Gesture Monitor] tran_gesture_service_damon (server), [Gesture Monitor] tran_gesture_service (server), PointerEventDispatcher0 (server), 
10-09 10:20:32.642985  1375  1400 I input_focus: [Focus request b46082a com.transsion.XOSLauncher/com.android.quickstep.src.com.android.launcher3.uioverrides.QuickstepLauncher,reason=UpdateInputWindows]
10-09 10:20:32.676528  1375  1534 I input_focus: [Focus entering b46082a com.transsion.XOSLauncher/com.android.quickstep.src.com.android.launcher3.uioverrides.QuickstepLauncher (server),reason=setFocusedWindow]
10-09 10:20:33.405250  1375  1534 I input_interaction: Interaction with: b46082a com.transsion.XOSLauncher/com.android.quickstep.src.com.android.launcher3.uioverrides.QuickstepLauncher (server), [Gesture Monitor] tran_gesture_service_damon (server), [Gesture Monitor] tran_gesture_service (server), d51d99d com.android.systemui.ImageWallpaper (server), PointerEventDispatcher0 (server), 
10-09 10:20:33.528000  1375  1375 I auditd  : type=1400 audit(0.0:1334): avc: denied { read } for comm="binder:1375_5" name="u:object_r:vendor_default_prop:s0" dev="tmpfs" ino=9871 scontext=u:r:system_server:s0 tcontext=u:object_r:vendor_default_prop:s0 tclass=file permissive=0
10-09 10:20:33.586561  1375  1534 I input_focus: [Focus entering f809e1f com.transsion.XOSLauncher/com.android.quickstep.src.com.android.launcher3.uioverrides.QuickstepLauncher (server),reason=Window became focusable. Previous reason: NOT_VISIBLE]
10-09 10:20:34.053798  1375  1534 I input_interaction: Interaction with: f809e1f com.transsion.XOSLauncher/com.android.quickstep.src.com.android.launcher3.uioverrides.QuickstepLauncher (server), [Gesture Monitor] tran_gesture_service_damon (server), [Gesture Monitor] tran_gesture_service (server), PointerEventDispatcher0 (server), 
10-09 10:20:36.732776  1375  1400 I input_focus: [Focus request b46082a com.transsion.XOSLauncher/com.android.quickstep.src.com.android.launcher3.uioverrides.QuickstepLauncher,reason=UpdateInputWindows]
10-09 10:20:36.760554  1375  1534 I input_focus: [Focus entering b46082a com.transsion.XOSLauncher/com.android.quickstep.src.com.android.launcher3.uioverrides.QuickstepLauncher (server),reason=setFocusedWindow]
10-09 10:20:37.083358  1375  1534 I input_interaction: Interaction with: b46082a com.transsion.XOSLauncher/com.android.quickstep.src.com.android.launcher3.uioverrides.QuickstepLauncher (server), [Gesture Monitor] tran_gesture_service_damon (server), [Gesture Monitor] tran_gesture_service (server), d51d99d com.android.systemui.ImageWallpaper (server), PointerEventDispatcher0 (server), 
10-09 10:20:37.224000  1375  1375 I auditd  : type=1400 audit(0.0:1335): avc: denied { read } for comm="binder:1375_1F" name="u:object_r:vendor_default_prop:s0" dev="tmpfs" ino=9871 scontext=u:r:system_server:s0 tcontext=u:object_r:vendor_default_prop:s0 tclass=file permissive=0
10-09 10:20:37.234291  1375  1400 I input_focus: [Focus request fde3a9 com.transsion.XOSLauncher/com.android.quickstep.src.com.android.launcher3.uioverrides.QuickstepLauncher,reason=UpdateInputWindows]
10-09 10:20:37.269517  1375  1534 I input_focus: [Focus leaving b46082a com.transsion.XOSLauncher/com.android.quickstep.src.com.android.launcher3.uioverrides.QuickstepLauncher (server),reason=Waiting for window because NO_WINDOW]
10-09 10:20:37.279842  1375  1534 I input_focus: [Focus entering fde3a9 com.transsion.XOSLauncher/com.android.quickstep.src.com.android.launcher3.uioverrides.QuickstepLauncher (server),reason=Window became focusable. Previous reason: NOT_VISIBLE]
10-09 10:20:37.331631  3924 14008 I dvm_lock_sample: [com.transsion.XOSLauncher,0,pool-2-thread-7,10,ProGuard,-1,android.graphics.Bitmap com.transsion.uiengine.theme.plugin.NormalXTheme.getThirdAppIcon(android.graphics.Bitmap, android.content.ComponentName, boolean, android.os.UserHandle),-,73,android.graphics.Bitmap com.transsion.uiengine.theme.plugin.NormalXTheme.getThirdAppIcon(android.graphics.Bitmap, android.content.ComponentName, boolean, android.os.UserHandle),2]
10-09 10:20:37.891597  1375  1534 I input_interaction: Interaction with: fde3a9 com.transsion.XOSLauncher/com.android.quickstep.src.com.android.launcher3.uioverrides.QuickstepLauncher (server), [Gesture Monitor] tran_gesture_service_damon (server), [Gesture Monitor] tran_gesture_service (server), PointerEventDispatcher0 (server), 
10-09 10:20:59.329329  1375  1400 I input_focus: [Focus request b46082a com.transsion.XOSLauncher/com.android.quickstep.src.com.android.launcher3.uioverrides.QuickstepLauncher,reason=UpdateInputWindows]
10-09 10:20:59.354592  1375  1534 I input_focus: [Focus entering b46082a com.transsion.XOSLauncher/com.android.quickstep.src.com.android.launcher3.uioverrides.QuickstepLauncher (server),reason=setFocusedWindow]
10-09 10:20:59.401205  1375  1409 I am_pss  : [3924,10178,com.transsion.XOSLauncher,225824768,206029824,731136,342451200,0,2,24]
10-09 10:21:00.049858  1375  1534 I input_interaction: Interaction with: b46082a com.transsion.XOSLauncher/com.android.quickstep.src.com.android.launcher3.uioverrides.QuickstepLauncher (server), [Gesture Monitor] tran_gesture_service_damon (server), [Gesture Monitor] tran_gesture_service (server), d51d99d com.android.systemui.ImageWallpaper (server), PointerEventDispatcher0 (server), 
10-09 10:21:00.196000  1375  1375 I auditd  : type=1400 audit(0.0:1336): avc: denied { read } for comm="binder:1375_12" name="u:object_r:vendor_default_prop:s0" dev="tmpfs" ino=9871 scontext=u:r:system_server:s0 tcontext=u:object_r:vendor_default_prop:s0 tclass=file permissive=0
10-09 10:21:00.212492  1375  1400 I input_focus: [Focus request efb585a com.transsion.XOSLauncher/com.android.quickstep.src.com.android.launcher3.uioverrides.QuickstepLauncher,reason=UpdateInputWindows]
10-09 10:21:00.233382  1375  1534 I input_focus: [Focus leaving b46082a com.transsion.XOSLauncher/com.android.quickstep.src.com.android.launcher3.uioverrides.QuickstepLauncher (server),reason=Waiting for window because NOT_VISIBLE]
10-09 10:21:00.262686  1375  1534 I input_focus: [Focus entering efb585a com.transsion.XOSLauncher/com.android.quickstep.src.com.android.launcher3.uioverrides.QuickstepLauncher (server),reason=Window became focusable. Previous reason: NOT_VISIBLE]
10-09 10:21:00.757318  1375  1534 I input_interaction: Interaction with: efb585a com.transsion.XOSLauncher/com.android.quickstep.src.com.android.launcher3.uioverrides.QuickstepLauncher (server), [Gesture Monitor] tran_gesture_service_damon (server), [Gesture Monitor] tran_gesture_service (server), PointerEventDispatcher0 (server), 
10-09 10:21:03.691724  1375  1400 I input_focus: [Focus request b46082a com.transsion.XOSLauncher/com.android.quickstep.src.com.android.launcher3.uioverrides.QuickstepLauncher,reason=UpdateInputWindows]
10-09 10:21:03.721560  1375  1534 I input_focus: [Focus entering b46082a com.transsion.XOSLauncher/com.android.quickstep.src.com.android.launcher3.uioverrides.QuickstepLauncher (server),reason=setFocusedWindow]
10-09 10:21:04.707101  1375  1534 I input_interaction: Interaction with: b46082a com.transsion.XOSLauncher/com.android.quickstep.src.com.android.launcher3.uioverrides.QuickstepLauncher (server), [Gesture Monitor] tran_gesture_service_damon (server), [Gesture Monitor] tran_gesture_service (server), d51d99d com.android.systemui.ImageWallpaper (server), PointerEventDispatcher0 (server), 
10-09 10:21:04.860000  1375  1375 I auditd  : type=1400 audit(0.0:1337): avc: denied { read } for comm="binder:1375_13" name="u:object_r:vendor_default_prop:s0" dev="tmpfs" ino=9871 scontext=u:r:system_server:s0 tcontext=u:object_r:vendor_default_prop:s0 tclass=file permissive=0
10-09 10:21:04.875335  1375  1400 I input_focus: [Focus request c68d196 com.transsion.XOSLauncher/com.android.quickstep.src.com.android.launcher3.uioverrides.QuickstepLauncher,reason=UpdateInputWindows]
10-09 10:21:04.900247  1375  1534 I input_focus: [Focus leaving b46082a com.transsion.XOSLauncher/com.android.quickstep.src.com.android.launcher3.uioverrides.QuickstepLauncher (server),reason=Waiting for window because NO_WINDOW]
10-09 10:21:04.936489  1375  1534 I input_focus: [Focus entering c68d196 com.transsion.XOSLauncher/com.android.quickstep.src.com.android.launcher3.uioverrides.QuickstepLauncher (server),reason=Window became focusable. Previous reason: NOT_VISIBLE]
10-09 10:21:05.480297  1375  1534 I input_interaction: Interaction with: c68d196 com.transsion.XOSLauncher/com.android.quickstep.src.com.android.launcher3.uioverrides.QuickstepLauncher (server), [Gesture Monitor] tran_gesture_service_damon (server), [Gesture Monitor] tran_gesture_service (server), PointerEventDispatcher0 (server), 
10-09 10:21:09.173742  1375  1400 I input_focus: [Focus request b46082a com.transsion.XOSLauncher/com.android.quickstep.src.com.android.launcher3.uioverrides.QuickstepLauncher,reason=UpdateInputWindows]
10-09 10:21:09.203243  1375  1534 I input_focus: [Focus entering b46082a com.transsion.XOSLauncher/com.android.quickstep.src.com.android.launcher3.uioverrides.QuickstepLauncher (server),reason=setFocusedWindow]
10-09 10:21:09.948564  1375  1534 I input_interaction: Interaction with: b46082a com.transsion.XOSLauncher/com.android.quickstep.src.com.android.launcher3.uioverrides.QuickstepLauncher (server), [Gesture Monitor] tran_gesture_service_damon (server), [Gesture Monitor] tran_gesture_service (server), d51d99d com.android.systemui.ImageWallpaper (server), PointerEventDispatcher0 (server), 
10-09 10:21:10.068000  1375  1375 I auditd  : type=1400 audit(0.0:1338): avc: denied { read } for comm="binder:1375_20" name="u:object_r:vendor_default_prop:s0" dev="tmpfs" ino=9871 scontext=u:r:system_server:s0 tcontext=u:object_r:vendor_default_prop:s0 tclass=file permissive=0
10-09 10:21:10.082535  1375  1400 I input_focus: [Focus request a995d5c com.transsion.XOSLauncher/com.android.quickstep.src.com.android.launcher3.uioverrides.QuickstepLauncher,reason=UpdateInputWindows]
10-09 10:21:10.098575  1375  1534 I input_focus: [Focus leaving b46082a com.transsion.XOSLauncher/com.android.quickstep.src.com.android.launcher3.uioverrides.QuickstepLauncher (server),reason=Waiting for window because NO_WINDOW]
10-09 10:21:10.132618  1375  1534 I input_focus: [Focus entering a995d5c com.transsion.XOSLauncher/com.android.quickstep.src.com.android.launcher3.uioverrides.QuickstepLauncher (server),reason=Window became focusable. Previous reason: NOT_VISIBLE]
10-09 10:21:10.703657  1375  1534 I input_interaction: Interaction with: a995d5c com.transsion.XOSLauncher/com.android.quickstep.src.com.android.launcher3.uioverrides.QuickstepLauncher (server), [Gesture Monitor] tran_gesture_service_damon (server), [Gesture Monitor] tran_gesture_service (server), PointerEventDispatcher0 (server), 
10-09 10:21:14.919464  1375  1400 I input_focus: [Focus request b46082a com.transsion.XOSLauncher/com.android.quickstep.src.com.android.launcher3.uioverrides.QuickstepLauncher,reason=UpdateInputWindows]
10-09 10:21:14.943834  1375  1534 I input_focus: [Focus entering b46082a com.transsion.XOSLauncher/com.android.quickstep.src.com.android.launcher3.uioverrides.QuickstepLauncher (server),reason=setFocusedWindow]
10-09 10:21:15.405187  1375  1534 I input_interaction: Interaction with: b46082a com.transsion.XOSLauncher/com.android.quickstep.src.com.android.launcher3.uioverrides.QuickstepLauncher (server), [Gesture Monitor] tran_gesture_service_damon (server), [Gesture Monitor] tran_gesture_service (server), d51d99d com.android.systemui.ImageWallpaper (server), PointerEventDispatcher0 (server), 
10-09 10:21:15.556000  1375  1375 I auditd  : type=1400 audit(0.0:1339): avc: denied { read } for comm="binder:1375_12" name="u:object_r:vendor_default_prop:s0" dev="tmpfs" ino=9871 scontext=u:r:system_server:s0 tcontext=u:object_r:vendor_default_prop:s0 tclass=file permissive=0
10-09 10:21:15.564606  1375  1400 I input_focus: [Focus request 6d0739b com.transsion.XOSLauncher/com.android.quickstep.src.com.android.launcher3.uioverrides.QuickstepLauncher,reason=UpdateInputWindows]
10-09 10:21:15.589044  1375  1534 I input_focus: [Focus leaving b46082a com.transsion.XOSLauncher/com.android.quickstep.src.com.android.launcher3.uioverrides.QuickstepLauncher (server),reason=Waiting for window because NO_WINDOW]
10-09 10:21:15.602325  1375  1534 I input_focus: [Focus entering 6d0739b com.transsion.XOSLauncher/com.android.quickstep.src.com.android.launcher3.uioverrides.QuickstepLauncher (server),reason=Window became focusable. Previous reason: NOT_VISIBLE]
10-09 10:21:16.091768  1375  1534 I input_interaction: Interaction with: 6d0739b com.transsion.XOSLauncher/com.android.quickstep.src.com.android.launcher3.uioverrides.QuickstepLauncher (server), [Gesture Monitor] tran_gesture_service_damon (server), [Gesture Monitor] tran_gesture_service (server), PointerEventDispatcher0 (server), 
10-09 10:21:18.852986  1375  1400 I input_focus: [Focus request b46082a com.transsion.XOSLauncher/com.android.quickstep.src.com.android.launcher3.uioverrides.QuickstepLauncher,reason=UpdateInputWindows]
10-09 10:21:18.873861  1375  1534 I input_focus: [Focus entering b46082a com.transsion.XOSLauncher/com.android.quickstep.src.com.android.launcher3.uioverrides.QuickstepLauncher (server),reason=setFocusedWindow]
10-09 10:21:19.382315  1375  1534 I input_interaction: Interaction with: b46082a com.transsion.XOSLauncher/com.android.quickstep.src.com.android.launcher3.uioverrides.QuickstepLauncher (server), [Gesture Monitor] tran_gesture_service_damon (server), [Gesture Monitor] tran_gesture_service (server), d51d99d com.android.systemui.ImageWallpaper (server), PointerEventDispatcher0 (server), 
10-09 10:21:19.468000  1375  1375 I auditd  : type=1400 audit(0.0:1340): avc: denied { read } for comm="binder:1375_5" name="u:object_r:vendor_default_prop:s0" dev="tmpfs" ino=9871 scontext=u:r:system_server:s0 tcontext=u:object_r:vendor_default_prop:s0 tclass=file permissive=0
10-09 10:21:19.483247  1375  1400 I input_focus: [Focus request 707ca1a com.transsion.XOSLauncher/com.android.quickstep.src.com.android.launcher3.uioverrides.QuickstepLauncher,reason=UpdateInputWindows]
10-09 10:21:19.497870  1375  1534 I input_focus: [Focus leaving b46082a com.transsion.XOSLauncher/com.android.quickstep.src.com.android.launcher3.uioverrides.QuickstepLauncher (server),reason=Waiting for window because NO_WINDOW]
10-09 10:21:19.524294  1375  1534 I input_focus: [Focus entering 707ca1a com.transsion.XOSLauncher/com.android.quickstep.src.com.android.launcher3.uioverrides.QuickstepLauncher (server),reason=Window became focusable. Previous reason: NOT_VISIBLE]
10-09 10:21:20.079615  1375  1534 I input_interaction: Interaction with: 707ca1a com.transsion.XOSLauncher/com.android.quickstep.src.com.android.launcher3.uioverrides.QuickstepLauncher (server), [Gesture Monitor] tran_gesture_service_damon (server), [Gesture Monitor] tran_gesture_service (server), PointerEventDispatcher0 (server), 
10-09 10:21:22.959979  1375  1400 I input_focus: [Focus request b46082a com.transsion.XOSLauncher/com.android.quickstep.src.com.android.launcher3.uioverrides.QuickstepLauncher,reason=UpdateInputWindows]
10-09 10:21:22.984480  1375  1534 I input_focus: [Focus entering b46082a com.transsion.XOSLauncher/com.android.quickstep.src.com.android.launcher3.uioverrides.QuickstepLauncher (server),reason=setFocusedWindow]
10-09 10:21:23.601573  1375  1534 I input_interaction: Interaction with: b46082a com.transsion.XOSLauncher/com.android.quickstep.src.com.android.launcher3.uioverrides.QuickstepLauncher (server), [Gesture Monitor] tran_gesture_service_damon (server), [Gesture Monitor] tran_gesture_service (server), d51d99d com.android.systemui.ImageWallpaper (server), PointerEventDispatcher0 (server), 
10-09 10:21:23.748000  1375  1375 I auditd  : type=1400 audit(0.0:1341): avc: denied { read } for comm="binder:1375_20" name="u:object_r:vendor_default_prop:s0" dev="tmpfs" ino=9871 scontext=u:r:system_server:s0 tcontext=u:object_r:vendor_default_prop:s0 tclass=file permissive=0
10-09 10:21:23.767754  1375  1400 I input_focus: [Focus request fed4f56 com.transsion.XOSLauncher/com.android.quickstep.src.com.android.launcher3.uioverrides.QuickstepLauncher,reason=UpdateInputWindows]
10-09 10:21:23.785784  1375  1534 I input_focus: [Focus leaving b46082a com.transsion.XOSLauncher/com.android.quickstep.src.com.android.launcher3.uioverrides.QuickstepLauncher (server),reason=Waiting for window because NOT_VISIBLE]
10-09 10:21:23.809629  1375  1534 I input_focus: [Focus entering fed4f56 com.transsion.XOSLauncher/com.android.quickstep.src.com.android.launcher3.uioverrides.QuickstepLauncher (server),reason=Window became focusable. Previous reason: NOT_VISIBLE]
10-09 10:21:24.264054  1375  1534 I input_interaction: Interaction with: fed4f56 com.transsion.XOSLauncher/com.android.quickstep.src.com.android.launcher3.uioverrides.QuickstepLauncher (server), [Gesture Monitor] tran_gesture_service_damon (server), [Gesture Monitor] tran_gesture_service (server), PointerEventDispatcher0 (server), 
10-09 10:21:26.513898  1375  1400 I input_focus: [Focus request b46082a com.transsion.XOSLauncher/com.android.quickstep.src.com.android.launcher3.uioverrides.QuickstepLauncher,reason=UpdateInputWindows]
10-09 10:21:26.543285  1375  1534 I input_focus: [Focus entering b46082a com.transsion.XOSLauncher/com.android.quickstep.src.com.android.launcher3.uioverrides.QuickstepLauncher (server),reason=setFocusedWindow]
10-09 10:21:26.973915  1375  1534 I input_interaction: Interaction with: b46082a com.transsion.XOSLauncher/com.android.quickstep.src.com.android.launcher3.uioverrides.QuickstepLauncher (server), [Gesture Monitor] tran_gesture_service_damon (server), [Gesture Monitor] tran_gesture_service (server), d51d99d com.android.systemui.ImageWallpaper (server), PointerEventDispatcher0 (server), 
10-09 10:21:27.128000  1375  1375 I auditd  : type=1400 audit(0.0:1342): avc: denied { read } for comm="binder:1375_5" name="u:object_r:vendor_default_prop:s0" dev="tmpfs" ino=9871 scontext=u:r:system_server:s0 tcontext=u:object_r:vendor_default_prop:s0 tclass=file permissive=0
10-09 10:21:27.140793  1375  1400 I input_focus: [Focus request 4803e9e com.transsion.XOSLauncher/com.android.quickstep.src.com.android.launcher3.uioverrides.QuickstepLauncher,reason=UpdateInputWindows]
10-09 10:21:27.159196  1375  1534 I input_focus: [Focus leaving b46082a com.transsion.XOSLauncher/com.android.quickstep.src.com.android.launcher3.uioverrides.QuickstepLauncher (server),reason=Waiting for window because NOT_VISIBLE]
10-09 10:21:27.180895  1375  1534 I input_focus: [Focus entering 4803e9e com.transsion.XOSLauncher/com.android.quickstep.src.com.android.launcher3.uioverrides.QuickstepLauncher (server),reason=Window became focusable. Previous reason: NOT_VISIBLE]
10-09 10:21:28.017932  1375  1534 I input_interaction: Interaction with: 4803e9e com.transsion.XOSLauncher/com.android.quickstep.src.com.android.launcher3.uioverrides.QuickstepLauncher (server), [Gesture Monitor] tran_gesture_service_damon (server), [Gesture Monitor] tran_gesture_service (server), PointerEventDispatcher0 (server), 
